Archive member included to satisfy reference by file (symbol)

C:/ST/STM32CubeIDE_1.16.0/STM32CubeIDE/plugins/com.st.stm32cube.ide.mcu.externaltools.gnu-tools-for-stm32.12.3.rel1.win32_1.0.200.202406191623/tools/bin/../lib/gcc/arm-none-eabi/12.3.1/../../../../arm-none-eabi/lib/thumb/v7e-m+fp/hard\libc_nano.a(libc_a-exit.o)
                              C:/ST/STM32CubeIDE_1.16.0/STM32CubeIDE/plugins/com.st.stm32cube.ide.mcu.externaltools.gnu-tools-for-stm32.12.3.rel1.win32_1.0.200.202406191623/tools/bin/../lib/gcc/arm-none-eabi/12.3.1/../../../../arm-none-eabi/lib/thumb/v7e-m+fp/hard/crt0.o (exit)
C:/ST/STM32CubeIDE_1.16.0/STM32CubeIDE/plugins/com.st.stm32cube.ide.mcu.externaltools.gnu-tools-for-stm32.12.3.rel1.win32_1.0.200.202406191623/tools/bin/../lib/gcc/arm-none-eabi/12.3.1/../../../../arm-none-eabi/lib/thumb/v7e-m+fp/hard\libc_nano.a(libc_a-findfp.o)
                              C:/ST/STM32CubeIDE_1.16.0/STM32CubeIDE/plugins/com.st.stm32cube.ide.mcu.externaltools.gnu-tools-for-stm32.12.3.rel1.win32_1.0.200.202406191623/tools/bin/../lib/gcc/arm-none-eabi/12.3.1/../../../../arm-none-eabi/lib/thumb/v7e-m+fp/hard\libc_nano.a(libc_a-exit.o) (__stdio_exit_handler)
C:/ST/STM32CubeIDE_1.16.0/STM32CubeIDE/plugins/com.st.stm32cube.ide.mcu.externaltools.gnu-tools-for-stm32.12.3.rel1.win32_1.0.200.202406191623/tools/bin/../lib/gcc/arm-none-eabi/12.3.1/../../../../arm-none-eabi/lib/thumb/v7e-m+fp/hard\libc_nano.a(libc_a-fwalk.o)
                              C:/ST/STM32CubeIDE_1.16.0/STM32CubeIDE/plugins/com.st.stm32cube.ide.mcu.externaltools.gnu-tools-for-stm32.12.3.rel1.win32_1.0.200.202406191623/tools/bin/../lib/gcc/arm-none-eabi/12.3.1/../../../../arm-none-eabi/lib/thumb/v7e-m+fp/hard\libc_nano.a(libc_a-findfp.o) (_fwalk_sglue)
C:/ST/STM32CubeIDE_1.16.0/STM32CubeIDE/plugins/com.st.stm32cube.ide.mcu.externaltools.gnu-tools-for-stm32.12.3.rel1.win32_1.0.200.202406191623/tools/bin/../lib/gcc/arm-none-eabi/12.3.1/../../../../arm-none-eabi/lib/thumb/v7e-m+fp/hard\libc_nano.a(libc_a-printf.o)
                              ./Core/Src/ApplicationCode.o (printf)
C:/ST/STM32CubeIDE_1.16.0/STM32CubeIDE/plugins/com.st.stm32cube.ide.mcu.externaltools.gnu-tools-for-stm32.12.3.rel1.win32_1.0.200.202406191623/tools/bin/../lib/gcc/arm-none-eabi/12.3.1/../../../../arm-none-eabi/lib/thumb/v7e-m+fp/hard\libc_nano.a(libc_a-puts.o)
                              ./Core/Src/ApplicationCode.o (puts)
C:/ST/STM32CubeIDE_1.16.0/STM32CubeIDE/plugins/com.st.stm32cube.ide.mcu.externaltools.gnu-tools-for-stm32.12.3.rel1.win32_1.0.200.202406191623/tools/bin/../lib/gcc/arm-none-eabi/12.3.1/../../../../arm-none-eabi/lib/thumb/v7e-m+fp/hard\libc_nano.a(libc_a-stdio.o)
                              C:/ST/STM32CubeIDE_1.16.0/STM32CubeIDE/plugins/com.st.stm32cube.ide.mcu.externaltools.gnu-tools-for-stm32.12.3.rel1.win32_1.0.200.202406191623/tools/bin/../lib/gcc/arm-none-eabi/12.3.1/../../../../arm-none-eabi/lib/thumb/v7e-m+fp/hard\libc_nano.a(libc_a-findfp.o) (__sread)
C:/ST/STM32CubeIDE_1.16.0/STM32CubeIDE/plugins/com.st.stm32cube.ide.mcu.externaltools.gnu-tools-for-stm32.12.3.rel1.win32_1.0.200.202406191623/tools/bin/../lib/gcc/arm-none-eabi/12.3.1/../../../../arm-none-eabi/lib/thumb/v7e-m+fp/hard\libc_nano.a(libc_a-wbuf.o)
                              C:/ST/STM32CubeIDE_1.16.0/STM32CubeIDE/plugins/com.st.stm32cube.ide.mcu.externaltools.gnu-tools-for-stm32.12.3.rel1.win32_1.0.200.202406191623/tools/bin/../lib/gcc/arm-none-eabi/12.3.1/../../../../arm-none-eabi/lib/thumb/v7e-m+fp/hard\libc_nano.a(libc_a-puts.o) (__swbuf_r)
C:/ST/STM32CubeIDE_1.16.0/STM32CubeIDE/plugins/com.st.stm32cube.ide.mcu.externaltools.gnu-tools-for-stm32.12.3.rel1.win32_1.0.200.202406191623/tools/bin/../lib/gcc/arm-none-eabi/12.3.1/../../../../arm-none-eabi/lib/thumb/v7e-m+fp/hard\libc_nano.a(libc_a-wsetup.o)
                              C:/ST/STM32CubeIDE_1.16.0/STM32CubeIDE/plugins/com.st.stm32cube.ide.mcu.externaltools.gnu-tools-for-stm32.12.3.rel1.win32_1.0.200.202406191623/tools/bin/../lib/gcc/arm-none-eabi/12.3.1/../../../../arm-none-eabi/lib/thumb/v7e-m+fp/hard\libc_nano.a(libc_a-puts.o) (__swsetup_r)
C:/ST/STM32CubeIDE_1.16.0/STM32CubeIDE/plugins/com.st.stm32cube.ide.mcu.externaltools.gnu-tools-for-stm32.12.3.rel1.win32_1.0.200.202406191623/tools/bin/../lib/gcc/arm-none-eabi/12.3.1/../../../../arm-none-eabi/lib/thumb/v7e-m+fp/hard\libc_nano.a(libc_a-memset.o)
                              C:/ST/STM32CubeIDE_1.16.0/STM32CubeIDE/plugins/com.st.stm32cube.ide.mcu.externaltools.gnu-tools-for-stm32.12.3.rel1.win32_1.0.200.202406191623/tools/bin/../lib/gcc/arm-none-eabi/12.3.1/../../../../arm-none-eabi/lib/thumb/v7e-m+fp/hard/crt0.o (memset)
C:/ST/STM32CubeIDE_1.16.0/STM32CubeIDE/plugins/com.st.stm32cube.ide.mcu.externaltools.gnu-tools-for-stm32.12.3.rel1.win32_1.0.200.202406191623/tools/bin/../lib/gcc/arm-none-eabi/12.3.1/../../../../arm-none-eabi/lib/thumb/v7e-m+fp/hard\libc_nano.a(libc_a-closer.o)
[...]
Memory Configuration

Name             Origin             Length             Attributes
CCMRAM           0x10000000         0x00010000         xrw
RAM              0x20000000         0x00030000         xrw
FLASH            0x08000000         0x00200000         xr
*default*        0x00000000         0xffffffff

Linker script and memory map

LOAD C:/ST/STM32CubeIDE_1.16.0/STM32CubeIDE/plugins/com.st.stm32cube.ide.mcu.externaltools.gnu-tools-for-stm32.12.3.rel1.win32_1.0.200.202406191623/tools/bin/../lib/gcc/arm-none-eabi/12.3.1/thumb/v7e-m+fp/hard/crti.o
LOAD C:/ST/STM32CubeIDE_1.16.0/STM32CubeIDE/plugins/com.st.stm32cube.ide.mcu.externaltools.gnu-tools-for-stm32.12.3.rel1.win32_1.0.200.202406191623/tools/bin/../lib/gcc/arm-none-eabi/12.3.1/thumb/v7e-m+fp/hard/crtbegin.o
LOAD C:/ST/STM32CubeIDE_1.16.0/STM32CubeIDE/plugins/com.st.stm32cube.ide.mcu.externaltools.gnu-tools-for-stm32.12.3.rel1.win32_1.0.200.202406191623/tools/bin/../lib/gcc/arm-none-eabi/12.3.1/../../../../arm-none-eabi/lib/thumb/v7e-m+fp/hard/crt0.o
LOAD ./Core/Src/ApplicationCode.o
LOAD ./Core/Src/Button_Driver.o
LOAD ./Core/Src/I2C3.o
LOAD ./Core/Src/InterruptControl.o
LOAD ./Core/Src/LCD_Driver.o
LOAD ./Core/Src/RNG.o
LOAD ./Core/Src/Scheduler.o
LOAD ./Core/Src/Timer_Driver.o
LOAD ./Core/Src/fonts.o
LOAD ./Core/Src/ili9341.o
LOAD ./Core/Src/main.o
LOAD ./Core/Src/stm32f4xx_hal_msp.o
LOAD ./Core/Src/stm32f4xx_it.o
LOAD ./Core/Src/stmpe811.o
LOAD ./Core/Src/syscalls.o
LOAD ./Core/Src/sysmem.o
LOAD ./Core/Src/system_stm32f4xx.o
LOAD ./Core/Startup/startup_stm32f429zitx.o
LOAD ./Drivers/STM32F4xx_HAL_Driver/Src/stm32f4xx_hal.o
LOAD ./Drivers/STM32F4xx_HAL_Driver/Src/stm32f4xx_hal_cortex.o
LOAD ./Drivers/STM32F4xx_HAL_Driver/Src/stm32f4xx_hal_dma.o
LOAD ./Drivers/STM32F4xx_HAL_Driver/Src/stm32f4xx_hal_dma_ex.o
LOAD ./Drivers/STM32F4xx_HAL_Driver/Src/stm32f4xx_hal_dsi.o
LOAD ./Drivers/STM32F4xx_HAL_Driver/Src/stm32f4xx_hal_exti.o
LOAD ./Drivers/STM32F4xx_HAL_Driver/Src/stm32f4xx_hal_flash.o
LOAD ./Drivers/STM32F4xx_HAL_Driver/Src/stm32f4xx_hal_flash_ex.o
LOAD ./Drivers/STM32F4xx_HAL_Driver/Src/stm32f4xx_hal_flash_ramfunc.o
LOAD ./Drivers/STM32F4xx_HAL_Driver/Src/stm32f4xx_hal_gpio.o
LOAD ./Drivers/STM32F4xx_HAL_Driver/Src/stm32f4xx_hal_i2c.o
LOAD ./Drivers/STM32F4xx_HAL_Driver/Src/stm32f4xx_hal_i2c_ex.o
LOAD ./Drivers/STM32F4xx_HAL_Driver/Src/stm32f4xx_hal_ltdc.o
LOAD ./Drivers/STM32F4xx_HAL_Driver/Src/stm32f4xx_hal_ltdc_ex.o
LOAD ./Drivers/STM32F4xx_HAL_Driver/Src/stm32f4xx_hal_pwr.o
LOAD ./Drivers/STM32F4xx_HAL_Driver/Src/stm32f4xx_hal_pwr_ex.o
LOAD ./Drivers/STM32F4xx_HAL_Driver/Src/stm32f4xx_hal_rcc.o
LOAD ./Drivers/STM32F4xx_HAL_Driver/Src/stm32f4xx_hal_rcc_ex.o
LOAD ./Drivers/STM32F4xx_HAL_Driver/Src/stm32f4xx_hal_rng.o
LOAD ./Drivers/STM32F4xx_HAL_Driver/Src/stm32f4xx_hal_spi.o
LOAD ./Drivers/STM32F4xx_HAL_Driver/Src/stm32f4xx_hal_tim.o
LOAD ./Drivers/STM32F4xx_HAL_Driver/Src/stm32f4xx_hal_tim_ex.o
START GROUP
LOAD C:/ST/STM32CubeIDE_1.16.0/STM32CubeIDE/plugins/com.st.stm32cube.ide.mcu.externaltools.gnu-tools-for-stm32.12.3.rel1.win32_1.0.200.202406191623/tools/bin/../lib/gcc/arm-none-eabi/12.3.1/../../../../arm-none-eabi/lib/thumb/v7e-m+fp/hard\libc_nano.a
LOAD C:/ST/STM32CubeIDE_1.16.0/STM32CubeIDE/plugins/com.st.stm32cube.ide.mcu.externaltools.gnu-tools-for-stm32.12.3.rel1.win32_1.0.200.202406191623/tools/bin/../lib/gcc/arm-none-eabi/12.3.1/../../../../arm-none-eabi/lib/thumb/v7e-m+fp/hard\libm.a
END GROUP
START GROUP
LOAD C:/ST/STM32CubeIDE_1.16.0/STM32CubeIDE/plugins/com.st.stm32cube.ide.mcu.externaltools.gnu-tools-for-stm32.12.3.rel1.win32_1.0.200.202406191623/tools/bin/../lib/gcc/arm-none-eabi/12.3.1/thumb/v7e-m+fp/hard\libgcc.a
LOAD C:/ST/STM32CubeIDE_1.16.0/STM32CubeIDE/plugins/com.st.stm32cube.ide.mcu.externaltools.gnu-tools-for-stm32.12.3.rel1.win32_1.0.200.202406191623/tools/bin/../lib/gcc/arm-none-eabi/12.3.1/../../../../arm-none-eabi/lib/thumb/v7e-m+fp/hard\libc_nano.a
END GROUP
START GROUP
LOAD C:/ST/STM32CubeIDE_1.16.0/STM32CubeIDE/plugins/com.st.stm32cube.ide.mcu.externaltools.gnu-tools-for-stm32.12.3.rel1.win32_1.0.200.202406191623/tools/bin/../lib/gcc/arm-none-eabi/12.3.1/thumb/v7e-m+fp/hard\libgcc.a
LOAD C:/ST/STM32CubeIDE_1.16.0/STM32CubeIDE/plugins/com.st.stm32cube.ide.mcu.externaltools.gnu-tools-for-stm32.12.3.rel1.win32_1.0.200.202406191623/tools/bin/../lib/gcc/arm-none-eabi/12.3.1/../../../../arm-none-eabi/lib/thumb/v7e-m+fp/hard\libc_nano.a
LOAD C:/ST/STM32CubeIDE_1.16.0/STM32CubeIDE/plugins/com.st.stm32cube.ide.mcu.externaltools.gnu-tools-for-stm32.12.3.rel1.win32_1.0.200.202406191623/tools/bin/../lib/gcc/arm-none-eabi/12.3.1/../../../../arm-none-eabi/lib/thumb/v7e-m+fp/hard\libnosys.a
END GROUP
START GROUP
LOAD C:/ST/STM32CubeIDE_1.16.0/STM32CubeIDE/plugins/com.st.stm32cube.ide.mcu.externaltools.gnu-tools-for-stm32.12.3.rel1.win32_1.0.200.202406191623/tools/bin/../lib/gcc/arm-none-eabi/12.3.1/thumb/v7e-m+fp/hard\libgcc.a
LOAD C:/ST/STM32CubeIDE_1.16.0/STM32CubeIDE/plugins/com.st.stm32cube.ide.mcu.externaltools.gnu-tools-for-stm32.12.3.rel1.win32_1.0.200.202406191623/tools/bin/../lib/gcc/arm-none-eabi/12.3.1/../../../../arm-none-eabi/lib/thumb/v7e-m+fp/hard\libc_nano.a
LOAD C:/ST/STM32CubeIDE_1.16.0/STM32CubeIDE/plugins/com.st.stm32cube.ide.mcu.externaltools.gnu-tools-for-stm32.12.3.rel1.win32_1.0.200.202406191623/tools/bin/../lib/gcc/arm-none-eabi/12.3.1/../../../../arm-none-eabi/lib/thumb/v7e-m+fp/hard\libnosys.a
END GROUP
LOAD C:/ST/STM32CubeIDE_1.16.0/STM32CubeIDE/plugins/com.st.stm32cube.ide.mcu.externaltools.gnu-tools-for-stm32.12.3.rel1.win32_1.0.200.202406191623/tools/bin/../lib/gcc/arm-none-eabi/12.3.1/thumb/v7e-m+fp/hard/crtend.o
LOAD C:/ST/STM32CubeIDE_1.16.0/STM32CubeIDE/plugins/com.st.stm32cube.ide.mcu.externaltools.gnu-tools-for-stm32.12.3.rel1.win32_1.0.200.202406191623/tools/bin/../lib/gcc/arm-none-eabi/12.3.1/thumb/v7e-m+fp/hard/crtn.o
                0x20030000                        _estack = (ORIGIN (RAM) + LENGTH (RAM))
                0x00000200                        _Min_Heap_Size = 0x200
                0x00000400                        _Min_Stack_Size = 0x400

.isr_vector     0x08000000      0x1ac
                0x08000000                        . = ALIGN (0x4)
 *(.isr_vector)
 .isr_vector    0x08000000      0x1ac ./Core/Startup/startup_stm32f429zitx.o
                0x08000000                g_pfnVectors
                0x080001ac                        . = ALIGN (0x4)

.text           0x080001b0     0x8d9c
                0x080001b0                        . = ALIGN (0x4)
 *(.text)
 .text          0x080001b0       0x40 C:/ST/STM32CubeIDE_1.16.0/STM32CubeIDE/plugins/com.st.stm32cube.ide.mcu.externaltools.gnu-tools-for-stm32.12.3.rel1.win32_1.0.200.202406191623/tools/bin/../lib/gcc/arm-none-eabi/12.3.1/thumb/v7e-m+fp/hard/crtbegin.o
 .text          0x080001f0       0xa0 C:/ST/STM32CubeIDE_1.16.0/STM32CubeIDE/plugins/com.st.stm32cube.ide.mcu.externaltools.gnu-tools-for-stm32.12.3.rel1.win32_1.0.200.202406191623/tools/bin/../lib/gcc/arm-none-eabi/12.3.1/../../../../arm-none-eabi/lib/thumb/v7e-m+fp/hard\libc_nano.a(libc_a-memchr.o)
                0x080001f0                memchr
 .text          0x08000290       0x30 C:/ST/STM32CubeIDE_1.16.0/STM32CubeIDE/plugins/com.st.stm32cube.ide.mcu.externaltools.gnu-tools-for-stm32.12.3.rel1.win32_1.0.200.202406191623/tools/bin/../lib/gcc/arm-none-eabi/12.3.1/thumb/v7e-m+fp/hard\libgcc.a(_aeabi_uldivmod.o)
                0x08000290                __aeabi_uldivmod
 .text          0x080002c0      0x2bc C:/ST/STM32CubeIDE_1.16.0/STM32CubeIDE/plugins/com.st.stm32cube.ide.mcu.externaltools.gnu-tools-for-stm32.12.3.rel1.win32_1.0.200.202406191623/tools/bin/../lib/gcc/arm-none-eabi/12.3.1/thumb/v7e-m+fp/hard\libgcc.a(_udivmoddi4.o)
                0x080002c0                __udivmoddi4
 .text          0x0800057c        0x4 C:/ST/STM32CubeIDE_1.16.0/STM32CubeIDE/plugins/com.st.stm32cube.ide.mcu.externaltools.gnu-tools-for-stm32.12.3.rel1.win32_1.0.200.202406191623/tools/bin/../lib/gcc/arm-none-eabi/12.3.1/thumb/v7e-m+fp/hard\libgcc.a(_dvmd_tls.o)
                0x0800057c                __aeabi_idiv0
                0x0800057c                __aeabi_ldiv0
 *(.text*)
 .text.ApplicationInit
                0x08000580       0x44 ./Core/Src/ApplicationCode.o
                0x08000580                ApplicationInit
 .text.TIM3_App_Start
                0x080005c4        0xc ./Core/Src/ApplicationCode.o
                0x080005c4                TIM3_App_Start
 .text.EXTI0_IRQHandler
                0x080005d0       0x24 ./Core/Src/ApplicationCode.o
                0x080005d0                EXTI0_IRQHandler
 .text.TIM3_IRQHandler
                0x080005f4       0x74 ./Core/Src/ApplicationCode.o
                0x080005f4                TIM3_IRQHandler
 .text.LCDTouchScreenInterruptGPIOInit
                0x08000668       0x7c ./Core/Src/ApplicationCode.o
                0x08000668                LCDTouchScreenInterruptGPIOInit
 .text.EXTI15_10_IRQHandler
                0x080006e4      0x100 ./Core/Src/ApplicationCode.o
                0x080006e4                EXTI15_10_IRQHandler
 .text.buttonIRQInit
                0x080007e4       0x6c ./Core/Src/Button_Driver.o
                0x080007e4                buttonIRQInit
 .text.LCD_GPIO_Init
                0x08000850      0x190 ./Core/Src/LCD_Driver.o
                0x08000850                LCD_GPIO_Init
 .text.LTCD_Layer_Init
                0x080009e0       0x80 ./Core/Src/LCD_Driver.o
                0x080009e0                LTCD_Layer_Init
 .text.LTCD__Init
                0x08000a60       0xbc ./Core/Src/LCD_Driver.o
                0x08000a60                LTCD__Init
 .text.LCD_Draw_Pixel
                0x08000b1c       0x3c ./Core/Src/LCD_Driver.o
                0x08000b1c                LCD_Draw_Pixel
 .text.LCD_Draw_Square_Fill_Border
                0x08000b58       0xe8 ./Core/Src/LCD_Driver.o
                0x08000b58                LCD_Draw_Square_Fill_Border
 .text.LCD_Erase_Square
                0x08000c40       0xf4 ./Core/Src/LCD_Driver.o
                0x08000c40                LCD_Erase_Square
 .text.LCD_Draw_Vertical_Line
                0x08000d34       0x4e ./Core/Src/LCD_Driver.o
                0x08000d34                LCD_Draw_Vertical_Line
 .text.LCD_Draw_Horizontal_Line
                0x08000d82       0x4e ./Core/Src/LCD_Driver.o
                0x08000d82                LCD_Draw_Horizontal_Line
 .text.LCD_Clear
                0x08000dd0       0x44 ./Core/Src/LCD_Driver.o
                0x08000dd0                LCD_Clear
 .text.LCD_SetTextColor
                0x08000e14       0x20 ./Core/Src/LCD_Driver.o
                0x08000e14                LCD_SetTextColor
 .text.LCD_SetFont
                0x08000e34       0x20 ./Core/Src/LCD_Driver.o
                0x08000e34                LCD_SetFont
 .text.LCD_Draw_Char
                0x08000e54       0xdc ./Core/Src/LCD_Driver.o
                0x08000e54                LCD_Draw_Char
 .text.LCD_DisplayChar
                0x08000f30       0x44 ./Core/Src/LCD_Driver.o
                0x08000f30                LCD_DisplayChar
 .text.GameInit
                0x08000f74      0x158 ./Core/Src/LCD_Driver.o
                0x08000f74                GameInit
 .text.screenReset
                0x080010cc       0x6c ./Core/Src/LCD_Driver.o
                0x080010cc                screenReset
 .text.gameOver
                0x08001138       0x98 ./Core/Src/LCD_Driver.o
                0x08001138                gameOver
 .text.drawBlockOne
                0x080011d0       0xec ./Core/Src/LCD_Driver.o
                0x080011d0                drawBlockOne
 .text.eraseBlockOne
                0x080012bc       0xe4 ./Core/Src/LCD_Driver.o
                0x080012bc                eraseBlockOne
 .text.drawBlockTwo
                0x080013a0      0x2a0 ./Core/Src/LCD_Driver.o
                0x080013a0                drawBlockTwo
 .text.eraseBlockTwo
                0x08001640      0x2a0 ./Core/Src/LCD_Driver.o
                0x08001640                eraseBlockTwo
 .text.drawBlockThree
                0x080018e0      0x2c0 ./Core/Src/LCD_Driver.o
                0x080018e0                drawBlockThree
 .text.eraseBlockThree
                0x08001ba0      0x2a0 ./Core/Src/LCD_Driver.o
                0x08001ba0                eraseBlockThree
 .text.drawBlockFour
                0x08001e40       0xc0 ./Core/Src/LCD_Driver.o
                0x08001e40                drawBlockFour
 .text.eraseBlockFour
                0x08001f00       0xb8 ./Core/Src/LCD_Driver.o
                0x08001f00                eraseBlockFour
 .text.drawBlockFive
                0x08001fb8      0x180 ./Core/Src/LCD_Driver.o
                0x08001fb8                drawBlockFive
 .text.eraseBlockFive
                0x08002138      0x170 ./Core/Src/LCD_Driver.o
                0x08002138                eraseBlockFive
 .text.drawBlockSix
                0x080022a8      0x2a4 ./Core/Src/LCD_Driver.o
                0x080022a8                drawBlockSix
 .text.eraseBlockSix
                0x0800254c      0x284 ./Core/Src/LCD_Driver.o
                0x0800254c                eraseBlockSix
 .text.drawBlockSeven
                0x080027d0      0x180 ./Core/Src/LCD_Driver.o
                0x080027d0                drawBlockSeven
 .text.eraseBlockSeven
                0x08002950      0x170 ./Core/Src/LCD_Driver.o
                0x08002950                eraseBlockSeven
 .text.drawBottomBorder
                0x08002ac0       0x54 ./Core/Src/LCD_Driver.o
                0x08002ac0                drawBottomBorder
 .text.rotateBlock
                0x08002b14      0x168 ./Core/Src/LCD_Driver.o
                0x08002b14                rotateBlock
 .text.drawCurrentBlock
                0x08002c7c       0xa8 ./Core/Src/LCD_Driver.o
                0x08002c7c                drawCurrentBlock
 .text.eraseCurrentBlock
                0x08002d24       0xa8 ./Core/Src/LCD_Driver.o
                0x08002d24                eraseCurrentBlock
 .text.updateCurrentBlock
                0x08002dcc       0x44 ./Core/Src/LCD_Driver.o
                0x08002dcc                updateCurrentBlock
 .text.getCurrentYpos
                0x08002e10       0x18 ./Core/Src/LCD_Driver.o
                0x08002e10                getCurrentYpos
 .text.updateYpos
                0x08002e28       0x24 ./Core/Src/LCD_Driver.o
                0x08002e28                updateYpos
 .text.updateXpos
                0x08002e4c       0x50 ./Core/Src/LCD_Driver.o
                0x08002e4c                updateXpos
 .text.isFull   0x08002e9c      0x5c0 ./Core/Src/LCD_Driver.o
                0x08002e9c                isFull
 .text.moveBlockDown
                0x0800345c       0x14 ./Core/Src/LCD_Driver.o
                0x0800345c                moveBlockDown
 .text.moveBlockLeft
                0x08003470       0x16 ./Core/Src/LCD_Driver.o
                0x08003470                moveBlockLeft
 .text.moveBlockRight
                0x08003486       0x16 ./Core/Src/LCD_Driver.o
                0x08003486                moveBlockRight
 .text.LCD_Error_Handler
                0x0800349c        0xc ./Core/Src/LCD_Driver.o
                0x0800349c                LCD_Error_Handler
 .text.InitializeLCDTouch
                0x080034a8       0x16 ./Core/Src/LCD_Driver.o
                0x080034a8                InitializeLCDTouch
 .text.DetermineTouchPosition
                0x080034be       0x16 ./Core/Src/LCD_Driver.o
                0x080034be                DetermineTouchPosition
 .text.ReadRegisterFromTouchModule
                0x080034d4       0x1c ./Core/Src/LCD_Driver.o
                0x080034d4                ReadRegisterFromTouchModule
 .text.WriteDataToTouchModule
                0x080034f0       0x24 ./Core/Src/LCD_Driver.o
                0x080034f0                WriteDataToTouchModule
 .text.RNG_Init
                0x08003514       0x4c ./Core/Src/RNG.o
                0x08003514                RNG_Init
 .text.GetRandomBlock
                0x08003560       0x40 ./Core/Src/RNG.o
                0x08003560                GetRandomBlock
 .text.getScheduledEvents
                0x080035a0       0x18 ./Core/Src/Scheduler.o
                0x080035a0                getScheduledEvents
 .text.addSchedulerEvent
                0x080035b8       0x24 ./Core/Src/Scheduler.o
                0x080035b8                addSchedulerEvent
 .text.removeSchedulerEvent
                0x080035dc       0x28 ./Core/Src/Scheduler.o
                0x080035dc                removeSchedulerEvent
 .text.timer3Init
                0x08003604       0x80 ./Core/Src/Timer_Driver.o
                0x08003604                timer3Init
 .text.TIM3_Start
                0x08003684       0x14 ./Core/Src/Timer_Driver.o
                0x08003684                TIM3_Start
 .text.ili9341_Init
                0x08003698      0x294 ./Core/Src/ili9341.o
                0x08003698                ili9341_Init
 .text.ili9341_Write_Reg
                0x0800392c       0x1a ./Core/Src/ili9341.o
                0x0800392c                ili9341_Write_Reg
 .text.ili9341_Send_Data
                0x08003946       0x1a ./Core/Src/ili9341.o
                0x08003946                ili9341_Send_Data
 .text.SPI_Init
                0x08003960       0x74 ./Core/Src/ili9341.o
 .text.SPI_Write
                0x080039d4       0x3c ./Core/Src/ili9341.o
 .text.SPI_Error
                0x08003a10       0x18 ./Core/Src/ili9341.o
 .text.SPI_MspInit
                0x08003a28       0x74 ./Core/Src/ili9341.o
 .text.LCD_IO_Init
                0x08003a9c       0xf0 ./Core/Src/ili9341.o
                0x08003a9c                LCD_IO_Init
 .text.LCD_IO_WriteData
                0x08003b8c       0x44 ./Core/Src/ili9341.o
                0x08003b8c                LCD_IO_WriteData
 .text.LCD_IO_WriteReg
                0x08003bd0       0x44 ./Core/Src/ili9341.o
                0x08003bd0                LCD_IO_WriteReg
 .text.LCD_Delay
                0x08003c14       0x16 ./Core/Src/ili9341.o
                0x08003c14                LCD_Delay
 .text.main     0x08003c2a       0x7e ./Core/Src/main.o
                0x08003c2a                main
 .text.SystemClockOverride
                0x08003ca8       0x80 ./Core/Src/main.o
                0x08003ca8                SystemClockOverride
 .text.Error_Handler
                0x08003d28        0xc ./Core/Src/main.o
                0x08003d28                Error_Handler
 .text.HAL_MspInit
                0x08003d34       0x50 ./Core/Src/stm32f4xx_hal_msp.o
                0x08003d34                HAL_MspInit
 .text.HAL_I2C_MspInit
                0x08003d84       0xd4 ./Core/Src/stm32f4xx_hal_msp.o
                0x08003d84                HAL_I2C_MspInit
 .text.HAL_LTDC_MspInit
                0x08003e58      0x250 ./Core/Src/stm32f4xx_hal_msp.o
                0x08003e58                HAL_LTDC_MspInit
 .text.HAL_RNG_MspInit
                0x080040a8       0x44 ./Core/Src/stm32f4xx_hal_msp.o
                0x080040a8                HAL_RNG_MspInit
 .text.HAL_SPI_MspInit
                0x080040ec       0x90 ./Core/Src/stm32f4xx_hal_msp.o
                0x080040ec                HAL_SPI_MspInit
 .text.HAL_SPI_MspDeInit
                0x0800417c       0x3c ./Core/Src/stm32f4xx_hal_msp.o
                0x0800417c                HAL_SPI_MspDeInit
 .text.HAL_TIM_Base_MspInit
                0x080041b8       0x44 ./Core/Src/stm32f4xx_hal_msp.o
                0x080041b8                HAL_TIM_Base_MspInit
 .text.NMI_Handler
                0x080041fc        0x8 ./Core/Src/stm32f4xx_it.o
                0x080041fc                NMI_Handler
 .text.HardFault_Handler
                0x08004204        0x8 ./Core/Src/stm32f4xx_it.o
                0x08004204                HardFault_Handler
 .text.MemManage_Handler
                0x0800420c        0x8 ./Core/Src/stm32f4xx_it.o
                0x0800420c                MemManage_Handler
 .text.BusFault_Handler
                0x08004214        0x8 ./Core/Src/stm32f4xx_it.o
                0x08004214                BusFault_Handler
 .text.UsageFault_Handler
                0x0800421c        0x8 ./Core/Src/stm32f4xx_it.o
                0x0800421c                UsageFault_Handler
 .text.SVC_Handler
                0x08004224        0xe ./Core/Src/stm32f4xx_it.o
                0x08004224                SVC_Handler
 .text.DebugMon_Handler
                0x08004232        0xe ./Core/Src/stm32f4xx_it.o
                0x08004232                DebugMon_Handler
 .text.PendSV_Handler
                0x08004240        0xe ./Core/Src/stm32f4xx_it.o
                0x08004240                PendSV_Handler
 .text.SysTick_Handler
                0x0800424e        0xc ./Core/Src/stm32f4xx_it.o
                0x0800424e                SysTick_Handler
 *fill*         0x0800425a        0x2 
 .text.__NVIC_EnableIRQ
                0x0800425c       0x3c ./Core/Src/stmpe811.o
 .text.STMPE811_Init
                0x08004298      0x18e ./Core/Src/stmpe811.o
                0x08004298                STMPE811_Init
 .text.STMPE811_Read
                0x08004426       0x22 ./Core/Src/stmpe811.o
                0x08004426                STMPE811_Read
 .text.STMPE811_Write
                0x08004448       0x24 ./Core/Src/stmpe811.o
                0x08004448                STMPE811_Write
 .text.STMPE811_DetermineTouchPosition
                0x0800446c       0xee ./Core/Src/stmpe811.o
                0x0800446c                STMPE811_DetermineTouchPosition
 *fill*         0x0800455a        0x2 
 .text.enableInterruptSupportForTouch
                0x0800455c       0x64 ./Core/Src/stmpe811.o
                0x0800455c                enableInterruptSupportForTouch
 .text.verifyHAL_I2C_IS_OKAY
                0x080045c0       0x20 ./Core/Src/stmpe811.o
                0x080045c0                verifyHAL_I2C_IS_OKAY
 .text.I2C3_Init
                0x080045e0       0x80 ./Core/Src/stmpe811.o
 .text.I2C3_MspInit
                0x08004660       0xa8 ./Core/Src/stmpe811.o
 .text.I2C3_Write
                0x08004708       0x54 ./Core/Src/stmpe811.o
                0x08004708                I2C3_Write
 .text.I2C3_Read
                0x0800475c       0x4c ./Core/Src/stmpe811.o
                0x0800475c                I2C3_Read
 .text.I2C3_MulitByteRead
                0x080047a8       0x44 ./Core/Src/stmpe811.o
                0x080047a8                I2C3_MulitByteRead
 .text.TM_STMPE811_ReadX
                0x080047ec       0xbc ./Core/Src/stmpe811.o
                0x080047ec                TM_STMPE811_ReadX
 .text.TM_STMPE811_ReadY
                0x080048a8       0xa4 ./Core/Src/stmpe811.o
                0x080048a8                TM_STMPE811_ReadY
 .text.initialise_monitor_handles
                0x0800494c        0xe ./Core/Src/syscalls.o
                0x0800494c                initialise_monitor_handles
 .text._read    0x0800495a       0x3a ./Core/Src/syscalls.o
                0x0800495a                _read
 .text._write   0x08004994       0x38 ./Core/Src/syscalls.o
                0x08004994                _write
 .text._close   0x080049cc       0x18 ./Core/Src/syscalls.o
                0x080049cc                _close
 .text._fstat   0x080049e4       0x20 ./Core/Src/syscalls.o
                0x080049e4                _fstat
 .text._isatty  0x08004a04       0x16 ./Core/Src/syscalls.o
                0x08004a04                _isatty
 .text._lseek   0x08004a1a       0x1a ./Core/Src/syscalls.o
                0x08004a1a                _lseek
 .text._sbrk    0x08004a34       0x6c ./Core/Src/sysmem.o
                0x08004a34                _sbrk
 .text.SystemInit
                0x08004aa0       0x24 ./Core/Src/system_stm32f4xx.o
                0x08004aa0                SystemInit
 .text.Reset_Handler
                0x08004ac4       0x50 ./Core/Startup/startup_stm32f429zitx.o
                0x08004ac4                Reset_Handler
 .text.Default_Handler
                0x08004b14        0x2 ./Core/Startup/startup_stm32f429zitx.o
                0x08004b14                RTC_Alarm_IRQHandler
                0x08004b14                HASH_RNG_IRQHandler
                0x08004b14                EXTI2_IRQHandler
                0x08004b14                TIM8_CC_IRQHandler
                0x08004b14                UART8_IRQHandler
                0x08004b14                SPI4_IRQHandler
                0x08004b14                TIM1_CC_IRQHandler
                0x08004b14                DMA2_Stream5_IRQHandler
                0x08004b14                DMA1_Stream5_IRQHandler
                0x08004b14                PVD_IRQHandler
                0x08004b14                SDIO_IRQHandler
                0x08004b14                TAMP_STAMP_IRQHandler
                0x08004b14                CAN2_RX1_IRQHandler
                0x08004b14                EXTI3_IRQHandler
                0x08004b14                TIM8_TRG_COM_TIM14_IRQHandler
                0x08004b14                TIM1_UP_TIM10_IRQHandler
                0x08004b14                TIM8_UP_TIM13_IRQHandler
                0x08004b14                I2C3_ER_IRQHandler
                0x08004b14                I2C2_EV_IRQHandler
                0x08004b14                DMA1_Stream2_IRQHandler
                0x08004b14                CAN1_RX0_IRQHandler
                0x08004b14                FPU_IRQHandler
                0x08004b14                OTG_HS_WKUP_IRQHandler
                0x08004b14                LTDC_ER_IRQHandler
                0x08004b14                CAN2_SCE_IRQHandler
                0x08004b14                DMA2_Stream2_IRQHandler
                0x08004b14                SPI1_IRQHandler
                0x08004b14                TIM6_DAC_IRQHandler
                0x08004b14                TIM1_BRK_TIM9_IRQHandler
                0x08004b14                DCMI_IRQHandler
                0x08004b14                CAN2_RX0_IRQHandler
                0x08004b14                DMA2_Stream3_IRQHandler
                0x08004b14                USART6_IRQHandler
                0x08004b14                USART3_IRQHandler
                0x08004b14                CAN1_RX1_IRQHandler
                0x08004b14                UART5_IRQHandler
                0x08004b14                DMA2_Stream0_IRQHandler
                0x08004b14                TIM4_IRQHandler
                0x08004b14                I2C1_EV_IRQHandler
                0x08004b14                DMA1_Stream6_IRQHandler
                0x08004b14                DMA1_Stream1_IRQHandler
                0x08004b14                UART4_IRQHandler
                0x08004b14                RCC_IRQHandler
                0x08004b14                TIM8_BRK_TIM12_IRQHandler
                0x08004b14                Default_Handler
                0x08004b14                ADC_IRQHandler
                0x08004b14                DMA1_Stream7_IRQHandler
                0x08004b14                SPI5_IRQHandler
                0x08004b14                TIM7_IRQHandler
                0x08004b14                CAN2_TX_IRQHandler
                0x08004b14                TIM5_IRQHandler
                0x08004b14                DMA2_Stream7_IRQHandler
                0x08004b14                I2C3_EV_IRQHandler
                0x08004b14                EXTI9_5_IRQHandler
                0x08004b14                RTC_WKUP_IRQHandler
                0x08004b14                LTDC_IRQHandler
                0x08004b14                ETH_WKUP_IRQHandler
                0x08004b14                SPI2_IRQHandler
                0x08004b14                OTG_HS_EP1_IN_IRQHandler
                0x08004b14                DMA1_Stream0_IRQHandler
                0x08004b14                CAN1_TX_IRQHandler
                0x08004b14                EXTI4_IRQHandler
                0x08004b14                ETH_IRQHandler
                0x08004b14                OTG_HS_EP1_OUT_IRQHandler
                0x08004b14                WWDG_IRQHandler
                0x08004b14                SPI6_IRQHandler
                0x08004b14                TIM2_IRQHandler
                0x08004b14                OTG_FS_WKUP_IRQHandler
                0x08004b14                TIM1_TRG_COM_TIM11_IRQHandler
                0x08004b14                OTG_HS_IRQHandler
                0x08004b14                DMA2D_IRQHandler
                0x08004b14                EXTI1_IRQHandler
                0x08004b14                UART7_IRQHandler
                0x08004b14                USART2_IRQHandler
                0x08004b14                I2C2_ER_IRQHandler
                0x08004b14                DMA2_Stream1_IRQHandler
                0x08004b14                CAN1_SCE_IRQHandler
                0x08004b14                FLASH_IRQHandler
                0x08004b14                DMA2_Stream4_IRQHandler
                0x08004b14                USART1_IRQHandler
                0x08004b14                OTG_FS_IRQHandler
                0x08004b14                SPI3_IRQHandler
                0x08004b14                DMA1_Stream4_IRQHandler
                0x08004b14                I2C1_ER_IRQHandler
                0x08004b14                FMC_IRQHandler
                0x08004b14                DMA2_Stream6_IRQHandler
                0x08004b14                SAI1_IRQHandler
                0x08004b14                DMA1_Stream3_IRQHandler
 *fill*         0x08004b16        0x2 
 .text.HAL_Init
                0x08004b18       0x44 ./Drivers/STM32F4xx_HAL_Driver/Src/stm32f4xx_hal.o
                0x08004b18                HAL_Init
 .text.HAL_InitTick
                0x08004b5c       0x60 ./Drivers/STM32F4xx_HAL_Driver/Src/stm32f4xx_hal.o
                0x08004b5c                HAL_InitTick
 .text.HAL_IncTick
                0x08004bbc       0x28 ./Drivers/STM32F4xx_HAL_Driver/Src/stm32f4xx_hal.o
                0x08004bbc                HAL_IncTick
 .text.HAL_GetTick
                0x08004be4       0x18 ./Drivers/STM32F4xx_HAL_Driver/Src/stm32f4xx_hal.o
                0x08004be4                HAL_GetTick
 .text.HAL_Delay
                0x08004bfc       0x48 ./Drivers/STM32F4xx_HAL_Driver/Src/stm32f4xx_hal.o
                0x08004bfc                HAL_Delay
 .text.__NVIC_SetPriorityGrouping
                0x08004c44       0x48 ./Drivers/STM32F4xx_HAL_Driver/Src/stm32f4xx_hal_cortex.o
 .text.__NVIC_GetPriorityGrouping
                0x08004c8c       0x1c ./Drivers/STM32F4xx_HAL_Driver/Src/stm32f4xx_hal_cortex.o
 .text.__NVIC_EnableIRQ
                0x08004ca8       0x3c ./Drivers/STM32F4xx_HAL_Driver/Src/stm32f4xx_hal_cortex.o
 .text.__NVIC_DisableIRQ
                0x08004ce4       0x48 ./Drivers/STM32F4xx_HAL_Driver/Src/stm32f4xx_hal_cortex.o
 .text.__NVIC_ClearPendingIRQ
                0x08004d2c       0x3c ./Drivers/STM32F4xx_HAL_Driver/Src/stm32f4xx_hal_cortex.o
 .text.__NVIC_SetPriority
                0x08004d68       0x54 ./Drivers/STM32F4xx_HAL_Driver/Src/stm32f4xx_hal_cortex.o
 .text.NVIC_EncodePriority
                0x08004dbc       0x66 ./Drivers/STM32F4xx_HAL_Driver/Src/stm32f4xx_hal_cortex.o
 *fill*         0x08004e22        0x2 
 .text.SysTick_Config
                0x08004e24       0x44 ./Drivers/STM32F4xx_HAL_Driver/Src/stm32f4xx_hal_cortex.o
 .text.HAL_NVIC_SetPriorityGrouping
                0x08004e68       0x16 ./Drivers/STM32F4xx_HAL_Driver/Src/stm32f4xx_hal_cortex.o
                0x08004e68                HAL_NVIC_SetPriorityGrouping
 .text.HAL_NVIC_SetPriority
                0x08004e7e       0x38 ./Drivers/STM32F4xx_HAL_Driver/Src/stm32f4xx_hal_cortex.o
                0x08004e7e                HAL_NVIC_SetPriority
 .text.HAL_NVIC_EnableIRQ
                0x08004eb6       0x1c ./Drivers/STM32F4xx_HAL_Driver/Src/stm32f4xx_hal_cortex.o
                0x08004eb6                HAL_NVIC_EnableIRQ
 .text.HAL_NVIC_DisableIRQ
                0x08004ed2       0x1c ./Drivers/STM32F4xx_HAL_Driver/Src/stm32f4xx_hal_cortex.o
                0x08004ed2                HAL_NVIC_DisableIRQ
 .text.HAL_SYSTICK_Config
                0x08004eee       0x18 ./Drivers/STM32F4xx_HAL_Driver/Src/stm32f4xx_hal_cortex.o
                0x08004eee                HAL_SYSTICK_Config
 .text.HAL_NVIC_ClearPendingIRQ
                0x08004f06       0x1c ./Drivers/STM32F4xx_HAL_Driver/Src/stm32f4xx_hal_cortex.o
                0x08004f06                HAL_NVIC_ClearPendingIRQ
 *fill*         0x08004f22        0x2 
 .text.HAL_EXTI_ClearPending
                0x08004f24       0x30 ./Drivers/STM32F4xx_HAL_Driver/Src/stm32f4xx_hal_exti.o
                0x08004f24                HAL_EXTI_ClearPending
 .text.HAL_GPIO_Init
                0x08004f54      0x358 ./Drivers/STM32F4xx_HAL_Driver/Src/stm32f4xx_hal_gpio.o
                0x08004f54                HAL_GPIO_Init
 .text.HAL_GPIO_DeInit
                0x080052ac      0x218 ./Drivers/STM32F4xx_HAL_Driver/Src/stm32f4xx_hal_gpio.o
                0x080052ac                HAL_GPIO_DeInit
 .text.HAL_GPIO_WritePin
                0x080054c4       0x32 ./Drivers/STM32F4xx_HAL_Driver/Src/stm32f4xx_hal_gpio.o
                0x080054c4                HAL_GPIO_WritePin
 *fill*         0x080054f6        0x2 
 .text.HAL_I2C_Init
                0x080054f8      0x288 ./Drivers/STM32F4xx_HAL_Driver/Src/stm32f4xx_hal_i2c.o
                0x080054f8                HAL_I2C_Init
 .text.HAL_I2C_Mem_Write
                0x08005780      0x1f4 ./Drivers/STM32F4xx_HAL_Driver/Src/stm32f4xx_hal_i2c.o
                0x08005780                HAL_I2C_Mem_Write
 .text.HAL_I2C_Mem_Read
                0x08005974      0x464 ./Drivers/STM32F4xx_HAL_Driver/Src/stm32f4xx_hal_i2c.o
                0x08005974                HAL_I2C_Mem_Read
 .text.I2C_RequestMemoryWrite
                0x08005dd8      0x12c ./Drivers/STM32F4xx_HAL_Driver/Src/stm32f4xx_hal_i2c.o
 .text.I2C_RequestMemoryRead
                0x08005f04      0x1d0 ./Drivers/STM32F4xx_HAL_Driver/Src/stm32f4xx_hal_i2c.o
 .text.I2C_WaitOnFlagUntilTimeout
                0x080060d4       0xf4 ./Drivers/STM32F4xx_HAL_Driver/Src/stm32f4xx_hal_i2c.o
 .text.I2C_WaitOnMasterAddressFlagUntilTimeout
                0x080061c8      0x140 ./Drivers/STM32F4xx_HAL_Driver/Src/stm32f4xx_hal_i2c.o
 .text.I2C_WaitOnTXEFlagUntilTimeout
                0x08006308       0x90 ./Drivers/STM32F4xx_HAL_Driver/Src/stm32f4xx_hal_i2c.o
 .text.I2C_WaitOnBTFFlagUntilTimeout
                0x08006398       0x90 ./Drivers/STM32F4xx_HAL_Driver/Src/stm32f4xx_hal_i2c.o
 .text.I2C_WaitOnRXNEFlagUntilTimeout
                0x08006428       0xba ./Drivers/STM32F4xx_HAL_Driver/Src/stm32f4xx_hal_i2c.o
 .text.I2C_IsAcknowledgeFailed
                0x080064e2       0x5e ./Drivers/STM32F4xx_HAL_Driver/Src/stm32f4xx_hal_i2c.o
 .text.HAL_LTDC_Init
                0x08006540      0x1a0 ./Drivers/STM32F4xx_HAL_Driver/Src/stm32f4xx_hal_ltdc.o
                0x08006540                HAL_LTDC_Init
 .text.HAL_LTDC_ConfigLayer
                0x080066e0       0x7c ./Drivers/STM32F4xx_HAL_Driver/Src/stm32f4xx_hal_ltdc.o
                0x080066e0                HAL_LTDC_ConfigLayer
 .text.LTDC_SetConfig
                0x0800675c      0x32e ./Drivers/STM32F4xx_HAL_Driver/Src/stm32f4xx_hal_ltdc.o
 *fill*         0x08006a8a        0x2 
 .text.HAL_RCC_OscConfig
                0x08006a8c      0x4f0 ./Drivers/STM32F4xx_HAL_Driver/Src/stm32f4xx_hal_rcc.o
                0x08006a8c                HAL_RCC_OscConfig
 .text.HAL_RCC_ClockConfig
                0x08006f7c      0x1cc ./Drivers/STM32F4xx_HAL_Driver/Src/stm32f4xx_hal_rcc.o
                0x08006f7c                HAL_RCC_ClockConfig
 .text.HAL_RCC_GetSysClockFreq
                0x08007148      0x20c ./Drivers/STM32F4xx_HAL_Driver/Src/stm32f4xx_hal_rcc.o
                0x08007148                HAL_RCC_GetSysClockFreq
 .text.HAL_RCC_GetHCLKFreq
                0x08007354       0x18 ./Drivers/STM32F4xx_HAL_Driver/Src/stm32f4xx_hal_rcc.o
                0x08007354                HAL_RCC_GetHCLKFreq
 .text.HAL_RCC_GetPCLK1Freq
                0x0800736c       0x28 ./Drivers/STM32F4xx_HAL_Driver/Src/stm32f4xx_hal_rcc.o
                0x0800736c                HAL_RCC_GetPCLK1Freq
 .text.HAL_RCCEx_PeriphCLKConfig
                0x08007394      0x380 ./Drivers/STM32F4xx_HAL_Driver/Src/stm32f4xx_hal_rcc_ex.o
                0x08007394                HAL_RCCEx_PeriphCLKConfig
 .text.HAL_RNG_Init
                0x08007714       0x54 ./Drivers/STM32F4xx_HAL_Driver/Src/stm32f4xx_hal_rng.o
                0x08007714                HAL_RNG_Init
 .text.HAL_RNG_GenerateRandomNumber
                0x08007768       0xac ./Drivers/STM32F4xx_HAL_Driver/Src/stm32f4xx_hal_rng.o
                0x08007768                HAL_RNG_GenerateRandomNumber
 .text.HAL_RNG_GetRandomNumber
                0x08007814       0x2a ./Drivers/STM32F4xx_HAL_Driver/Src/stm32f4xx_hal_rng.o
                0x08007814                HAL_RNG_GetRandomNumber
 .text.HAL_SPI_Init
                0x0800783e      0x112 ./Drivers/STM32F4xx_HAL_Driver/Src/stm32f4xx_hal_spi.o
                0x0800783e                HAL_SPI_Init
 .text.HAL_SPI_DeInit
                0x08007950       0x50 ./Drivers/STM32F4xx_HAL_Driver/Src/stm32f4xx_hal_spi.o
                0x08007950                HAL_SPI_DeInit
 .text.HAL_SPI_Transmit
                0x080079a0      0x288 ./Drivers/STM32F4xx_HAL_Driver/Src/stm32f4xx_hal_spi.o
                0x080079a0                HAL_SPI_Transmit
 .text.HAL_SPI_GetState
                0x08007c28       0x1c ./Drivers/STM32F4xx_HAL_Driver/Src/stm32f4xx_hal_spi.o
                0x08007c28                HAL_SPI_GetState
 .text.SPI_WaitFlagStateUntilTimeout
                0x08007c44      0x110 ./Drivers/STM32F4xx_HAL_Driver/Src/stm32f4xx_hal_spi.o
 .text.SPI_EndRxTxTransaction
                0x08007d54       0xa8 ./Drivers/STM32F4xx_HAL_Driver/Src/stm32f4xx_hal_spi.o
 .text.HAL_TIM_Base_Init
                0x08007dfc       0x9e ./Drivers/STM32F4xx_HAL_Driver/Src/stm32f4xx_hal_tim.o
                0x08007dfc                HAL_TIM_Base_Init
 *fill*         0x08007e9a        0x2 
 .text.HAL_TIM_Base_Start_IT
                0x08007e9c       0xe0 ./Drivers/STM32F4xx_HAL_Driver/Src/stm32f4xx_hal_tim.o
                0x08007e9c                HAL_TIM_Base_Start_IT
 .text.TIM_Base_SetConfig
                0x08007f7c      0x158 ./Drivers/STM32F4xx_HAL_Driver/Src/stm32f4xx_hal_tim.o
                0x08007f7c                TIM_Base_SetConfig
 .text.std      0x080080d4       0x6c C:/ST/STM32CubeIDE_1.16.0/STM32CubeIDE/plugins/com.st.stm32cube.ide.mcu.externaltools.gnu-tools-for-stm32.12.3.rel1.win32_1.0.200.202406191623/tools/bin/../lib/gcc/arm-none-eabi/12.3.1/../../../../arm-none-eabi/lib/thumb/v7e-m+fp/hard\libc_nano.a(libc_a-findfp.o)
 .text.stdio_exit_handler
                0x08008140       0x18 C:/ST/STM32CubeIDE_1.16.0/STM32CubeIDE/plugins/com.st.stm32cube.ide.mcu.externaltools.gnu-tools-for-stm32.12.3.rel1.win32_1.0.200.202406191623/tools/bin/../lib/gcc/arm-none-eabi/12.3.1/../../../../arm-none-eabi/lib/thumb/v7e-m+fp/hard\libc_nano.a(libc_a-findfp.o)
 .text.cleanup_stdio
                0x08008158       0x40 C:/ST/STM32CubeIDE_1.16.0/STM32CubeIDE/plugins/com.st.stm32cube.ide.mcu.externaltools.gnu-tools-for-stm32.12.3.rel1.win32_1.0.200.202406191623/tools/bin/../lib/gcc/arm-none-eabi/12.3.1/../../../../arm-none-eabi/lib/thumb/v7e-m+fp/hard\libc_nano.a(libc_a-findfp.o)
 .text.global_stdio_init.part.0
                0x08008198       0x3c C:/ST/STM32CubeIDE_1.16.0/STM32CubeIDE/plugins/com.st.stm32cube.ide.mcu.externaltools.gnu-tools-for-stm32.12.3.rel1.win32_1.0.200.202406191623/tools/bin/../lib/gcc/arm-none-eabi/12.3.1/../../../../arm-none-eabi/lib/thumb/v7e-m+fp/hard\libc_nano.a(libc_a-findfp.o)
 .text.__sfp_lock_acquire
                0x080081d4        0xc C:/ST/STM32CubeIDE_1.16.0/STM32CubeIDE/plugins/com.st.stm32cube.ide.mcu.externaltools.gnu-tools-for-stm32.12.3.rel1.win32_1.0.200.202406191623/tools/bin/../lib/gcc/arm-none-eabi/12.3.1/../../../../arm-none-eabi/lib/thumb/v7e-m+fp/hard\libc_nano.a(libc_a-findfp.o)
                0x080081d4                __sfp_lock_acquire
 .text.__sfp_lock_release
                0x080081e0        0xc C:/ST/STM32CubeIDE_1.16.0/STM32CubeIDE/plugins/com.st.stm32cube.ide.mcu.externaltools.gnu-tools-for-stm32.12.3.rel1.win32_1.0.200.202406191623/tools/bin/../lib/gcc/arm-none-eabi/12.3.1/../../../../arm-none-eabi/lib/thumb/v7e-m+fp/hard\libc_nano.a(libc_a-findfp.o)
                0x080081e0                __sfp_lock_release
 .text.__sinit  0x080081ec       0x30 C:/ST/STM32CubeIDE_1.16.0/STM32CubeIDE/plugins/com.st.stm32cube.ide.mcu.externaltools.gnu-tools-for-stm32.12.3.rel1.win32_1.0.200.202406191623/tools/bin/../lib/gcc/arm-none-eabi/12.3.1/../../../../arm-none-eabi/lib/thumb/v7e-m+fp/hard\libc_nano.a(libc_a-findfp.o)
                0x080081ec                __sinit
 .text._fwalk_sglue
                0x0800821c       0x3c C:/ST/STM32CubeIDE_1.16.0/STM32CubeIDE/plugins/com.st.stm32cube.ide.mcu.externaltools.gnu-tools-for-stm32.12.3.rel1.win32_1.0.200.202406191623/tools/bin/../lib/gcc/arm-none-eabi/12.3.1/../../../../arm-none-eabi/lib/thumb/v7e-m+fp/hard\libc_nano.a(libc_a-fwalk.o)
                0x0800821c                _fwalk_sglue
 .text.printf   0x08008258       0x24 C:/ST/STM32CubeIDE_1.16.0/STM32CubeIDE/plugins/com.st.stm32cube.ide.mcu.externaltools.gnu-tools-for-stm32.12.3.rel1.win32_1.0.200.202406191623/tools/bin/../lib/gcc/arm-none-eabi/12.3.1/../../../../arm-none-eabi/lib/thumb/v7e-m+fp/hard\libc_nano.a(libc_a-printf.o)
                0x08008258                iprintf
                0x08008258                printf
 .text.__sread  0x0800827c       0x22 C:/ST/STM32CubeIDE_1.16.0/STM32CubeIDE/plugins/com.st.stm32cube.ide.mcu.externaltools.gnu-tools-for-stm32.12.3.rel1.win32_1.0.200.202406191623/tools/bin/../lib/gcc/arm-none-eabi/12.3.1/../../../../arm-none-eabi/lib/thumb/v7e-m+fp/hard\libc_nano.a(libc_a-stdio.o)
                0x0800827c                __sread
 .text.__swrite
                0x0800829e       0x38 C:/ST/STM32CubeIDE_1.16.0/STM32CubeIDE/plugins/com.st.stm32cube.ide.mcu.externaltools.gnu-tools-for-stm32.12.3.rel1.win32_1.0.200.202406191623/tools/bin/../lib/gcc/arm-none-eabi/12.3.1/../../../../arm-none-eabi/lib/thumb/v7e-m+fp/hard\libc_nano.a(libc_a-stdio.o)
                0x0800829e                __swrite
 .text.__sseek  0x080082d6       0x24 C:/ST/STM32CubeIDE_1.16.0/STM32CubeIDE/plugins/com.st.stm32cube.ide.mcu.externaltools.gnu-tools-for-stm32.12.3.rel1.win32_1.0.200.202406191623/tools/bin/../lib/gcc/arm-none-eabi/12.3.1/../../../../arm-none-eabi/lib/thumb/v7e-m+fp/hard\libc_nano.a(libc_a-stdio.o)
                0x080082d6                __sseek
 .text.__sclose
                0x080082fa        0x8 C:/ST/STM32CubeIDE_1.16.0/STM32CubeIDE/plugins/com.st.stm32cube.ide.mcu.externaltools.gnu-tools-for-stm32.12.3.rel1.win32_1.0.200.202406191623/tools/bin/../lib/gcc/arm-none-eabi/12.3.1/../../../../arm-none-eabi/lib/thumb/v7e-m+fp/hard\libc_nano.a(libc_a-stdio.o)
                0x080082fa                __sclose
 .text.__swbuf_r
                0x08008302       0x7c C:/ST/STM32CubeIDE_1.16.0/STM32CubeIDE/plugins/com.st.stm32cube.ide.mcu.externaltools.gnu-tools-for-stm32.12.3.rel1.win32_1.0.200.202406191623/tools/bin/../lib/gcc/arm-none-eabi/12.3.1/../../../../arm-none-eabi/lib/thumb/v7e-m+fp/hard\libc_nano.a(libc_a-wbuf.o)
                0x08008302                __swbuf_r
 *fill*         0x0800837e        0x2 
 .text.__swsetup_r
                0x08008380       0xac C:/ST/STM32CubeIDE_1.16.0/STM32CubeIDE/plugins/com.st.stm32cube.ide.mcu.externaltools.gnu-tools-for-stm32.12.3.rel1.win32_1.0.200.202406191623/tools/bin/../lib/gcc/arm-none-eabi/12.3.1/../../../../arm-none-eabi/lib/thumb/v7e-m+fp/hard\libc_nano.a(libc_a-wsetup.o)
                0x08008380                __swsetup_r
 .text.memset   0x0800842c       0x10 C:/ST/STM32CubeIDE_1.16.0/STM32CubeIDE/plugins/com.st.stm32cube.ide.mcu.externaltools.gnu-tools-for-stm32.12.3.rel1.win32_1.0.200.202406191623/tools/bin/../lib/gcc/arm-none-eabi/12.3.1/../../../../arm-none-eabi/lib/thumb/v7e-m+fp/hard\libc_nano.a(libc_a-memset.o)
                0x0800842c                memset
 .text._close_r
                0x0800843c       0x20 C:/ST/STM32CubeIDE_1.16.0/STM32CubeIDE/plugins/com.st.stm32cube.ide.mcu.externaltools.gnu-tools-for-stm32.12.3.rel1.win32_1.0.200.202406191623/tools/bin/../lib/gcc/arm-none-eabi/12.3.1/../../../../arm-none-eabi/lib/thumb/v7e-m+fp/hard\libc_nano.a(libc_a-closer.o)
                0x0800843c                _close_r
 .text._lseek_r
                0x0800845c       0x24 C:/ST/STM32CubeIDE_1.16.0/STM32CubeIDE/plugins/com.st.stm32cube.ide.mcu.externaltools.gnu-tools-for-stm32.12.3.rel1.win32_1.0.200.202406191623/tools/bin/../lib/gcc/arm-none-eabi/12.3.1/../../../../arm-none-eabi/lib/thumb/v7e-m+fp/hard\libc_nano.a(libc_a-lseekr.o)
                0x0800845c                _lseek_r
 .text._read_r  0x08008480       0x24 C:/ST/STM32CubeIDE_1.16.0/STM32CubeIDE/plugins/com.st.stm32cube.ide.mcu.externaltools.gnu-tools-for-stm32.12.3.rel1.win32_1.0.200.202406191623/tools/bin/../lib/gcc/arm-none-eabi/12.3.1/../../../../arm-none-eabi/lib/thumb/v7e-m+fp/hard\libc_nano.a(libc_a-readr.o)
                0x08008480                _read_r
 .text._write_r
                0x080084a4       0x24 C:/ST/STM32CubeIDE_1.16.0/STM32CubeIDE/plugins/com.st.stm32cube.ide.mcu.externaltools.gnu-tools-for-stm32.12.3.rel1.win32_1.0.200.202406191623/tools/bin/../lib/gcc/arm-none-eabi/12.3.1/../../../../arm-none-eabi/lib/thumb/v7e-m+fp/hard\libc_nano.a(libc_a-writer.o)
                0x080084a4                _write_r
 .text.__errno  0x080084c8        0xc C:/ST/STM32CubeIDE_1.16.0/STM32CubeIDE/plugins/com.st.stm32cube.ide.mcu.externaltools.gnu-tools-for-stm32.12.3.rel1.win32_1.0.200.202406191623/tools/bin/../lib/gcc/arm-none-eabi/12.3.1/../../../../arm-none-eabi/lib/thumb/v7e-m+fp/hard\libc_nano.a(libc_a-errno.o)
                0x080084c8                __errno
 .text.__libc_init_array
                0x080084d4       0x48 C:/ST/STM32CubeIDE_1.16.0/STM32CubeIDE/plugins/com.st.stm32cube.ide.mcu.externaltools.gnu-tools-for-stm32.12.3.rel1.win32_1.0.200.202406191623/tools/bin/../lib/gcc/arm-none-eabi/12.3.1/../../../../arm-none-eabi/lib/thumb/v7e-m+fp/hard\libc_nano.a(libc_a-init.o)
                0x080084d4                __libc_init_array
 .text.__retarget_lock_init_recursive
                0x0800851c        0x2 C:/ST/STM32CubeIDE_1.16.0/STM32CubeIDE/plugins/com.st.stm32cube.ide.mcu.externaltools.gnu-tools-for-stm32.12.3.rel1.win32_1.0.200.202406191623/tools/bin/../lib/gcc/arm-none-eabi/12.3.1/../../../../arm-none-eabi/lib/thumb/v7e-m+fp/hard\libc_nano.a(libc_a-lock.o)
                0x0800851c                __retarget_lock_init_recursive
 .text.__retarget_lock_acquire_recursive
                0x0800851e        0x2 C:/ST/STM32CubeIDE_1.16.0/STM32CubeIDE/plugins/com.st.stm32cube.ide.mcu.externaltools.gnu-tools-for-stm32.12.3.rel1.win32_1.0.200.202406191623/tools/bin/../lib/gcc/arm-none-eabi/12.3.1/../../../../arm-none-eabi/lib/thumb/v7e-m+fp/hard\libc_nano.a(libc_a-lock.o)
                0x0800851e                __retarget_lock_acquire_recursive
 .text.__retarget_lock_release_recursive
                0x08008520        0x2 C:/ST/STM32CubeIDE_1.16.0/STM32CubeIDE/plugins/com.st.stm32cube.ide.mcu.externaltools.gnu-tools-for-stm32.12.3.rel1.win32_1.0.200.202406191623/tools/bin/../lib/gcc/arm-none-eabi/12.3.1/../../../../arm-none-eabi/lib/thumb/v7e-m+fp/hard\libc_nano.a(libc_a-lock.o)
                0x08008520                __retarget_lock_release_recursive
 *fill*         0x08008522        0x2 
 .text._free_r  0x08008524       0x94 C:/ST/STM32CubeIDE_1.16.0/STM32CubeIDE/plugins/com.st.stm32cube.ide.mcu.externaltools.gnu-tools-for-stm32.12.3.rel1.win32_1.0.200.202406191623/tools/bin/../lib/gcc/arm-none-eabi/12.3.1/../../../../arm-none-eabi/lib/thumb/v7e-m+fp/hard\libc_nano.a(libc_a-freer.o)
                0x08008524                _free_r
 .text.sbrk_aligned
                0x080085b8       0x44 C:/ST/STM32CubeIDE_1.16.0/STM32CubeIDE/plugins/com.st.stm32cube.ide.mcu.externaltools.gnu-tools-for-stm32.12.3.rel1.win32_1.0.200.202406191623/tools/bin/../lib/gcc/arm-none-eabi/12.3.1/../../../../arm-none-eabi/lib/thumb/v7e-m+fp/hard\libc_nano.a(libc_a-mallocr.o)
 .text._malloc_r
                0x080085fc      0x100 C:/ST/STM32CubeIDE_1.16.0/STM32CubeIDE/plugins/com.st.stm32cube.ide.mcu.externaltools.gnu-tools-for-stm32.12.3.rel1.win32_1.0.200.202406191623/tools/bin/../lib/gcc/arm-none-eabi/12.3.1/../../../../arm-none-eabi/lib/thumb/v7e-m+fp/hard\libc_nano.a(libc_a-mallocr.o)
                0x080085fc                _malloc_r
 .text.__malloc_lock
                0x080086fc        0xc C:/ST/STM32CubeIDE_1.16.0/STM32CubeIDE/plugins/com.st.stm32cube.ide.mcu.externaltools.gnu-tools-for-stm32.12.3.rel1.win32_1.0.200.202406191623/tools/bin/../lib/gcc/arm-none-eabi/12.3.1/../../../../arm-none-eabi/lib/thumb/v7e-m+fp/hard\libc_nano.a(libc_a-mlock.o)
                0x080086fc                __malloc_lock
 .text.__malloc_unlock
                0x08008708        0xc C:/ST/STM32CubeIDE_1.16.0/STM32CubeIDE/plugins/com.st.stm32cube.ide.mcu.externaltools.gnu-tools-for-stm32.12.3.rel1.win32_1.0.200.202406191623/tools/bin/../lib/gcc/arm-none-eabi/12.3.1/../../../../arm-none-eabi/lib/thumb/v7e-m+fp/hard\libc_nano.a(libc_a-mlock.o)
                0x08008708                __malloc_unlock
 .text.__sfputc_r
                0x08008714       0x2e C:/ST/STM32CubeIDE_1.16.0/STM32CubeIDE/plugins/com.st.stm32cube.ide.mcu.externaltools.gnu-tools-for-stm32.12.3.rel1.win32_1.0.200.202406191623/tools/bin/../lib/gcc/arm-none-eabi/12.3.1/../../../../arm-none-eabi/lib/thumb/v7e-m+fp/hard\libc_nano.a(libc_a-nano-vfprintf.o)
 .text.__sfputs_r
                0x08008742       0x24 C:/ST/STM32CubeIDE_1.16.0/STM32CubeIDE/plugins/com.st.stm32cube.ide.mcu.externaltools.gnu-tools-for-stm32.12.3.rel1.win32_1.0.200.202406191623/tools/bin/../lib/gcc/arm-none-eabi/12.3.1/../../../../arm-none-eabi/lib/thumb/v7e-m+fp/hard\libc_nano.a(libc_a-nano-vfprintf.o)
                0x08008742                __sfputs_r
 *fill*         0x08008766        0x2 
 .text._vfprintf_r
                0x08008768      0x230 C:/ST/STM32CubeIDE_1.16.0/STM32CubeIDE/plugins/com.st.stm32cube.ide.mcu.externaltools.gnu-tools-for-stm32.12.3.rel1.win32_1.0.200.202406191623/tools/bin/../lib/gcc/arm-none-eabi/12.3.1/../../../../arm-none-eabi/lib/thumb/v7e-m+fp/hard\libc_nano.a(libc_a-nano-vfprintf.o)
                0x08008768                _vfprintf_r
                0x08008768                _vfiprintf_r
 .text._printf_common
                0x08008998       0xda C:/ST/STM32CubeIDE_1.16.0/STM32CubeIDE/plugins/com.st.stm32cube.ide.mcu.externaltools.gnu-tools-for-stm32.12.3.rel1.win32_1.0.200.202406191623/tools/bin/../lib/gcc/arm-none-eabi/12.3.1/../../../../arm-none-eabi/lib/thumb/v7e-m+fp/hard\libc_nano.a(libc_a-nano-vfprintf_i.o)
                0x08008998                _printf_common
 *fill*         0x08008a72        0x2 
 .text._printf_i
                0x08008a74      0x240 C:/ST/STM32CubeIDE_1.16.0/STM32CubeIDE/plugins/com.st.stm32cube.ide.mcu.externaltools.gnu-tools-for-stm32.12.3.rel1.win32_1.0.200.202406191623/tools/bin/../lib/gcc/arm-none-eabi/12.3.1/../../../../arm-none-eabi/lib/thumb/v7e-m+fp/hard\libc_nano.a(libc_a-nano-vfprintf_i.o)
                0x08008a74                _printf_i
 .text.__sflush_r
                0x08008cb4      0x108 C:/ST/STM32CubeIDE_1.16.0/STM32CubeIDE/plugins/com.st.stm32cube.ide.mcu.externaltools.gnu-tools-for-stm32.12.3.rel1.win32_1.0.200.202406191623/tools/bin/../lib/gcc/arm-none-eabi/12.3.1/../../../../arm-none-eabi/lib/thumb/v7e-m+fp/hard\libc_nano.a(libc_a-fflush.o)
                0x08008cb4                __sflush_r
 .text._fflush_r
                0x08008dbc       0x50 C:/ST/STM32CubeIDE_1.16.0/STM32CubeIDE/plugins/com.st.stm32cube.ide.mcu.externaltools.gnu-tools-for-stm32.12.3.rel1.win32_1.0.200.202406191623/tools/bin/../lib/gcc/arm-none-eabi/12.3.1/../../../../arm-none-eabi/lib/thumb/v7e-m+fp/hard\libc_nano.a(libc_a-fflush.o)
                0x08008dbc                _fflush_r
 .text.__swhatbuf_r
                0x08008e0c       0x4c C:/ST/STM32CubeIDE_1.16.0/STM32CubeIDE/plugins/com.st.stm32cube.ide.mcu.externaltools.gnu-tools-for-stm32.12.3.rel1.win32_1.0.200.202406191623/tools/bin/../lib/gcc/arm-none-eabi/12.3.1/../../../../arm-none-eabi/lib/thumb/v7e-m+fp/hard\libc_nano.a(libc_a-makebuf.o)
                0x08008e0c                __swhatbuf_r
 .text.__smakebuf_r
                0x08008e58       0x78 C:/ST/STM32CubeIDE_1.16.0/STM32CubeIDE/plugins/com.st.stm32cube.ide.mcu.externaltools.gnu-tools-for-stm32.12.3.rel1.win32_1.0.200.202406191623/tools/bin/../lib/gcc/arm-none-eabi/12.3.1/../../../../arm-none-eabi/lib/thumb/v7e-m+fp/hard\libc_nano.a(libc_a-makebuf.o)
                0x08008e58                __smakebuf_r
 .text._fstat_r
                0x08008ed0       0x24 C:/ST/STM32CubeIDE_1.16.0/STM32CubeIDE/plugins/com.st.stm32cube.ide.mcu.externaltools.gnu-tools-for-stm32.12.3.rel1.win32_1.0.200.202406191623/tools/bin/../lib/gcc/arm-none-eabi/12.3.1/../../../../arm-none-eabi/lib/thumb/v7e-m+fp/hard\libc_nano.a(libc_a-fstatr.o)
                0x08008ed0                _fstat_r
 .text._isatty_r
                0x08008ef4       0x20 C:/ST/STM32CubeIDE_1.16.0/STM32CubeIDE/plugins/com.st.stm32cube.ide.mcu.externaltools.gnu-tools-for-stm32.12.3.rel1.win32_1.0.200.202406191623/tools/bin/../lib/gcc/arm-none-eabi/12.3.1/../../../../arm-none-eabi/lib/thumb/v7e-m+fp/hard\libc_nano.a(libc_a-isattyr.o)
                0x08008ef4                _isatty_r
 .text._sbrk_r  0x08008f14       0x20 C:/ST/STM32CubeIDE_1.16.0/STM32CubeIDE/plugins/com.st.stm32cube.ide.mcu.externaltools.gnu-tools-for-stm32.12.3.rel1.win32_1.0.200.202406191623/tools/bin/../lib/gcc/arm-none-eabi/12.3.1/../../../../arm-none-eabi/lib/thumb/v7e-m+fp/hard\libc_nano.a(libc_a-sbrkr.o)
                0x08008f14                _sbrk_r
 *(.glue_7)
 .glue_7        0x08008f34        0x0 linker stubs
 *(.glue_7t)
 .glue_7t       0x08008f34        0x0 linker stubs
 *(.eh_frame)
 .eh_frame      0x08008f34        0x0 C:/ST/STM32CubeIDE_1.16.0/STM32CubeIDE/plugins/com.st.stm32cube.ide.mcu.externaltools.gnu-tools-for-stm32.12.3.rel1.win32_1.0.200.202406191623/tools/bin/../lib/gcc/arm-none-eabi/12.3.1/thumb/v7e-m+fp/hard/crtbegin.o
 *(.init)
 .init          0x08008f34        0x4 C:/ST/STM32CubeIDE_1.16.0/STM32CubeIDE/plugins/com.st.stm32cube.ide.mcu.externaltools.gnu-tools-for-stm32.12.3.rel1.win32_1.0.200.202406191623/tools/bin/../lib/gcc/arm-none-eabi/12.3.1/thumb/v7e-m+fp/hard/crti.o
                0x08008f34                _init
 .init          0x08008f38        0x8 C:/ST/STM32CubeIDE_1.16.0/STM32CubeIDE/plugins/com.st.stm32cube.ide.mcu.externaltools.gnu-tools-for-stm32.12.3.rel1.win32_1.0.200.202406191623/tools/bin/../lib/gcc/arm-none-eabi/12.3.1/thumb/v7e-m+fp/hard/crtn.o
 *(.fini)
 .fini          0x08008f40        0x4 C:/ST/STM32CubeIDE_1.16.0/STM32CubeIDE/plugins/com.st.stm32cube.ide.mcu.externaltools.gnu-tools-for-stm32.12.3.rel1.win32_1.0.200.202406191623/tools/bin/../lib/gcc/arm-none-eabi/12.3.1/thumb/v7e-m+fp/hard/crti.o
                0x08008f40                _fini
 .fini          0x08008f44        0x8 C:/ST/STM32CubeIDE_1.16.0/STM32CubeIDE/plugins/com.st.stm32cube.ide.mcu.externaltools.gnu-tools-for-stm32.12.3.rel1.win32_1.0.200.202406191623/tools/bin/../lib/gcc/arm-none-eabi/12.3.1/thumb/v7e-m+fp/hard/crtn.o
                0x08008f4c                        . = ALIGN (0x4)
                0x08008f4c                        _etext = .

.vfp11_veneer   0x08008f4c        0x0
 .vfp11_veneer  0x08008f4c        0x0 linker stubs

.v4_bx          0x08008f4c        0x0
 .v4_bx         0x08008f4c        0x0 linker stubs

.iplt           0x08008f4c        0x0
 .iplt          0x08008f4c        0x0 C:/ST/STM32CubeIDE_1.16.0/STM32CubeIDE/plugins/com.st.stm32cube.ide.mcu.externaltools.gnu-tools-for-stm32.12.3.rel1.win32_1.0.200.202406191623/tools/bin/../lib/gcc/arm-none-eabi/12.3.1/thumb/v7e-m+fp/hard/crtbegin.o

.rodata         0x08008f4c     0x1238
                0x08008f4c                        . = ALIGN (0x4)
 *(.rodata)
 .rodata        0x08008f4c       0x19 ./Core/Src/ApplicationCode.o
 *(.rodata*)
 *fill*         0x08008f65        0x3 
 .rodata.ASCII16x24_Table
                0x08008f68     0x11d0 ./Core/Src/fonts.o
                0x08008f68                ASCII16x24_Table
 .rodata.AHBPrescTable
                0x0800a138       0x10 ./Core/Src/system_stm32f4xx.o
                0x0800a138                AHBPrescTable
 .rodata.APBPrescTable
                0x0800a148        0x8 ./Core/Src/system_stm32f4xx.o
                0x0800a148                APBPrescTable
 .rodata._vfprintf_r.str1.1
                0x0800a150       0x11 C:/ST/STM32CubeIDE_1.16.0/STM32CubeIDE/plugins/com.st.stm32cube.ide.mcu.externaltools.gnu-tools-for-stm32.12.3.rel1.win32_1.0.200.202406191623/tools/bin/../lib/gcc/arm-none-eabi/12.3.1/../../../../arm-none-eabi/lib/thumb/v7e-m+fp/hard\libc_nano.a(libc_a-nano-vfprintf.o)
 .rodata._printf_i.str1.1
                0x0800a161       0x22 C:/ST/STM32CubeIDE_1.16.0/STM32CubeIDE/plugins/com.st.stm32cube.ide.mcu.externaltools.gnu-tools-for-stm32.12.3.rel1.win32_1.0.200.202406191623/tools/bin/../lib/gcc/arm-none-eabi/12.3.1/../../../../arm-none-eabi/lib/thumb/v7e-m+fp/hard\libc_nano.a(libc_a-nano-vfprintf_i.o)
                0x0800a184                        . = ALIGN (0x4)
 *fill*         0x0800a183        0x1 

.ARM.extab      0x0800a184        0x0
                0x0800a184                        . = ALIGN (0x4)
 *(.ARM.extab* .gnu.linkonce.armextab.*)
                0x0800a184                        . = ALIGN (0x4)

.ARM            0x0800a184        0x8
                0x0800a184                        . = ALIGN (0x4)
                0x0800a184                        __exidx_start = .
 *(.ARM.exidx*)
 .ARM.exidx     0x0800a184        0x8 C:/ST/STM32CubeIDE_1.16.0/STM32CubeIDE/plugins/com.st.stm32cube.ide.mcu.externaltools.gnu-tools-for-stm32.12.3.rel1.win32_1.0.200.202406191623/tools/bin/../lib/gcc/arm-none-eabi/12.3.1/../../../../arm-none-eabi/lib/thumb/v7e-m+fp/hard\libc_nano.a(libc_a-memchr.o)
 .ARM.exidx     0x0800a18c        0x0 C:/ST/STM32CubeIDE_1.16.0/STM32CubeIDE/plugins/com.st.stm32cube.ide.mcu.externaltools.gnu-tools-for-stm32.12.3.rel1.win32_1.0.200.202406191623/tools/bin/../lib/gcc/arm-none-eabi/12.3.1/thumb/v7e-m+fp/hard\libgcc.a(_udivmoddi4.o)
                                  0x8 (size before relaxing)
                0x0800a18c                        __exidx_end = .
                0x0800a18c                        . = ALIGN (0x4)

.preinit_array  0x0800a18c        0x0
                0x0800a18c                        . = ALIGN (0x4)
                0x0800a18c                        PROVIDE (__preinit_array_start = .)
 *(.preinit_array*)
                0x0800a18c                        PROVIDE (__preinit_array_end = .)
                0x0800a18c                        . = ALIGN (0x4)

.init_array     0x0800a18c        0x4
                0x0800a18c                        . = ALIGN (0x4)
                0x0800a18c                        PROVIDE (__init_array_start = .)
 *(SORT_BY_NAME(.init_array.*))
 *(.init_array*)
 .init_array    0x0800a18c        0x4 C:/ST/STM32CubeIDE_1.16.0/STM32CubeIDE/plugins/com.st.stm32cube.ide.mcu.externaltools.gnu-tools-for-stm32.12.3.rel1.win32_1.0.200.202406191623/tools/bin/../lib/gcc/arm-none-eabi/12.3.1/thumb/v7e-m+fp/hard/crtbegin.o
                0x0800a190                        PROVIDE (__init_array_end = .)
                0x0800a190                        . = ALIGN (0x4)

.fini_array     0x0800a190        0x4
                0x0800a190                        . = ALIGN (0x4)
                [!provide]                        PROVIDE (__fini_array_start = .)
 *(SORT_BY_NAME(.fini_array.*))
 *(.fini_array*)
 .fini_array    0x0800a190        0x4 C:/ST/STM32CubeIDE_1.16.0/STM32CubeIDE/plugins/com.st.stm32cube.ide.mcu.externaltools.gnu-tools-for-stm32.12.3.rel1.win32_1.0.200.202406191623/tools/bin/../lib/gcc/arm-none-eabi/12.3.1/thumb/v7e-m+fp/hard/crtbegin.o
                [!provide]                        PROVIDE (__fini_array_end = .)
                0x0800a194                        . = ALIGN (0x4)
                0x0800a194                        _sidata = LOADADDR (.data)

.rel.dyn        0x0800a194        0x0
 .rel.iplt      0x0800a194        0x0 C:/ST/STM32CubeIDE_1.16.0/STM32CubeIDE/plugins/com.st.stm32cube.ide.mcu.externaltools.gnu-tools-for-stm32.12.3.rel1.win32_1.0.200.202406191623/tools/bin/../lib/gcc/arm-none-eabi/12.3.1/thumb/v7e-m+fp/hard/crtbegin.o

.data           0x20000000       0x7c load address 0x0800a194
                0x20000000                        . = ALIGN (0x4)
                0x20000000                        _sdata = .
 *(.data)
 *(.data*)
 .data.CurrentTextColor
                0x20000000        0x2 ./Core/Src/LCD_Driver.o
 .data.GameScreenColor
                0x20000002        0x2 ./Core/Src/LCD_Driver.o
 .data.blockSize
                0x20000004        0x4 ./Core/Src/LCD_Driver.o
                0x20000004                blockSize
 .data.Font16x24
                0x20000008        0x8 ./Core/Src/fonts.o
                0x20000008                Font16x24
 .data.SpiTimeout
                0x20000010        0x4 ./Core/Src/ili9341.o
                0x20000010                SpiTimeout
 .data.SystemCoreClock
                0x20000014        0x4 ./Core/Src/system_stm32f4xx.o
                0x20000014                SystemCoreClock
 .data.uwTickPrio
                0x20000018        0x4 ./Drivers/STM32F4xx_HAL_Driver/Src/stm32f4xx_hal.o
                0x20000018                uwTickPrio
 .data.uwTickFreq
                0x2000001c        0x1 ./Drivers/STM32F4xx_HAL_Driver/Src/stm32f4xx_hal.o
                0x2000001c                uwTickFreq
 *fill*         0x2000001d        0x3 
 .data.__sglue  0x20000020        0xc C:/ST/STM32CubeIDE_1.16.0/STM32CubeIDE/plugins/com.st.stm32cube.ide.mcu.externaltools.gnu-tools-for-stm32.12.3.rel1.win32_1.0.200.202406191623/tools/bin/../lib/gcc/arm-none-eabi/12.3.1/../../../../arm-none-eabi/lib/thumb/v7e-m+fp/hard\libc_nano.a(libc_a-findfp.o)
                0x20000020                __sglue
 .data._impure_ptr
                0x2000002c        0x4 C:/ST/STM32CubeIDE_1.16.0/STM32CubeIDE/plugins/com.st.stm32cube.ide.mcu.externaltools.gnu-tools-for-stm32.12.3.rel1.win32_1.0.200.202406191623/tools/bin/../lib/gcc/arm-none-eabi/12.3.1/../../../../arm-none-eabi/lib/thumb/v7e-m+fp/hard\libc_nano.a(libc_a-impure.o)
                0x2000002c                _impure_ptr
 .data._impure_data
                0x20000030       0x4c C:/ST/STM32CubeIDE_1.16.0/STM32CubeIDE/plugins/com.st.stm32cube.ide.mcu.externaltools.gnu-tools-for-stm32.12.3.rel1.win32_1.0.200.202406191623/tools/bin/../lib/gcc/arm-none-eabi/12.3.1/../../../../arm-none-eabi/lib/thumb/v7e-m+fp/hard\libc_nano.a(libc_a-impure.o)
                0x20000030                _impure_data
 *(.RamFunc)
 *(.RamFunc*)
                0x2000007c                        . = ALIGN (0x4)
                0x2000007c                        _edata = .
                0x0800a210                        _siccmram = LOADADDR (.ccmram)

.igot.plt       0x2000007c        0x0 load address 0x0800a210
 .igot.plt      0x2000007c        0x0 C:/ST/STM32CubeIDE_1.16.0/STM32CubeIDE/plugins/com.st.stm32cube.ide.mcu.externaltools.gnu-tools-for-stm32.12.3.rel1.win32_1.0.200.202406191623/tools/bin/../lib/gcc/arm-none-eabi/12.3.1/thumb/v7e-m+fp/hard/crtbegin.o

.ccmram         0x10000000        0x0 load address 0x0800a210
                0x10000000                        . = ALIGN (0x4)
                0x10000000                        _sccmram = .
 *(.ccmram)
 *(.ccmram*)
                0x10000000                        . = ALIGN (0x4)
                0x10000000                        _eccmram = .
                0x10000000                        . = ALIGN (0x4)

.bss            0x2000007c    0x25ffc
                0x2000007c                        _sbss = .
                0x2000007c                        __bss_start__ = _sbss
 *(.bss)
 .bss           0x2000007c       0x1c C:/ST/STM32CubeIDE_1.16.0/STM32CubeIDE/plugins/com.st.stm32cube.ide.mcu.externaltools.gnu-tools-for-stm32.12.3.rel1.win32_1.0.200.202406191623/tools/bin/../lib/gcc/arm-none-eabi/12.3.1/thumb/v7e-m+fp/hard/crtbegin.o
 *(.bss*)
 .bss.StaticTouchData
                0x20000098        0x8 ./Core/Src/ApplicationCode.o
 .bss.LCDTouchIRQ
                0x200000a0        0x8 ./Core/Src/ApplicationCode.o
 .bss.statusFlag
                0x200000a8        0x1 ./Core/Src/ApplicationCode.o
 *fill*         0x200000a9        0x3 
 .bss.count.0   0x200000ac        0x4 ./Core/Src/ApplicationCode.o
 .bss.hltdc     0x200000b0       0xa8 ./Core/Src/LCD_Driver.o
 .bss.PeriphClkInitStruct
                0x20000158       0x30 ./Core/Src/LCD_Driver.o
 .bss.LCD_Currentfonts
                0x20000188        0x4 ./Core/Src/LCD_Driver.o
 .bss.Obj_Color
                0x2000018c      0x180 ./Core/Src/LCD_Driver.o
                0x2000018c                Obj_Color
 .bss.LCD_Screen
                0x2000030c      0x300 ./Core/Src/LCD_Driver.o
                0x2000030c                LCD_Screen
 .bss.CurrentBlock
                0x2000060c        0x8 ./Core/Src/LCD_Driver.o
 .bss.frameBuffer
                0x20000614    0x25800 ./Core/Src/LCD_Driver.o
                0x20000614                frameBuffer
 .bss.RNG_Config
                0x20025e14       0x10 ./Core/Src/RNG.o
                0x20025e14                RNG_Config
 .bss.scheduledEvents
                0x20025e24        0x4 ./Core/Src/Scheduler.o
 .bss.TIM3_Config
                0x20025e28       0x48 ./Core/Src/Timer_Driver.o
                0x20025e28                TIM3_Config
 .bss.SpiHandle
                0x20025e70       0x58 ./Core/Src/ili9341.o
 .bss.Is_LCD_IO_Initialized
                0x20025ec8        0x1 ./Core/Src/ili9341.o
 *fill*         0x20025ec9        0x3 
 .bss.hI2C3     0x20025ecc       0x54 ./Core/Src/stmpe811.o
 .bss.HAL_status
                0x20025f20        0x1 ./Core/Src/stmpe811.o
 *fill*         0x20025f21        0x3 
 .bss.__sbrk_heap_end
                0x20025f24        0x4 ./Core/Src/sysmem.o
 .bss.uwTick    0x20025f28        0x4 ./Drivers/STM32F4xx_HAL_Driver/Src/stm32f4xx_hal.o
                0x20025f28                uwTick
 .bss.__sf      0x20025f2c      0x138 C:/ST/STM32CubeIDE_1.16.0/STM32CubeIDE/plugins/com.st.stm32cube.ide.mcu.externaltools.gnu-tools-for-stm32.12.3.rel1.win32_1.0.200.202406191623/tools/bin/../lib/gcc/arm-none-eabi/12.3.1/../../../../arm-none-eabi/lib/thumb/v7e-m+fp/hard\libc_nano.a(libc_a-findfp.o)
                0x20025f2c                __sf
 .bss.__stdio_exit_handler
                0x20026064        0x4 C:/ST/STM32CubeIDE_1.16.0/STM32CubeIDE/plugins/com.st.stm32cube.ide.mcu.externaltools.gnu-tools-for-stm32.12.3.rel1.win32_1.0.200.202406191623/tools/bin/../lib/gcc/arm-none-eabi/12.3.1/../../../../arm-none-eabi/lib/thumb/v7e-m+fp/hard\libc_nano.a(libc_a-findfp.o)
                0x20026064                __stdio_exit_handler
 .bss.errno     0x20026068        0x4 C:/ST/STM32CubeIDE_1.16.0/STM32CubeIDE/plugins/com.st.stm32cube.ide.mcu.externaltools.gnu-tools-for-stm32.12.3.rel1.win32_1.0.200.202406191623/tools/bin/../lib/gcc/arm-none-eabi/12.3.1/../../../../arm-none-eabi/lib/thumb/v7e-m+fp/hard\libc_nano.a(libc_a-reent.o)
                0x20026068                errno
 .bss.__lock___malloc_recursive_mutex
                0x2002606c        0x1 C:/ST/STM32CubeIDE_1.16.0/STM32CubeIDE/plugins/com.st.stm32cube.ide.mcu.externaltools.gnu-tools-for-stm32.12.3.rel1.win32_1.0.200.202406191623/tools/bin/../lib/gcc/arm-none-eabi/12.3.1/../../../../arm-none-eabi/lib/thumb/v7e-m+fp/hard\libc_nano.a(libc_a-lock.o)
                0x2002606c                __lock___malloc_recursive_mutex
 .bss.__lock___sfp_recursive_mutex
                0x2002606d        0x1 C:/ST/STM32CubeIDE_1.16.0/STM32CubeIDE/plugins/com.st.stm32cube.ide.mcu.externaltools.gnu-tools-for-stm32.12.3.rel1.win32_1.0.200.202406191623/tools/bin/../lib/gcc/arm-none-eabi/12.3.1/../../../../arm-none-eabi/lib/thumb/v7e-m+fp/hard\libc_nano.a(libc_a-lock.o)
                0x2002606d                __lock___sfp_recursive_mutex
 *fill*         0x2002606e        0x2 
 .bss.__malloc_sbrk_start
                0x20026070        0x4 C:/ST/STM32CubeIDE_1.16.0/STM32CubeIDE/plugins/com.st.stm32cube.ide.mcu.externaltools.gnu-tools-for-stm32.12.3.rel1.win32_1.0.200.202406191623/tools/bin/../lib/gcc/arm-none-eabi/12.3.1/../../../../arm-none-eabi/lib/thumb/v7e-m+fp/hard\libc_nano.a(libc_a-mallocr.o)
                0x20026070                __malloc_sbrk_start
 .bss.__malloc_free_list
                0x20026074        0x4 C:/ST/STM32CubeIDE_1.16.0/STM32CubeIDE/plugins/com.st.stm32cube.ide.mcu.externaltools.gnu-tools-for-stm32.12.3.rel1.win32_1.0.200.202406191623/tools/bin/../lib/gcc/arm-none-eabi/12.3.1/../../../../arm-none-eabi/lib/thumb/v7e-m+fp/hard\libc_nano.a(libc_a-mallocr.o)
                0x20026074                __malloc_free_list
 *(COMMON)
                0x20026078                        . = ALIGN (0x4)
                0x20026078                        _ebss = .
                0x20026078                        __bss_end__ = _ebss

._user_heap_stack
                0x20026078      0x600
                0x20026078                        . = ALIGN (0x8)
                [!provide]                        PROVIDE (end = .)
                0x20026078                        PROVIDE (_end = .)
                0x20026278                        . = (. + _Min_Heap_Size)
 *fill*         0x20026078      0x200 
                0x20026678                        . = (. + _Min_Stack_Size)
 *fill*         0x20026278      0x400 
                0x20026678                        . = ALIGN (0x8)

/DISCARD/
 libc.a(*)
 libm.a(*)
 libgcc.a(*)

.ARM.attributes
                0x00000000       0x30
 *(.ARM.attributes)
 .ARM.attributes
                0x00000000       0x22 C:/ST/STM32CubeIDE_1.16.0/STM32CubeIDE/plugins/com.st.stm32cube.ide.mcu.externaltools.gnu-tools-for-stm32.12.3.rel1.win32_1.0.200.202406191623/tools/bin/../lib/gcc/arm-none-eabi/12.3.1/thumb/v7e-m+fp/hard/crti.o
 .ARM.attributes
                0x00000022       0x34 C:/ST/STM32CubeIDE_1.16.0/STM32CubeIDE/plugins/com.st.stm32cube.ide.mcu.externaltools.gnu-tools-for-stm32.12.3.rel1.win32_1.0.200.202406191623/tools/bin/../lib/gcc/arm-none-eabi/12.3.1/thumb/v7e-m+fp/hard/crtbegin.o
 .ARM.attributes
                0x00000056       0x34 ./Core/Src/ApplicationCode.o
 .ARM.attributes
                0x0000008a       0x34 ./Core/Src/Button_Driver.o
 .ARM.attributes
                0x000000be       0x34 ./Core/Src/LCD_Driver.o
 .ARM.attributes
                0x000000f2       0x34 ./Core/Src/RNG.o
 .ARM.attributes
                0x00000126       0x34 ./Core/Src/Scheduler.o
 .ARM.attributes
                0x0000015a       0x34 ./Core/Src/Timer_Driver.o
 .ARM.attributes
                0x0000018e       0x34 ./Core/Src/fonts.o
 .ARM.attributes
                0x000001c2       0x34 ./Core/Src/ili9341.o
 .ARM.attributes
                0x000001f6       0x34 ./Core/Src/main.o
 .ARM.attributes
                0x0000022a       0x34 ./Core/Src/stm32f4xx_hal_msp.o
 .ARM.attributes
                0x0000025e       0x34 ./Core/Src/stm32f4xx_it.o
 .ARM.attributes
                0x00000292       0x34 ./Core/Src/stmpe811.o
 .ARM.attributes
                0x000002c6       0x34 ./Core/Src/syscalls.o
 .ARM.attributes
                0x000002fa       0x34 ./Core/Src/sysmem.o
 .ARM.attributes
                0x0000032e       0x34 ./Core/Src/system_stm32f4xx.o
 .ARM.attributes
                0x00000362       0x21 ./Core/Startup/startup_stm32f429zitx.o
 .ARM.attributes
                0x00000383       0x34 ./Drivers/STM32F4xx_HAL_Driver/Src/stm32f4xx_hal.o
 .ARM.attributes
                0x000003b7       0x34 ./Drivers/STM32F4xx_HAL_Driver/Src/stm32f4xx_hal_cortex.o
 .ARM.attributes
                0x000003eb       0x34 ./Drivers/STM32F4xx_HAL_Driver/Src/stm32f4xx_hal_exti.o
 .ARM.attributes
                0x0000041f       0x34 ./Drivers/STM32F4xx_HAL_Driver/Src/stm32f4xx_hal_gpio.o
 .ARM.attributes
                0x00000453       0x34 ./Drivers/STM32F4xx_HAL_Driver/Src/stm32f4xx_hal_i2c.o
 .ARM.attributes
                0x00000487       0x34 ./Drivers/STM32F4xx_HAL_Driver/Src/stm32f4xx_hal_ltdc.o
 .ARM.attributes
                0x000004bb       0x34 ./Drivers/STM32F4xx_HAL_Driver/Src/stm32f4xx_hal_rcc.o
 .ARM.attributes
                0x000004ef       0x34 ./Drivers/STM32F4xx_HAL_Driver/Src/stm32f4xx_hal_rcc_ex.o
 .ARM.attributes
                0x00000523       0x34 ./Drivers/STM32F4xx_HAL_Driver/Src/stm32f4xx_hal_rng.o
 .ARM.attributes
                0x00000557       0x34 ./Drivers/STM32F4xx_HAL_Driver/Src/stm32f4xx_hal_spi.o
 .ARM.attributes
                0x0000058b       0x34 ./Drivers/STM32F4xx_HAL_Driver/Src/stm32f4xx_hal_tim.o
 .ARM.attributes
                0x000005bf       0x34 C:/ST/STM32CubeIDE_1.16.0/STM32CubeIDE/plugins/com.st.stm32cube.ide.mcu.externaltools.gnu-tools-for-stm32.12.3.rel1.win32_1.0.200.202406191623/tools/bin/../lib/gcc/arm-none-eabi/12.3.1/../../../../arm-none-eabi/lib/thumb/v7e-m+fp/hard\libc_nano.a(libc_a-findfp.o)
 .ARM.attributes
                0x000005f3       0x34 C:/ST/STM32CubeIDE_1.16.0/STM32CubeIDE/plugins/com.st.stm32cube.ide.mcu.externaltools.gnu-tools-for-stm32.12.3.rel1.win32_1.0.200.202406191623/tools/bin/../lib/gcc/arm-none-eabi/12.3.1/../../../../arm-none-eabi/lib/thumb/v7e-m+fp/hard\libc_nano.a(libc_a-fwalk.o)
 .ARM.attributes
                0x00000627       0x34 C:/ST/STM32CubeIDE_1.16.0/STM32CubeIDE/plugins/com.st.stm32cube.ide.mcu.externaltools.gnu-tools-for-stm32.12.3.rel1.win32_1.0.200.202406191623/tools/bin/../lib/gcc/arm-none-eabi/12.3.1/../../../../arm-none-eabi/lib/thumb/v7e-m+fp/hard\libc_nano.a(libc_a-printf.o)
 .ARM.attributes
                0x0000065b       0x34 C:/ST/STM32CubeIDE_1.16.0/STM32CubeIDE/plugins/com.st.stm32cube.ide.mcu.externaltools.gnu-tools-for-stm32.12.3.rel1.win32_1.0.200.202406191623/tools/bin/../lib/gcc/arm-none-eabi/12.3.1/../../../../arm-none-eabi/lib/thumb/v7e-m+fp/hard\libc_nano.a(libc_a-stdio.o)
 .ARM.attributes
                0x0000068f       0x34 C:/ST/STM32CubeIDE_1.16.0/STM32CubeIDE/plugins/com.st.stm32cube.ide.mcu.externaltools.gnu-tools-for-stm32.12.3.rel1.win32_1.0.200.202406191623/tools/bin/../lib/gcc/arm-none-eabi/12.3.1/../../../../arm-none-eabi/lib/thumb/v7e-m+fp/hard\libc_nano.a(libc_a-wbuf.o)
 .ARM.attributes
                0x000006c3       0x34 C:/ST/STM32CubeIDE_1.16.0/STM32CubeIDE/plugins/com.st.stm32cube.ide.mcu.externaltools.gnu-tools-for-stm32.12.3.rel1.win32_1.0.200.202406191623/tools/bin/../lib/gcc/arm-none-eabi/12.3.1/../../../../arm-none-eabi/lib/thumb/v7e-m+fp/hard\libc_nano.a(libc_a-wsetup.o)
 .ARM.attributes
                0x000006f7       0x34 C:/ST/STM32CubeIDE_1.16.0/STM32CubeIDE/plugins/com.st.stm32cube.ide.mcu.externaltools.gnu-tools-for-stm32.12.3.rel1.win32_1.0.200.202406191623/tools/bin/../lib/gcc/arm-none-eabi/12.3.1/../../../../arm-none-eabi/lib/thumb/v7e-m+fp/hard\libc_nano.a(libc_a-memset.o)
 .ARM.attributes
                0x0000072b       0x34 C:/ST/STM32CubeIDE_1.16.0/STM32CubeIDE/plugins/com.st.stm32cube.ide.mcu.externaltools.gnu-tools-for-stm32.12.3.rel1.win32_1.0.200.202406191623/tools/bin/../lib/gcc/arm-none-eabi/12.3.1/../../../../arm-none-eabi/lib/thumb/v7e-m+fp/hard\libc_nano.a(libc_a-closer.o)
 .ARM.attributes
                0x0000075f       0x34 C:/ST/STM32CubeIDE_1.16.0/STM32CubeIDE/plugins/com.st.stm32cube.ide.mcu.externaltools.gnu-tools-for-stm32.12.3.rel1.win32_1.0.200.202406191623/tools/bin/../lib/gcc/arm-none-eabi/12.3.1/../../../../arm-none-eabi/lib/thumb/v7e-m+fp/hard\libc_nano.a(libc_a-reent.o)
 .ARM.attributes
                0x00000793       0x34 C:/ST/STM32CubeIDE_1.16.0/STM32CubeIDE/plugins/com.st.stm32cube.ide.mcu.externaltools.gnu-tools-for-stm32.12.3.rel1.win32_1.0.200.202406191623/tools/bin/../lib/gcc/arm-none-eabi/12.3.1/../../../../arm-none-eabi/lib/thumb/v7e-m+fp/hard\libc_nano.a(libc_a-impure.o)
 .ARM.attributes
                0x000007c7       0x34 C:/ST/STM32CubeIDE_1.16.0/STM32CubeIDE/plugins/com.st.stm32cube.ide.mcu.externaltools.gnu-tools-for-stm32.12.3.rel1.win32_1.0.200.202406191623/tools/bin/../lib/gcc/arm-none-eabi/12.3.1/../../../../arm-none-eabi/lib/thumb/v7e-m+fp/hard\libc_nano.a(libc_a-lseekr.o)
 .ARM.attributes
                0x000007fb       0x34 C:/ST/STM32CubeIDE_1.16.0/STM32CubeIDE/plugins/com.st.stm32cube.ide.mcu.externaltools.gnu-tools-for-stm32.12.3.rel1.win32_1.0.200.202406191623/tools/bin/../lib/gcc/arm-none-eabi/12.3.1/../../../../arm-none-eabi/lib/thumb/v7e-m+fp/hard\libc_nano.a(libc_a-readr.o)
 .ARM.attributes
                0x0000082f       0x34 C:/ST/STM32CubeIDE_1.16.0/STM32CubeIDE/plugins/com.st.stm32cube.ide.mcu.externaltools.gnu-tools-for-stm32.12.3.rel1.win32_1.0.200.202406191623/tools/bin/../lib/gcc/arm-none-eabi/12.3.1/../../../../arm-none-eabi/lib/thumb/v7e-m+fp/hard\libc_nano.a(libc_a-writer.o)
 .ARM.attributes
                0x00000863       0x34 C:/ST/STM32CubeIDE_1.16.0/STM32CubeIDE/plugins/com.st.stm32cube.ide.mcu.externaltools.gnu-tools-for-stm32.12.3.rel1.win32_1.0.200.202406191623/tools/bin/../lib/gcc/arm-none-eabi/12.3.1/../../../../arm-none-eabi/lib/thumb/v7e-m+fp/hard\libc_nano.a(libc_a-errno.o)
 .ARM.attributes
                0x00000897       0x34 C:/ST/STM32CubeIDE_1.16.0/STM32CubeIDE/plugins/com.st.stm32cube.ide.mcu.externaltools.gnu-tools-for-stm32.12.3.rel1.win32_1.0.200.202406191623/tools/bin/../lib/gcc/arm-none-eabi/12.3.1/../../../../arm-none-eabi/lib/thumb/v7e-m+fp/hard\libc_nano.a(libc_a-init.o)
 .ARM.attributes
                0x000008cb       0x34 C:/ST/STM32CubeIDE_1.16.0/STM32CubeIDE/plugins/com.st.stm32cube.ide.mcu.externaltools.gnu-tools-for-stm32.12.3.rel1.win32_1.0.200.202406191623/tools/bin/../lib/gcc/arm-none-eabi/12.3.1/../../../../arm-none-eabi/lib/thumb/v7e-m+fp/hard\libc_nano.a(libc_a-lock.o)
 .ARM.attributes
                0x000008ff       0x34 C:/ST/STM32CubeIDE_1.16.0/STM32CubeIDE/plugins/com.st.stm32cube.ide.mcu.externaltools.gnu-tools-for-stm32.12.3.rel1.win32_1.0.200.202406191623/tools/bin/../lib/gcc/arm-none-eabi/12.3.1/../../../../arm-none-eabi/lib/thumb/v7e-m+fp/hard\libc_nano.a(libc_a-freer.o)
 .ARM.attributes
                0x00000933       0x34 C:/ST/STM32CubeIDE_1.16.0/STM32CubeIDE/plugins/com.st.stm32cube.ide.mcu.externaltools.gnu-tools-for-stm32.12.3.rel1.win32_1.0.200.202406191623/tools/bin/../lib/gcc/arm-none-eabi/12.3.1/../../../../arm-none-eabi/lib/thumb/v7e-m+fp/hard\libc_nano.a(libc_a-mallocr.o)
 .ARM.attributes
                0x00000967       0x34 C:/ST/STM32CubeIDE_1.16.0/STM32CubeIDE/plugins/com.st.stm32cube.ide.mcu.externaltools.gnu-tools-for-stm32.12.3.rel1.win32_1.0.200.202406191623/tools/bin/../lib/gcc/arm-none-eabi/12.3.1/../../../../arm-none-eabi/lib/thumb/v7e-m+fp/hard\libc_nano.a(libc_a-mlock.o)
 .ARM.attributes
                0x0000099b       0x34 C:/ST/STM32CubeIDE_1.16.0/STM32CubeIDE/plugins/com.st.stm32cube.ide.mcu.externaltools.gnu-tools-for-stm32.12.3.rel1.win32_1.0.200.202406191623/tools/bin/../lib/gcc/arm-none-eabi/12.3.1/../../../../arm-none-eabi/lib/thumb/v7e-m+fp/hard\libc_nano.a(libc_a-nano-vfprintf.o)
 .ARM.attributes
                0x000009cf       0x34 C:/ST/STM32CubeIDE_1.16.0/STM32CubeIDE/plugins/com.st.stm32cube.ide.mcu.externaltools.gnu-tools-for-stm32.12.3.rel1.win32_1.0.200.202406191623/tools/bin/../lib/gcc/arm-none-eabi/12.3.1/../../../../arm-none-eabi/lib/thumb/v7e-m+fp/hard\libc_nano.a(libc_a-nano-vfprintf_i.o)
 .ARM.attributes
                0x00000a03       0x34 C:/ST/STM32CubeIDE_1.16.0/STM32CubeIDE/plugins/com.st.stm32cube.ide.mcu.externaltools.gnu-tools-for-stm32.12.3.rel1.win32_1.0.200.202406191623/tools/bin/../lib/gcc/arm-none-eabi/12.3.1/../../../../arm-none-eabi/lib/thumb/v7e-m+fp/hard\libc_nano.a(libc_a-fflush.o)
 .ARM.attributes
                0x00000a37       0x34 C:/ST/STM32CubeIDE_1.16.0/STM32CubeIDE/plugins/com.st.stm32cube.ide.mcu.externaltools.gnu-tools-for-stm32.12.3.rel1.win32_1.0.200.202406191623/tools/bin/../lib/gcc/arm-none-eabi/12.3.1/../../../../arm-none-eabi/lib/thumb/v7e-m+fp/hard\libc_nano.a(libc_a-makebuf.o)
 .ARM.attributes
                0x00000a6b       0x34 C:/ST/STM32CubeIDE_1.16.0/STM32CubeIDE/plugins/com.st.stm32cube.ide.mcu.externaltools.gnu-tools-for-stm32.12.3.rel1.win32_1.0.200.202406191623/tools/bin/../lib/gcc/arm-none-eabi/12.3.1/../../../../arm-none-eabi/lib/thumb/v7e-m+fp/hard\libc_nano.a(libc_a-fstatr.o)
 .ARM.attributes
                0x00000a9f       0x34 C:/ST/STM32CubeIDE_1.16.0/STM32CubeIDE/plugins/com.st.stm32cube.ide.mcu.externaltools.gnu-tools-for-stm32.12.3.rel1.win32_1.0.200.202406191623/tools/bin/../lib/gcc/arm-none-eabi/12.3.1/../../../../arm-none-eabi/lib/thumb/v7e-m+fp/hard\libc_nano.a(libc_a-isattyr.o)
 .ARM.attributes
                0x00000ad3       0x34 C:/ST/STM32CubeIDE_1.16.0/STM32CubeIDE/plugins/com.st.stm32cube.ide.mcu.externaltools.gnu-tools-for-stm32.12.3.rel1.win32_1.0.200.202406191623/tools/bin/../lib/gcc/arm-none-eabi/12.3.1/../../../../arm-none-eabi/lib/thumb/v7e-m+fp/hard\libc_nano.a(libc_a-sbrkr.o)
 .ARM.attributes
                0x00000b07       0x1c C:/ST/STM32CubeIDE_1.16.0/STM32CubeIDE/plugins/com.st.stm32cube.ide.mcu.externaltools.gnu-tools-for-stm32.12.3.rel1.win32_1.0.200.202406191623/tools/bin/../lib/gcc/arm-none-eabi/12.3.1/../../../../arm-none-eabi/lib/thumb/v7e-m+fp/hard\libc_nano.a(libc_a-memchr.o)
 .ARM.attributes
                0x00000b23       0x22 C:/ST/STM32CubeIDE_1.16.0/STM32CubeIDE/plugins/com.st.stm32cube.ide.mcu.externaltools.gnu-tools-for-stm32.12.3.rel1.win32_1.0.200.202406191623/tools/bin/../lib/gcc/arm-none-eabi/12.3.1/thumb/v7e-m+fp/hard\libgcc.a(_aeabi_uldivmod.o)
 .ARM.attributes
                0x00000b45       0x34 C:/ST/STM32CubeIDE_1.16.0/STM32CubeIDE/plugins/com.st.stm32cube.ide.mcu.externaltools.gnu-tools-for-stm32.12.3.rel1.win32_1.0.200.202406191623/tools/bin/../lib/gcc/arm-none-eabi/12.3.1/thumb/v7e-m+fp/hard\libgcc.a(_udivmoddi4.o)
 .ARM.attributes
                0x00000b79       0x22 C:/ST/STM32CubeIDE_1.16.0/STM32CubeIDE/plugins/com.st.stm32cube.ide.mcu.externaltools.gnu-tools-for-stm32.12.3.rel1.win32_1.0.200.202406191623/tools/bin/../lib/gcc/arm-none-eabi/12.3.1/thumb/v7e-m+fp/hard\libgcc.a(_dvmd_tls.o)
 .ARM.attributes
                0x00000b9b       0x22 C:/ST/STM32CubeIDE_1.16.0/STM32CubeIDE/plugins/com.st.stm32cube.ide.mcu.externaltools.gnu-tools-for-stm32.12.3.rel1.win32_1.0.200.202406191623/tools/bin/../lib/gcc/arm-none-eabi/12.3.1/thumb/v7e-m+fp/hard/crtn.o
OUTPUT(CJacobs_Tetris.elf elf32-littlearm)
LOAD linker stubs
LOAD C:/ST/STM32CubeIDE_1.16.0/STM32CubeIDE/plugins/com.st.stm32cube.ide.mcu.externaltools.gnu-tools-for-stm32.12.3.rel1.win32_1.0.200.202406191623/tools/bin/../lib/gcc/arm-none-eabi/12.3.1/../../../../arm-none-eabi/lib/thumb/v7e-m+fp/hard\libc.a
LOAD C:/ST/STM32CubeIDE_1.16.0/STM32CubeIDE/plugins/com.st.stm32cube.ide.mcu.externaltools.gnu-tools-for-stm32.12.3.rel1.win32_1.0.200.202406191623/tools/bin/../lib/gcc/arm-none-eabi/12.3.1/../../../../arm-none-eabi/lib/thumb/v7e-m+fp/hard\libm.a
LOAD C:/ST/STM32CubeIDE_1.16.0/STM32CubeIDE/plugins/com.st.stm32cube.ide.mcu.externaltools.gnu-tools-for-stm32.12.3.rel1.win32_1.0.200.202406191623/tools/bin/../lib/gcc/arm-none-eabi/12.3.1/thumb/v7e-m+fp/hard\libgcc.a

.debug_info     0x00000000    0x13d54
 .debug_info    0x00000000     0x1111 ./Core/Src/ApplicationCode.o
 .debug_info    0x00001111      0x6ef ./Core/Src/Button_Driver.o
 .debug_info    0x00001800     0x1f39 ./Core/Src/LCD_Driver.o
 .debug_info    0x00003739      0x40f ./Core/Src/RNG.o
 .debug_info    0x00003b48       0xf7 ./Core/Src/Scheduler.o
 .debug_info    0x00003c3f      0xb3f ./Core/Src/Timer_Driver.o
 .debug_info    0x0000477e      0x145 ./Core/Src/fonts.o
 .debug_info    0x000048c3      0xc85 ./Core/Src/ili9341.o
 .debug_info    0x00005548      0x596 ./Core/Src/main.o
 .debug_info    0x00005ade     0x17b6 ./Core/Src/stm32f4xx_hal_msp.o
 .debug_info    0x00007294      0x112 ./Core/Src/stm32f4xx_it.o
 .debug_info    0x000073a6     0x124f ./Core/Src/stmpe811.o
 .debug_info    0x000085f5      0x6a3 ./Core/Src/syscalls.o
 .debug_info    0x00008c98      0x168 ./Core/Src/sysmem.o
 .debug_info    0x00008e00      0x52e ./Core/Src/system_stm32f4xx.o
 .debug_info    0x0000932e       0x30 ./Core/Startup/startup_stm32f429zitx.o
 .debug_info    0x0000935e      0x9ba ./Drivers/STM32F4xx_HAL_Driver/Src/stm32f4xx_hal.o
 .debug_info    0x00009d18      0xdc2 ./Drivers/STM32F4xx_HAL_Driver/Src/stm32f4xx_hal_cortex.o
 .debug_info    0x0000aada      0x4f4 ./Drivers/STM32F4xx_HAL_Driver/Src/stm32f4xx_hal_exti.o
 .debug_info    0x0000afce      0x6db ./Drivers/STM32F4xx_HAL_Driver/Src/stm32f4xx_hal_gpio.o
 .debug_info    0x0000b6a9     0x2421 ./Drivers/STM32F4xx_HAL_Driver/Src/stm32f4xx_hal_i2c.o
 .debug_info    0x0000daca     0x1022 ./Drivers/STM32F4xx_HAL_Driver/Src/stm32f4xx_hal_ltdc.o
 .debug_info    0x0000eaec      0x8c7 ./Drivers/STM32F4xx_HAL_Driver/Src/stm32f4xx_hal_rcc.o
 .debug_info    0x0000f3b3      0x64c ./Drivers/STM32F4xx_HAL_Driver/Src/stm32f4xx_hal_rcc_ex.o
 .debug_info    0x0000f9ff      0x493 ./Drivers/STM32F4xx_HAL_Driver/Src/stm32f4xx_hal_rng.o
 .debug_info    0x0000fe92     0x1525 ./Drivers/STM32F4xx_HAL_Driver/Src/stm32f4xx_hal_spi.o
 .debug_info    0x000113b7     0x299d ./Drivers/STM32F4xx_HAL_Driver/Src/stm32f4xx_hal_tim.o

.debug_abbrev   0x00000000     0x337d
 .debug_abbrev  0x00000000      0x264 ./Core/Src/ApplicationCode.o
 .debug_abbrev  0x00000264      0x1ca ./Core/Src/Button_Driver.o
 .debug_abbrev  0x0000042e      0x3b0 ./Core/Src/LCD_Driver.o
 .debug_abbrev  0x000007de      0x167 ./Core/Src/RNG.o
 .debug_abbrev  0x00000945       0x94 ./Core/Src/Scheduler.o
 .debug_abbrev  0x000009d9      0x1c3 ./Core/Src/Timer_Driver.o
 .debug_abbrev  0x00000b9c       0xc6 ./Core/Src/fonts.o
 .debug_abbrev  0x00000c62      0x2c9 ./Core/Src/ili9341.o
 .debug_abbrev  0x00000f2b      0x208 ./Core/Src/main.o
 .debug_abbrev  0x00001133      0x25c ./Core/Src/stm32f4xx_hal_msp.o
 .debug_abbrev  0x0000138f       0x73 ./Core/Src/stm32f4xx_it.o
 .debug_abbrev  0x00001402      0x303 ./Core/Src/stmpe811.o
 .debug_abbrev  0x00001705      0x1b6 ./Core/Src/syscalls.o
 .debug_abbrev  0x000018bb       0xbc ./Core/Src/sysmem.o
 .debug_abbrev  0x00001977      0x11a ./Core/Src/system_stm32f4xx.o
 .debug_abbrev  0x00001a91       0x24 ./Core/Startup/startup_stm32f429zitx.o
 .debug_abbrev  0x00001ab5      0x214 ./Drivers/STM32F4xx_HAL_Driver/Src/stm32f4xx_hal.o
 .debug_abbrev  0x00001cc9      0x31d ./Drivers/STM32F4xx_HAL_Driver/Src/stm32f4xx_hal_cortex.o
 .debug_abbrev  0x00001fe6      0x1c6 ./Drivers/STM32F4xx_HAL_Driver/Src/stm32f4xx_hal_exti.o
 .debug_abbrev  0x000021ac      0x1d4 ./Drivers/STM32F4xx_HAL_Driver/Src/stm32f4xx_hal_gpio.o
 .debug_abbrev  0x00002380      0x2ad ./Drivers/STM32F4xx_HAL_Driver/Src/stm32f4xx_hal_i2c.o
 .debug_abbrev  0x0000262d      0x233 ./Drivers/STM32F4xx_HAL_Driver/Src/stm32f4xx_hal_ltdc.o
 .debug_abbrev  0x00002860      0x2b7 ./Drivers/STM32F4xx_HAL_Driver/Src/stm32f4xx_hal_rcc.o
 .debug_abbrev  0x00002b17      0x1b0 ./Drivers/STM32F4xx_HAL_Driver/Src/stm32f4xx_hal_rcc_ex.o
 .debug_abbrev  0x00002cc7      0x1c4 ./Drivers/STM32F4xx_HAL_Driver/Src/stm32f4xx_hal_rng.o
 .debug_abbrev  0x00002e8b      0x27a ./Drivers/STM32F4xx_HAL_Driver/Src/stm32f4xx_hal_spi.o
 .debug_abbrev  0x00003105      0x278 ./Drivers/STM32F4xx_HAL_Driver/Src/stm32f4xx_hal_tim.o

.debug_aranges  0x00000000     0x1460
 .debug_aranges
                0x00000000       0x60 ./Core/Src/ApplicationCode.o
 .debug_aranges
                0x00000060       0x38 ./Core/Src/Button_Driver.o
 .debug_aranges
                0x00000098      0x1e8 ./Core/Src/LCD_Driver.o
 .debug_aranges
                0x00000280       0x30 ./Core/Src/RNG.o
 .debug_aranges
                0x000002b0       0x30 ./Core/Src/Scheduler.o
 .debug_aranges
                0x000002e0       0x28 ./Core/Src/Timer_Driver.o
 .debug_aranges
                0x00000308       0x18 ./Core/Src/fonts.o
 .debug_aranges
                0x00000320       0x98 ./Core/Src/ili9341.o
 .debug_aranges
                0x000003b8       0x38 ./Core/Src/main.o
 .debug_aranges
                0x000003f0       0x70 ./Core/Src/stm32f4xx_hal_msp.o
 .debug_aranges
                0x00000460       0x60 ./Core/Src/stm32f4xx_it.o
 .debug_aranges
                0x000004c0       0x98 ./Core/Src/stmpe811.o
 .debug_aranges
                0x00000558       0xa8 ./Core/Src/syscalls.o
 .debug_aranges
                0x00000600       0x20 ./Core/Src/sysmem.o
 .debug_aranges
                0x00000620       0x28 ./Core/Src/system_stm32f4xx.o
 .debug_aranges
                0x00000648       0x28 ./Core/Startup/startup_stm32f429zitx.o
 .debug_aranges
                0x00000670      0x100 ./Drivers/STM32F4xx_HAL_Driver/Src/stm32f4xx_hal.o
 .debug_aranges
                0x00000770      0x130 ./Drivers/STM32F4xx_HAL_Driver/Src/stm32f4xx_hal_cortex.o
 .debug_aranges
                0x000008a0       0x60 ./Drivers/STM32F4xx_HAL_Driver/Src/stm32f4xx_hal_exti.o
 .debug_aranges
                0x00000900       0x58 ./Drivers/STM32F4xx_HAL_Driver/Src/stm32f4xx_hal_gpio.o
 .debug_aranges
                0x00000958      0x2a8 ./Drivers/STM32F4xx_HAL_Driver/Src/stm32f4xx_hal_i2c.o
 .debug_aranges
                0x00000c00      0x158 ./Drivers/STM32F4xx_HAL_Driver/Src/stm32f4xx_hal_ltdc.o
 .debug_aranges
                0x00000d58       0x88 ./Drivers/STM32F4xx_HAL_Driver/Src/stm32f4xx_hal_rcc.o
 .debug_aranges
                0x00000de0       0x58 ./Drivers/STM32F4xx_HAL_Driver/Src/stm32f4xx_hal_rcc_ex.o
 .debug_aranges
                0x00000e38       0x88 ./Drivers/STM32F4xx_HAL_Driver/Src/stm32f4xx_hal_rng.o
 .debug_aranges
                0x00000ec0      0x1d0 ./Drivers/STM32F4xx_HAL_Driver/Src/stm32f4xx_hal_spi.o
 .debug_aranges
                0x00001090      0x3d0 ./Drivers/STM32F4xx_HAL_Driver/Src/stm32f4xx_hal_tim.o

.debug_rnglists
                0x00000000      0xfa2
 .debug_rnglists
                0x00000000       0x44 ./Core/Src/ApplicationCode.o
 .debug_rnglists
                0x00000044       0x25 ./Core/Src/Button_Driver.o
 .debug_rnglists
                0x00000069      0x187 ./Core/Src/LCD_Driver.o
 .debug_rnglists
                0x000001f0       0x1f ./Core/Src/RNG.o
 .debug_rnglists
                0x0000020f       0x1f ./Core/Src/Scheduler.o
 .debug_rnglists
                0x0000022e       0x1a ./Core/Src/Timer_Driver.o
 .debug_rnglists
                0x00000248       0x6f ./Core/Src/ili9341.o
 .debug_rnglists
                0x000002b7       0x27 ./Core/Src/main.o
 .debug_rnglists
                0x000002de       0x53 ./Core/Src/stm32f4xx_hal_msp.o
 .debug_rnglists
                0x00000331       0x43 ./Core/Src/stm32f4xx_it.o
 .debug_rnglists
                0x00000374       0x74 ./Core/Src/stmpe811.o
 .debug_rnglists
                0x000003e8       0x79 ./Core/Src/syscalls.o
 .debug_rnglists
                0x00000461       0x13 ./Core/Src/sysmem.o
 .debug_rnglists
                0x00000474       0x1a ./Core/Src/system_stm32f4xx.o
 .debug_rnglists
                0x0000048e       0x19 ./Core/Startup/startup_stm32f429zitx.o
 .debug_rnglists
                0x000004a7       0xbb ./Drivers/STM32F4xx_HAL_Driver/Src/stm32f4xx_hal.o
 .debug_rnglists
                0x00000562       0xe0 ./Drivers/STM32F4xx_HAL_Driver/Src/stm32f4xx_hal_cortex.o
 .debug_rnglists
                0x00000642       0x46 ./Drivers/STM32F4xx_HAL_Driver/Src/stm32f4xx_hal_exti.o
 .debug_rnglists
                0x00000688       0x3f ./Drivers/STM32F4xx_HAL_Driver/Src/stm32f4xx_hal_gpio.o
 .debug_rnglists
                0x000006c7      0x23c ./Drivers/STM32F4xx_HAL_Driver/Src/stm32f4xx_hal_i2c.o
 .debug_rnglists
                0x00000903      0x10a ./Drivers/STM32F4xx_HAL_Driver/Src/stm32f4xx_hal_ltdc.o
 .debug_rnglists
                0x00000a0d       0x66 ./Drivers/STM32F4xx_HAL_Driver/Src/stm32f4xx_hal_rcc.o
 .debug_rnglists
                0x00000a73       0x43 ./Drivers/STM32F4xx_HAL_Driver/Src/stm32f4xx_hal_rcc_ex.o
 .debug_rnglists
                0x00000ab6       0x63 ./Drivers/STM32F4xx_HAL_Driver/Src/stm32f4xx_hal_rng.o
 .debug_rnglists
                0x00000b19      0x16f ./Drivers/STM32F4xx_HAL_Driver/Src/stm32f4xx_hal_spi.o
 .debug_rnglists
                0x00000c88      0x31a ./Drivers/STM32F4xx_HAL_Driver/Src/stm32f4xx_hal_tim.o

.debug_macro    0x00000000    0x27003
 .debug_macro   0x00000000      0x371 ./Core/Src/ApplicationCode.o
 .debug_macro   0x00000371      0xab4 ./Core/Src/ApplicationCode.o
 .debug_macro   0x00000e25       0x22 ./Core/Src/ApplicationCode.o
 .debug_macro   0x00000e47       0x8e ./Core/Src/ApplicationCode.o
 .debug_macro   0x00000ed5       0x51 ./Core/Src/ApplicationCode.o
 .debug_macro   0x00000f26      0x103 ./Core/Src/ApplicationCode.o
 .debug_macro   0x00001029       0x6a ./Core/Src/ApplicationCode.o
 .debug_macro   0x00001093      0x1df ./Core/Src/ApplicationCode.o
 .debug_macro   0x00001272      0x2ad ./Core/Src/ApplicationCode.o
 .debug_macro   0x0000151f       0x2e ./Core/Src/ApplicationCode.o
 .debug_macro   0x0000154d       0x28 ./Core/Src/ApplicationCode.o
 .debug_macro   0x00001575       0x1c ./Core/Src/ApplicationCode.o
 .debug_macro   0x00001591       0x22 ./Core/Src/ApplicationCode.o
 .debug_macro   0x000015b3       0xfb ./Core/Src/ApplicationCode.o
 .debug_macro   0x000016ae     0x1011 ./Core/Src/ApplicationCode.o
 .debug_macro   0x000026bf      0x11f ./Core/Src/ApplicationCode.o
 .debug_macro   0x000027de    0x17fd8 ./Core/Src/ApplicationCode.o
 .debug_macro   0x0001a7b6       0x6d ./Core/Src/ApplicationCode.o
 .debug_macro   0x0001a823     0x3711 ./Core/Src/ApplicationCode.o
 .debug_macro   0x0001df34      0x189 ./Core/Src/ApplicationCode.o
 .debug_macro   0x0001e0bd       0x5c ./Core/Src/ApplicationCode.o
 .debug_macro   0x0001e119      0xcba ./Core/Src/ApplicationCode.o
 .debug_macro   0x0001edd3      0x9e9 ./Core/Src/ApplicationCode.o
 .debug_macro   0x0001f7bc      0x115 ./Core/Src/ApplicationCode.o
 .debug_macro   0x0001f8d1      0x156 ./Core/Src/ApplicationCode.o
 .debug_macro   0x0001fa27       0xa5 ./Core/Src/ApplicationCode.o
 .debug_macro   0x0001facc      0x182 ./Core/Src/ApplicationCode.o
 .debug_macro   0x0001fc4e      0x287 ./Core/Src/ApplicationCode.o