Archive member included to satisfy reference by file (symbol)

C:/ST/STM32CubeIDE_1.16.0/STM32CubeIDE/plugins/com.st.stm32cube.ide.mcu.externaltools.gnu-tools-for-stm32.12.3.rel1.win32_1.0.200.202406191623/tools/bin/../lib/gcc/arm-none-eabi/12.3.1/../../../../arm-none-eabi/lib/thumb/v7e-m+fp/hard\libc_nano.a(libc_a-exit.o)
                              C:/ST/STM32CubeIDE_1.16.0/STM32CubeIDE/plugins/com.st.stm32cube.ide.mcu.externaltools.gnu-tools-for-stm32.12.3.rel1.win32_1.0.200.202406191623/tools/bin/../lib/gcc/arm-none-eabi/12.3.1/../../../../arm-none-eabi/lib/thumb/v7e-m+fp/hard/crt0.o (exit)
C:/ST/STM32CubeIDE_1.16.0/STM32CubeIDE/plugins/com.st.stm32cube.ide.mcu.externaltools.gnu-tools-for-stm32.12.3.rel1.win32_1.0.200.202406191623/tools/bin/../lib/gcc/arm-none-eabi/12.3.1/../../../../arm-none-eabi/lib/thumb/v7e-m+fp/hard\libc_nano.a(libc_a-findfp.o)
                              C:/ST/STM32CubeIDE_1.16.0/STM32CubeIDE/plugins/com.st.stm32cube.ide.mcu.externaltools.gnu-tools-for-stm32.12.3.rel1.win32_1.0.200.202406191623/tools/bin/../lib/gcc/arm-none-eabi/12.3.1/../../../../arm-none-eabi/lib/thumb/v7e-m+fp/hard\libc_nano.a(libc_a-exit.o) (__stdio_exit_handler)
C:/ST/STM32CubeIDE_1.16.0/STM32CubeIDE/plugins/com.st.stm32cube.ide.mcu.externaltools.gnu-tools-for-stm32.12.3.rel1.win32_1.0.200.202406191623/tools/bin/../lib/gcc/arm-none-eabi/12.3.1/../../../../arm-none-eabi/lib/thumb/v7e-m+fp/hard\libc_nano.a(libc_a-fwalk.o)
                              C:/ST/STM32CubeIDE_1.16.0/STM32CubeIDE/plugins/com.st.stm32cube.ide.mcu.externaltools.gnu-tools-for-stm32.12.3.rel1.win32_1.0.200.202406191623/tools/bin/../lib/gcc/arm-none-eabi/12.3.1/../../../../arm-none-eabi/lib/thumb/v7e-m+fp/hard\libc_nano.a(libc_a-findfp.o) (_fwalk_sglue)
C:/ST/STM32CubeIDE_1.16.0/STM32CubeIDE/plugins/com.st.stm32cube.ide.mcu.externaltools.gnu-tools-for-stm32.12.3.rel1.win32_1.0.200.202406191623/tools/bin/../lib/gcc/arm-none-eabi/12.3.1/../../../../arm-none-eabi/lib/thumb/v7e-m+fp/hard\libc_nano.a(libc_a-printf.o)
                              ./Core/Src/ApplicationCode.o (printf)
C:/ST/STM32CubeIDE_1.16.0/STM32CubeIDE/plugins/com.st.stm32cube.ide.mcu.externaltools.gnu-tools-for-stm32.12.3.rel1.win32_1.0.200.202406191623/tools/bin/../lib/gcc/arm-none-eabi/12.3.1/../../../../arm-none-eabi/lib/thumb/v7e-m+fp/hard\libc_nano.a(libc_a-puts.o)
                              ./Core/Src/ApplicationCode.o (puts)
C:/ST/STM32CubeIDE_1.16.0/STM32CubeIDE/plugins/com.st.stm32cube.ide.mcu.externaltools.gnu-tools-for-stm32.12.3.rel1.win32_1.0.200.202406191623/tools/bin/../lib/gcc/arm-none-eabi/12.3.1/../../../../arm-none-eabi/lib/thumb/v7e-m+fp/hard\libc_nano.a(libc_a-stdio.o)
                              C:/ST/STM32CubeIDE_1.16.0/STM32CubeIDE/plugins/com.st.stm32cube.ide.mcu.externaltools.gnu-tools-for-stm32.12.3.rel1.win32_1.0.200.202406191623/tools/bin/../lib/gcc/arm-none-eabi/12.3.1/../../../../arm-none-eabi/lib/thumb/v7e-m+fp/hard\libc_nano.a(libc_a-findfp.o) (__sread)
C:/ST/STM32CubeIDE_1.16.0/STM32CubeIDE/plugins/com.st.stm32cube.ide.mcu.externaltools.gnu-tools-for-stm32.12.3.rel1.win32_1.0.200.202406191623/tools/bin/../lib/gcc/arm-none-eabi/12.3.1/../../../../arm-none-eabi/lib/thumb/v7e-m+fp/hard\libc_nano.a(libc_a-wbuf.o)
                              C:/ST/STM32CubeIDE_1.16.0/STM32CubeIDE/plugins/com.st.stm32cube.ide.mcu.externaltools.gnu-tools-for-stm32.12.3.rel1.win32_1.0.200.202406191623/tools/bin/../lib/gcc/arm-none-eabi/12.3.1/../../../../arm-none-eabi/lib/thumb/v7e-m+fp/hard\libc_nano.a(libc_a-puts.o) (__swbuf_r)
C:/ST/STM32CubeIDE_1.16.0/STM32CubeIDE/plugins/com.st.stm32cube.ide.mcu.externaltools.gnu-tools-for-stm32.12.3.rel1.win32_1.0.200.202406191623/tools/bin/../lib/gcc/arm-none-eabi/12.3.1/../../../../arm-none-eabi/lib/thumb/v7e-m+fp/hard\libc_nano.a(libc_a-wsetup.o)
                              C:/ST/STM32CubeIDE_1.16.0/STM32CubeIDE/plugins/com.st.stm32cube.ide.mcu.externaltools.gnu-tools-for-stm32.12.3.rel1.win32_1.0.200.202406191623/tools/bin/../lib/gcc/arm-none-eabi/12.3.1/../../../../arm-none-eabi/lib/thumb/v7e-m+fp/hard\libc_nano.a(libc_a-puts.o) (__swsetup_r)
C:/ST/STM32CubeIDE_1.16.0/STM32CubeIDE/plugins/com.st.stm32cube.ide.mcu.externaltools.gnu-tools-for-stm32.12.3.rel1.win32_1.0.200.202406191623/tools/bin/../lib/gcc/arm-none-eabi/12.3.1/../../../../arm-none-eabi/lib/thumb/v7e-m+fp/hard\libc_nano.a(libc_a-memset.o)
                              C:/ST/STM32CubeIDE_1.16.0/STM32CubeIDE/plugins/com.st.stm32cube.ide.mcu.externaltools.gnu-tools-for-stm32.12.3.rel1.win32_1.0.200.202406191623/tools/bin/../lib/gcc/arm-none-eabi/12.3.1/../../../../arm-none-eabi/lib/thumb/v7e-m+fp/hard/crt0.o (memset)
C:/ST/STM32CubeIDE_1.16.0/STM32CubeIDE/plugins/com.st.stm32cube.ide.mcu.externaltools.gnu-tools-for-stm32.12.3.rel1.win32_1.0.200.202406191623/tools/bin/../lib/gcc/arm-none-eabi/12.3.1/../../../../arm-none-eabi/lib/thumb/v7e-m+fp/hard\libc_nano.a(libc_a-closer.o)
[...]
Memory Configuration

Name             Origin             Length             Attributes
CCMRAM           0x10000000         0x00010000         xrw
RAM              0x20000000         0x00030000         xrw
FLASH            0x08000000         0x00200000         xr
*default*        0x00000000         0xffffffff

Linker script and memory map

LOAD C:/ST/STM32CubeIDE_1.16.0/STM32CubeIDE/plugins/com.st.stm32cube.ide.mcu.externaltools.gnu-tools-for-stm32.12.3.rel1.win32_1.0.200.202406191623/tools/bin/../lib/gcc/arm-none-eabi/12.3.1/thumb/v7e-m+fp/hard/crti.o
LOAD C:/ST/STM32CubeIDE_1.16.0/STM32CubeIDE/plugins/com.st.stm32cube.ide.mcu.externaltools.gnu-tools-for-stm32.12.3.rel1.win32_1.0.200.202406191623/tools/bin/../lib/gcc/arm-none-eabi/12.3.1/thumb/v7e-m+fp/hard/crtbegin.o
LOAD C:/ST/STM32CubeIDE_1.16.0/STM32CubeIDE/plugins/com.st.stm32cube.ide.mcu.externaltools.gnu-tools-for-stm32.12.3.rel1.win32_1.0.200.202406191623/tools/bin/../lib/gcc/arm-none-eabi/12.3.1/../../../../arm-none-eabi/lib/thumb/v7e-m+fp/hard/crt0.o
LOAD ./Core/Src/ApplicationCode.o
LOAD ./Core/Src/Button_Driver.o
LOAD ./Core/Src/InterruptControl.o
LOAD ./Core/Src/LCD_Driver.o
LOAD ./Core/Src/RNG.o
LOAD ./Core/Src/Scheduler.o
LOAD ./Core/Src/Timer_Driver.o
LOAD ./Core/Src/fonts.o
LOAD ./Core/Src/ili9341.o
LOAD ./Core/Src/main.o
LOAD ./Core/Src/stm32f4xx_hal_msp.o
LOAD ./Core/Src/stm32f4xx_it.o
LOAD ./Core/Src/stmpe811.o
LOAD ./Core/Src/syscalls.o
LOAD ./Core/Src/sysmem.o
LOAD ./Core/Src/system_stm32f4xx.o
LOAD ./Core/Startup/startup_stm32f429zitx.o
LOAD ./Drivers/STM32F4xx_HAL_Driver/Src/stm32f4xx_hal.o
LOAD ./Drivers/STM32F4xx_HAL_Driver/Src/stm32f4xx_hal_cortex.o
LOAD ./Drivers/STM32F4xx_HAL_Driver/Src/stm32f4xx_hal_dma.o
LOAD ./Drivers/STM32F4xx_HAL_Driver/Src/stm32f4xx_hal_dma_ex.o
LOAD ./Drivers/STM32F4xx_HAL_Driver/Src/stm32f4xx_hal_dsi.o
LOAD ./Drivers/STM32F4xx_HAL_Driver/Src/stm32f4xx_hal_exti.o
LOAD ./Drivers/STM32F4xx_HAL_Driver/Src/stm32f4xx_hal_flash.o
LOAD ./Drivers/STM32F4xx_HAL_Driver/Src/stm32f4xx_hal_flash_ex.o
LOAD ./Drivers/STM32F4xx_HAL_Driver/Src/stm32f4xx_hal_flash_ramfunc.o
LOAD ./Drivers/STM32F4xx_HAL_Driver/Src/stm32f4xx_hal_gpio.o
LOAD ./Drivers/STM32F4xx_HAL_Driver/Src/stm32f4xx_hal_i2c.o
LOAD ./Drivers/STM32F4xx_HAL_Driver/Src/stm32f4xx_hal_i2c_ex.o
LOAD ./Drivers/STM32F4xx_HAL_Driver/Src/stm32f4xx_hal_ltdc.o
LOAD ./Drivers/STM32F4xx_HAL_Driver/Src/stm32f4xx_hal_ltdc_ex.o
LOAD ./Drivers/STM32F4xx_HAL_Driver/Src/stm32f4xx_hal_pwr.o
LOAD ./Drivers/STM32F4xx_HAL_Driver/Src/stm32f4xx_hal_pwr_ex.o
LOAD ./Drivers/STM32F4xx_HAL_Driver/Src/stm32f4xx_hal_rcc.o
LOAD ./Drivers/STM32F4xx_HAL_Driver/Src/stm32f4xx_hal_rcc_ex.o
LOAD ./Drivers/STM32F4xx_HAL_Driver/Src/stm32f4xx_hal_rng.o
LOAD ./Drivers/STM32F4xx_HAL_Driver/Src/stm32f4xx_hal_spi.o
LOAD ./Drivers/STM32F4xx_HAL_Driver/Src/stm32f4xx_hal_tim.o
LOAD ./Drivers/STM32F4xx_HAL_Driver/Src/stm32f4xx_hal_tim_ex.o
START GROUP
LOAD C:/ST/STM32CubeIDE_1.16.0/STM32CubeIDE/plugins/com.st.stm32cube.ide.mcu.externaltools.gnu-tools-for-stm32.12.3.rel1.win32_1.0.200.202406191623/tools/bin/../lib/gcc/arm-none-eabi/12.3.1/../../../../arm-none-eabi/lib/thumb/v7e-m+fp/hard\libc_nano.a
LOAD C:/ST/STM32CubeIDE_1.16.0/STM32CubeIDE/plugins/com.st.stm32cube.ide.mcu.externaltools.gnu-tools-for-stm32.12.3.rel1.win32_1.0.200.202406191623/tools/bin/../lib/gcc/arm-none-eabi/12.3.1/../../../../arm-none-eabi/lib/thumb/v7e-m+fp/hard\libm.a
END GROUP
START GROUP
LOAD C:/ST/STM32CubeIDE_1.16.0/STM32CubeIDE/plugins/com.st.stm32cube.ide.mcu.externaltools.gnu-tools-for-stm32.12.3.rel1.win32_1.0.200.202406191623/tools/bin/../lib/gcc/arm-none-eabi/12.3.1/thumb/v7e-m+fp/hard\libgcc.a
LOAD C:/ST/STM32CubeIDE_1.16.0/STM32CubeIDE/plugins/com.st.stm32cube.ide.mcu.externaltools.gnu-tools-for-stm32.12.3.rel1.win32_1.0.200.202406191623/tools/bin/../lib/gcc/arm-none-eabi/12.3.1/../../../../arm-none-eabi/lib/thumb/v7e-m+fp/hard\libc_nano.a
END GROUP
START GROUP
LOAD C:/ST/STM32CubeIDE_1.16.0/STM32CubeIDE/plugins/com.st.stm32cube.ide.mcu.externaltools.gnu-tools-for-stm32.12.3.rel1.win32_1.0.200.202406191623/tools/bin/../lib/gcc/arm-none-eabi/12.3.1/thumb/v7e-m+fp/hard\libgcc.a
LOAD C:/ST/STM32CubeIDE_1.16.0/STM32CubeIDE/plugins/com.st.stm32cube.ide.mcu.externaltools.gnu-tools-for-stm32.12.3.rel1.win32_1.0.200.202406191623/tools/bin/../lib/gcc/arm-none-eabi/12.3.1/../../../../arm-none-eabi/lib/thumb/v7e-m+fp/hard\libc_nano.a
LOAD C:/ST/STM32CubeIDE_1.16.0/STM32CubeIDE/plugins/com.st.stm32cube.ide.mcu.externaltools.gnu-tools-for-stm32.12.3.rel1.win32_1.0.200.202406191623/tools/bin/../lib/gcc/arm-none-eabi/12.3.1/../../../../arm-none-eabi/lib/thumb/v7e-m+fp/hard\libnosys.a
END GROUP
START GROUP
LOAD C:/ST/STM32CubeIDE_1.16.0/STM32CubeIDE/plugins/com.st.stm32cube.ide.mcu.externaltools.gnu-tools-for-stm32.12.3.rel1.win32_1.0.200.202406191623/tools/bin/../lib/gcc/arm-none-eabi/12.3.1/thumb/v7e-m+fp/hard\libgcc.a
LOAD C:/ST/STM32CubeIDE_1.16.0/STM32CubeIDE/plugins/com.st.stm32cube.ide.mcu.externaltools.gnu-tools-for-stm32.12.3.rel1.win32_1.0.200.202406191623/tools/bin/../lib/gcc/arm-none-eabi/12.3.1/../../../../arm-none-eabi/lib/thumb/v7e-m+fp/hard\libc_nano.a
LOAD C:/ST/STM32CubeIDE_1.16.0/STM32CubeIDE/plugins/com.st.stm32cube.ide.mcu.externaltools.gnu-tools-for-stm32.12.3.rel1.win32_1.0.200.202406191623/tools/bin/../lib/gcc/arm-none-eabi/12.3.1/../../../../arm-none-eabi/lib/thumb/v7e-m+fp/hard\libnosys.a
END GROUP
LOAD C:/ST/STM32CubeIDE_1.16.0/STM32CubeIDE/plugins/com.st.stm32cube.ide.mcu.externaltools.gnu-tools-for-stm32.12.3.rel1.win32_1.0.200.202406191623/tools/bin/../lib/gcc/arm-none-eabi/12.3.1/thumb/v7e-m+fp/hard/crtend.o
LOAD C:/ST/STM32CubeIDE_1.16.0/STM32CubeIDE/plugins/com.st.stm32cube.ide.mcu.externaltools.gnu-tools-for-stm32.12.3.rel1.win32_1.0.200.202406191623/tools/bin/../lib/gcc/arm-none-eabi/12.3.1/thumb/v7e-m+fp/hard/crtn.o
                0x20030000                        _estack = (ORIGIN (RAM) + LENGTH (RAM))
                0x00000200                        _Min_Heap_Size = 0x200
                0x00000400                        _Min_Stack_Size = 0x400

.isr_vector     0x08000000      0x1ac
                0x08000000                        . = ALIGN (0x4)
 *(.isr_vector)
 .isr_vector    0x08000000      0x1ac ./Core/Startup/startup_stm32f429zitx.o
                0x08000000                g_pfnVectors
                0x080001ac                        . = ALIGN (0x4)

.text           0x080001b0     0xa480
                0x080001b0                        . = ALIGN (0x4)
 *(.text)
 .text          0x080001b0       0x40 C:/ST/STM32CubeIDE_1.16.0/STM32CubeIDE/plugins/com.st.stm32cube.ide.mcu.externaltools.gnu-tools-for-stm32.12.3.rel1.win32_1.0.200.202406191623/tools/bin/../lib/gcc/arm-none-eabi/12.3.1/thumb/v7e-m+fp/hard/crtbegin.o
 .text          0x080001f0       0xa0 C:/ST/STM32CubeIDE_1.16.0/STM32CubeIDE/plugins/com.st.stm32cube.ide.mcu.externaltools.gnu-tools-for-stm32.12.3.rel1.win32_1.0.200.202406191623/tools/bin/../lib/gcc/arm-none-eabi/12.3.1/../../../../arm-none-eabi/lib/thumb/v7e-m+fp/hard\libc_nano.a(libc_a-memchr.o)
                0x080001f0                memchr
 .text          0x08000290       0x30 C:/ST/STM32CubeIDE_1.16.0/STM32CubeIDE/plugins/com.st.stm32cube.ide.mcu.externaltools.gnu-tools-for-stm32.12.3.rel1.win32_1.0.200.202406191623/tools/bin/../lib/gcc/arm-none-eabi/12.3.1/thumb/v7e-m+fp/hard\libgcc.a(_aeabi_uldivmod.o)
                0x08000290                __aeabi_uldivmod
 .text          0x080002c0      0x2bc C:/ST/STM32CubeIDE_1.16.0/STM32CubeIDE/plugins/com.st.stm32cube.ide.mcu.externaltools.gnu-tools-for-stm32.12.3.rel1.win32_1.0.200.202406191623/tools/bin/../lib/gcc/arm-none-eabi/12.3.1/thumb/v7e-m+fp/hard\libgcc.a(_udivmoddi4.o)
                0x080002c0                __udivmoddi4
 .text          0x0800057c        0x4 C:/ST/STM32CubeIDE_1.16.0/STM32CubeIDE/plugins/com.st.stm32cube.ide.mcu.externaltools.gnu-tools-for-stm32.12.3.rel1.win32_1.0.200.202406191623/tools/bin/../lib/gcc/arm-none-eabi/12.3.1/thumb/v7e-m+fp/hard\libgcc.a(_dvmd_tls.o)
                0x0800057c                __aeabi_idiv0
                0x0800057c                __aeabi_ldiv0
 *(.text*)
 .text.ApplicationInit
                0x08000580       0x38 ./Core/Src/ApplicationCode.o
                0x08000580                ApplicationInit
 .text.Periph_Init
                0x080005b8       0x20 ./Core/Src/ApplicationCode.o
                0x080005b8                Periph_Init
 .text.EXTI0_IRQHandler
                0x080005d8       0x24 ./Core/Src/ApplicationCode.o
                0x080005d8                EXTI0_IRQHandler
 .text.TIM3_IRQHandler
                0x080005fc       0x68 ./Core/Src/ApplicationCode.o
                0x080005fc                TIM3_IRQHandler
 .text.TIM5_IRQHandler
                0x08000664       0x28 ./Core/Src/ApplicationCode.o
                0x08000664                TIM5_IRQHandler
 .text.LCDTouchScreenInterruptGPIOInit
                0x0800068c       0x7c ./Core/Src/ApplicationCode.o
                0x0800068c                LCDTouchScreenInterruptGPIOInit
 .text.EXTI15_10_IRQHandler
                0x08000708      0x138 ./Core/Src/ApplicationCode.o
                0x08000708                EXTI15_10_IRQHandler
 .text.buttonIRQInit
                0x08000840       0x6c ./Core/Src/Button_Driver.o
                0x08000840                buttonIRQInit
 .text.LCD_GPIO_Init
                0x080008ac      0x190 ./Core/Src/LCD_Driver.o
                0x080008ac                LCD_GPIO_Init
 .text.LTCD_Layer_Init
                0x08000a3c       0x80 ./Core/Src/LCD_Driver.o
                0x08000a3c                LTCD_Layer_Init
 .text.LTCD__Init
                0x08000abc       0xbc ./Core/Src/LCD_Driver.o
                0x08000abc                LTCD__Init
 .text.LCD_Draw_Pixel
                0x08000b78       0x3c ./Core/Src/LCD_Driver.o
                0x08000b78                LCD_Draw_Pixel
 .text.LCD_Draw_Square_Fill_Border
                0x08000bb4      0x164 ./Core/Src/LCD_Driver.o
                0x08000bb4                LCD_Draw_Square_Fill_Border
 .text.LCD_Erase_Square
                0x08000d18       0xf4 ./Core/Src/LCD_Driver.o
                0x08000d18                LCD_Erase_Square
 .text.LCD_Draw_Vertical_Line
                0x08000e0c       0x4e ./Core/Src/LCD_Driver.o
                0x08000e0c                LCD_Draw_Vertical_Line
 .text.LCD_Draw_Horizontal_Line
                0x08000e5a       0x4e ./Core/Src/LCD_Driver.o
                0x08000e5a                LCD_Draw_Horizontal_Line
 .text.LCD_Clear
                0x08000ea8       0x44 ./Core/Src/LCD_Driver.o
                0x08000ea8                LCD_Clear
 .text.LCD_SetTextColor
                0x08000eec       0x20 ./Core/Src/LCD_Driver.o
                0x08000eec                LCD_SetTextColor
 .text.LCD_SetFont
                0x08000f0c       0x20 ./Core/Src/LCD_Driver.o
                0x08000f0c                LCD_SetFont
 .text.LCD_Draw_Char
                0x08000f2c       0xdc ./Core/Src/LCD_Driver.o
                0x08000f2c                LCD_Draw_Char
 .text.LCD_DisplayChar
                0x08001008       0x44 ./Core/Src/LCD_Driver.o
                0x08001008                LCD_DisplayChar
 .text.GameInit
                0x0800104c      0x280 ./Core/Src/LCD_Driver.o
                0x0800104c                GameInit
 .text.gameStart
                0x080012cc       0x68 ./Core/Src/LCD_Driver.o
                0x080012cc                gameStart
 .text.screenReset
                0x08001334       0x74 ./Core/Src/LCD_Driver.o
                0x08001334                screenReset
 .text.gameOver
                0x080013a8      0x2ac ./Core/Src/LCD_Driver.o
                0x080013a8                gameOver
 .text.totalGameTime
                0x08001654       0xe0 ./Core/Src/LCD_Driver.o
                0x08001654                totalGameTime
 .text.drawBlockOne
                0x08001734       0xe4 ./Core/Src/LCD_Driver.o
                0x08001734                drawBlockOne
 .text.eraseBlockOne
                0x08001818       0xe8 ./Core/Src/LCD_Driver.o
                0x08001818                eraseBlockOne
 .text.drawBlockTwo
                0x08001900      0x298 ./Core/Src/LCD_Driver.o
                0x08001900                drawBlockTwo
 .text.eraseBlockTwo
                0x08001b98      0x2bc ./Core/Src/LCD_Driver.o
                0x08001b98                eraseBlockTwo
 .text.drawBlockThree
                0x08001e54      0x2b8 ./Core/Src/LCD_Driver.o
                0x08001e54                drawBlockThree
 .text.eraseBlockThree
                0x0800210c      0x2bc ./Core/Src/LCD_Driver.o
                0x0800210c                eraseBlockThree
 .text.drawBlockFour
                0x080023c8       0xc0 ./Core/Src/LCD_Driver.o
                0x080023c8                drawBlockFour
 .text.eraseBlockFour
                0x08002488       0xc4 ./Core/Src/LCD_Driver.o
                0x08002488                eraseBlockFour
 .text.drawBlockFive
                0x0800254c      0x180 ./Core/Src/LCD_Driver.o
                0x0800254c                drawBlockFive
 .text.eraseBlockFive
                0x080026cc      0x184 ./Core/Src/LCD_Driver.o
                0x080026cc                eraseBlockFive
 .text.drawBlockSix
                0x08002850      0x2b0 ./Core/Src/LCD_Driver.o
                0x08002850                drawBlockSix
 .text.eraseBlockSix
                0x08002b00      0x2b4 ./Core/Src/LCD_Driver.o
                0x08002b00                eraseBlockSix
 .text.drawBlockSeven
                0x08002db4      0x180 ./Core/Src/LCD_Driver.o
                0x08002db4                drawBlockSeven
 .text.eraseBlockSeven
                0x08002f34      0x184 ./Core/Src/LCD_Driver.o
                0x08002f34                eraseBlockSeven
 .text.drawBottomBorder
                0x080030b8       0x54 ./Core/Src/LCD_Driver.o
                0x080030b8                drawBottomBorder
 .text.rotateBlock
                0x0800310c      0x168 ./Core/Src/LCD_Driver.o
                0x0800310c                rotateBlock
 .text.drawCurrentBlock
                0x08003274       0xa8 ./Core/Src/LCD_Driver.o
                0x08003274                drawCurrentBlock
 .text.eraseCurrentBlock
                0x0800331c       0xa8 ./Core/Src/LCD_Driver.o
                0x0800331c                eraseCurrentBlock
 .text.updateCurrentBlock
                0x080033c4       0x44 ./Core/Src/LCD_Driver.o
                0x080033c4                updateCurrentBlock
 .text.updateYpos
                0x08003408       0x24 ./Core/Src/LCD_Driver.o
                0x08003408                updateYpos
 .text.updateXpos
                0x0800342c       0x3c ./Core/Src/LCD_Driver.o
                0x0800342c                updateXpos
 .text.isLeftFull
                0x08003468      0x5ac ./Core/Src/LCD_Driver.o
                0x08003468                isLeftFull
 .text.canMoveLeft
                0x08003a14       0x34 ./Core/Src/LCD_Driver.o
                0x08003a14                canMoveLeft
 .text.isRightFull
                0x08003a48      0x5bc ./Core/Src/LCD_Driver.o
                0x08003a48                isRightFull
 .text.canMoveRight
                0x08004004       0xe8 ./Core/Src/LCD_Driver.o
                0x08004004                canMoveRight
 .text.isFull   0x080040ec      0x5b8 ./Core/Src/LCD_Driver.o
                0x080040ec                isFull
 .text.addSecond
                0x080046a4       0x20 ./Core/Src/LCD_Driver.o
                0x080046a4                addSecond
 .text.updateTop
                0x080046c4       0x8c ./Core/Src/LCD_Driver.o
                0x080046c4                updateTop
 .text.checkForTetris
                0x08004750      0x160 ./Core/Src/LCD_Driver.o
                0x08004750                checkForTetris
 .text.shiftRowDown
                0x080048b0       0xec ./Core/Src/LCD_Driver.o
                0x080048b0                shiftRowDown
 .text.moveBlockDown
                0x0800499c       0x14 ./Core/Src/LCD_Driver.o
                0x0800499c                moveBlockDown
 .text.moveBlockLeft
                0x080049b0       0x16 ./Core/Src/LCD_Driver.o
                0x080049b0                moveBlockLeft
 .text.moveBlockRight
                0x080049c6       0x16 ./Core/Src/LCD_Driver.o
                0x080049c6                moveBlockRight
 .text.LCD_Error_Handler
                0x080049dc        0xc ./Core/Src/LCD_Driver.o
                0x080049dc                LCD_Error_Handler
 .text.InitializeLCDTouch
                0x080049e8       0x16 ./Core/Src/LCD_Driver.o
                0x080049e8                InitializeLCDTouch
 .text.DetermineTouchPosition
                0x080049fe       0x16 ./Core/Src/LCD_Driver.o
                0x080049fe                DetermineTouchPosition
 .text.ReadRegisterFromTouchModule
                0x08004a14       0x1c ./Core/Src/LCD_Driver.o
                0x08004a14                ReadRegisterFromTouchModule
 .text.WriteDataToTouchModule
                0x08004a30       0x24 ./Core/Src/LCD_Driver.o
                0x08004a30                WriteDataToTouchModule
 .text.RNG_Init
                0x08004a54       0x4c ./Core/Src/RNG.o
                0x08004a54                RNG_Init
 .text.GetRandomBlock
                0x08004aa0       0x40 ./Core/Src/RNG.o
                0x08004aa0                GetRandomBlock
 .text.getScheduledEvents
                0x08004ae0       0x18 ./Core/Src/Scheduler.o
                0x08004ae0                getScheduledEvents
 .text.addSchedulerEvent
                0x08004af8       0x24 ./Core/Src/Scheduler.o
                0x08004af8                addSchedulerEvent
 .text.removeSchedulerEvent
                0x08004b1c       0x28 ./Core/Src/Scheduler.o
                0x08004b1c                removeSchedulerEvent
 .text.timer3Init
                0x08004b44       0x80 ./Core/Src/Timer_Driver.o
                0x08004b44                timer3Init
 .text.TIM3_Start
                0x08004bc4       0x14 ./Core/Src/Timer_Driver.o
                0x08004bc4                TIM3_Start
 .text.timer5Init
                0x08004bd8       0x80 ./Core/Src/Timer_Driver.o
                0x08004bd8                timer5Init
 .text.TIM5_Start
                0x08004c58       0x14 ./Core/Src/Timer_Driver.o
                0x08004c58                TIM5_Start
 .text.ili9341_Init
                0x08004c6c      0x294 ./Core/Src/ili9341.o
                0x08004c6c                ili9341_Init
 .text.ili9341_Write_Reg
                0x08004f00       0x1a ./Core/Src/ili9341.o
                0x08004f00                ili9341_Write_Reg
 .text.ili9341_Send_Data
                0x08004f1a       0x1a ./Core/Src/ili9341.o
                0x08004f1a                ili9341_Send_Data
 .text.SPI_Init
                0x08004f34       0x74 ./Core/Src/ili9341.o
 .text.SPI_Write
                0x08004fa8       0x3c ./Core/Src/ili9341.o
 .text.SPI_Error
                0x08004fe4       0x18 ./Core/Src/ili9341.o
 .text.SPI_MspInit
                0x08004ffc       0x74 ./Core/Src/ili9341.o
 .text.LCD_IO_Init
                0x08005070       0xf0 ./Core/Src/ili9341.o
                0x08005070                LCD_IO_Init
 .text.LCD_IO_WriteData
                0x08005160       0x44 ./Core/Src/ili9341.o
                0x08005160                LCD_IO_WriteData
 .text.LCD_IO_WriteReg
                0x080051a4       0x44 ./Core/Src/ili9341.o
                0x080051a4                LCD_IO_WriteReg
 .text.LCD_Delay
                0x080051e8       0x16 ./Core/Src/ili9341.o
                0x080051e8                LCD_Delay
 .text.main     0x080051fe       0xd0 ./Core/Src/main.o
                0x080051fe                main
 *fill*         0x080052ce        0x2 
 .text.SystemClockOverride
                0x080052d0       0x80 ./Core/Src/main.o
                0x080052d0                SystemClockOverride
 .text.Error_Handler
                0x08005350        0xc ./Core/Src/main.o
                0x08005350                Error_Handler
 .text.HAL_MspInit
                0x0800535c       0x50 ./Core/Src/stm32f4xx_hal_msp.o
                0x0800535c                HAL_MspInit
 .text.HAL_I2C_MspInit
                0x080053ac       0xd4 ./Core/Src/stm32f4xx_hal_msp.o
                0x080053ac                HAL_I2C_MspInit
 .text.HAL_LTDC_MspInit
                0x08005480      0x250 ./Core/Src/stm32f4xx_hal_msp.o
                0x08005480                HAL_LTDC_MspInit
 .text.HAL_RNG_MspInit
                0x080056d0       0x44 ./Core/Src/stm32f4xx_hal_msp.o
                0x080056d0                HAL_RNG_MspInit
 .text.HAL_SPI_MspInit
                0x08005714       0x90 ./Core/Src/stm32f4xx_hal_msp.o
                0x08005714                HAL_SPI_MspInit
 .text.HAL_SPI_MspDeInit
                0x080057a4       0x3c ./Core/Src/stm32f4xx_hal_msp.o
                0x080057a4                HAL_SPI_MspDeInit
 .text.HAL_TIM_Base_MspInit
                0x080057e0       0x44 ./Core/Src/stm32f4xx_hal_msp.o
                0x080057e0                HAL_TIM_Base_MspInit
 .text.NMI_Handler
                0x08005824        0x8 ./Core/Src/stm32f4xx_it.o
                0x08005824                NMI_Handler
 .text.HardFault_Handler
                0x0800582c        0x8 ./Core/Src/stm32f4xx_it.o
                0x0800582c                HardFault_Handler
 .text.MemManage_Handler
                0x08005834        0x8 ./Core/Src/stm32f4xx_it.o
                0x08005834                MemManage_Handler
 .text.BusFault_Handler
                0x0800583c        0x8 ./Core/Src/stm32f4xx_it.o
                0x0800583c                BusFault_Handler
 .text.UsageFault_Handler
                0x08005844        0x8 ./Core/Src/stm32f4xx_it.o
                0x08005844                UsageFault_Handler
 .text.SVC_Handler
                0x0800584c        0xe ./Core/Src/stm32f4xx_it.o
                0x0800584c                SVC_Handler
 .text.DebugMon_Handler
                0x0800585a        0xe ./Core/Src/stm32f4xx_it.o
                0x0800585a                DebugMon_Handler
 .text.PendSV_Handler
                0x08005868        0xe ./Core/Src/stm32f4xx_it.o
                0x08005868                PendSV_Handler
 .text.SysTick_Handler
                0x08005876        0xc ./Core/Src/stm32f4xx_it.o
                0x08005876                SysTick_Handler
 *fill*         0x08005882        0x2 
 .text.__NVIC_EnableIRQ
                0x08005884       0x3c ./Core/Src/stmpe811.o
 .text.STMPE811_Init
                0x080058c0      0x18e ./Core/Src/stmpe811.o
                0x080058c0                STMPE811_Init
 .text.STMPE811_Read
                0x08005a4e       0x22 ./Core/Src/stmpe811.o
                0x08005a4e                STMPE811_Read
 .text.STMPE811_Write
                0x08005a70       0x24 ./Core/Src/stmpe811.o
                0x08005a70                STMPE811_Write
 .text.STMPE811_DetermineTouchPosition
                0x08005a94       0xee ./Core/Src/stmpe811.o
                0x08005a94                STMPE811_DetermineTouchPosition
 *fill*         0x08005b82        0x2 
 .text.enableInterruptSupportForTouch
                0x08005b84       0x64 ./Core/Src/stmpe811.o
                0x08005b84                enableInterruptSupportForTouch
 .text.verifyHAL_I2C_IS_OKAY
                0x08005be8       0x20 ./Core/Src/stmpe811.o
                0x08005be8                verifyHAL_I2C_IS_OKAY
 .text.I2C3_Init
                0x08005c08       0x80 ./Core/Src/stmpe811.o
 .text.I2C3_MspInit
                0x08005c88       0xa8 ./Core/Src/stmpe811.o
 .text.I2C3_Write
                0x08005d30       0x54 ./Core/Src/stmpe811.o
                0x08005d30                I2C3_Write
 .text.I2C3_Read
                0x08005d84       0x4c ./Core/Src/stmpe811.o
                0x08005d84                I2C3_Read
 .text.I2C3_MulitByteRead
                0x08005dd0       0x44 ./Core/Src/stmpe811.o
                0x08005dd0                I2C3_MulitByteRead
 .text.TM_STMPE811_ReadX
                0x08005e14       0xbc ./Core/Src/stmpe811.o
                0x08005e14                TM_STMPE811_ReadX
 .text.TM_STMPE811_ReadY
                0x08005ed0       0xa4 ./Core/Src/stmpe811.o
                0x08005ed0                TM_STMPE811_ReadY
 .text.initialise_monitor_handles
                0x08005f74        0xe ./Core/Src/syscalls.o
                0x08005f74                initialise_monitor_handles
 .text._read    0x08005f82       0x3a ./Core/Src/syscalls.o
                0x08005f82                _read
 .text._write   0x08005fbc       0x38 ./Core/Src/syscalls.o
                0x08005fbc                _write
 .text._close   0x08005ff4       0x18 ./Core/Src/syscalls.o
                0x08005ff4                _close
 .text._fstat   0x0800600c       0x20 ./Core/Src/syscalls.o
                0x0800600c                _fstat
 .text._isatty  0x0800602c       0x16 ./Core/Src/syscalls.o
                0x0800602c                _isatty
 .text._lseek   0x08006042       0x1a ./Core/Src/syscalls.o
                0x08006042                _lseek
 .text._sbrk    0x0800605c       0x6c ./Core/Src/sysmem.o
                0x0800605c                _sbrk
 .text.SystemInit
                0x080060c8       0x24 ./Core/Src/system_stm32f4xx.o
                0x080060c8                SystemInit
 .text.Reset_Handler
                0x080060ec       0x50 ./Core/Startup/startup_stm32f429zitx.o
                0x080060ec                Reset_Handler
 .text.Default_Handler
                0x0800613c        0x2 ./Core/Startup/startup_stm32f429zitx.o
                0x0800613c                RTC_Alarm_IRQHandler
                0x0800613c                HASH_RNG_IRQHandler
                0x0800613c                EXTI2_IRQHandler
                0x0800613c                TIM8_CC_IRQHandler
                0x0800613c                UART8_IRQHandler
                0x0800613c                SPI4_IRQHandler
                0x0800613c                TIM1_CC_IRQHandler
                0x0800613c                DMA2_Stream5_IRQHandler
                0x0800613c                DMA1_Stream5_IRQHandler
                0x0800613c                PVD_IRQHandler
                0x0800613c                SDIO_IRQHandler
                0x0800613c                TAMP_STAMP_IRQHandler
                0x0800613c                CAN2_RX1_IRQHandler
                0x0800613c                EXTI3_IRQHandler
                0x0800613c                TIM8_TRG_COM_TIM14_IRQHandler
                0x0800613c                TIM1_UP_TIM10_IRQHandler
                0x0800613c                TIM8_UP_TIM13_IRQHandler
                0x0800613c                I2C3_ER_IRQHandler
                0x0800613c                I2C2_EV_IRQHandler
                0x0800613c                DMA1_Stream2_IRQHandler
                0x0800613c                CAN1_RX0_IRQHandler
                0x0800613c                FPU_IRQHandler
                0x0800613c                OTG_HS_WKUP_IRQHandler
                0x0800613c                LTDC_ER_IRQHandler
                0x0800613c                CAN2_SCE_IRQHandler
                0x0800613c                DMA2_Stream2_IRQHandler
                0x0800613c                SPI1_IRQHandler
                0x0800613c                TIM6_DAC_IRQHandler
                0x0800613c                TIM1_BRK_TIM9_IRQHandler
                0x0800613c                DCMI_IRQHandler
                0x0800613c                CAN2_RX0_IRQHandler
                0x0800613c                DMA2_Stream3_IRQHandler
                0x0800613c                USART6_IRQHandler
                0x0800613c                USART3_IRQHandler
                0x0800613c                CAN1_RX1_IRQHandler
                0x0800613c                UART5_IRQHandler
                0x0800613c                DMA2_Stream0_IRQHandler
                0x0800613c                TIM4_IRQHandler
                0x0800613c                I2C1_EV_IRQHandler
                0x0800613c                DMA1_Stream6_IRQHandler
                0x0800613c                DMA1_Stream1_IRQHandler
                0x0800613c                UART4_IRQHandler
                0x0800613c                RCC_IRQHandler
                0x0800613c                TIM8_BRK_TIM12_IRQHandler
                0x0800613c                Default_Handler
                0x0800613c                ADC_IRQHandler
                0x0800613c                DMA1_Stream7_IRQHandler
                0x0800613c                SPI5_IRQHandler
                0x0800613c                TIM7_IRQHandler
                0x0800613c                CAN2_TX_IRQHandler
                0x0800613c                DMA2_Stream7_IRQHandler
                0x0800613c                I2C3_EV_IRQHandler
                0x0800613c                EXTI9_5_IRQHandler
                0x0800613c                RTC_WKUP_IRQHandler
                0x0800613c                LTDC_IRQHandler
                0x0800613c                ETH_WKUP_IRQHandler
                0x0800613c                SPI2_IRQHandler
                0x0800613c                OTG_HS_EP1_IN_IRQHandler
                0x0800613c                DMA1_Stream0_IRQHandler
                0x0800613c                CAN1_TX_IRQHandler
                0x0800613c                EXTI4_IRQHandler
                0x0800613c                ETH_IRQHandler
                0x0800613c                OTG_HS_EP1_OUT_IRQHandler
                0x0800613c                WWDG_IRQHandler
                0x0800613c                SPI6_IRQHandler
                0x0800613c                TIM2_IRQHandler
                0x0800613c                OTG_FS_WKUP_IRQHandler
                0x0800613c                TIM1_TRG_COM_TIM11_IRQHandler
                0x0800613c                OTG_HS_IRQHandler
                0x0800613c                DMA2D_IRQHandler
                0x0800613c                EXTI1_IRQHandler
                0x0800613c                UART7_IRQHandler
                0x0800613c                USART2_IRQHandler
                0x0800613c                I2C2_ER_IRQHandler
                0x0800613c                DMA2_Stream1_IRQHandler
                0x0800613c                CAN1_SCE_IRQHandler
                0x0800613c                FLASH_IRQHandler
                0x0800613c                DMA2_Stream4_IRQHandler
                0x0800613c                USART1_IRQHandler
                0x0800613c                OTG_FS_IRQHandler
                0x0800613c                SPI3_IRQHandler
                0x0800613c                DMA1_Stream4_IRQHandler
                0x0800613c                I2C1_ER_IRQHandler
                0x0800613c                FMC_IRQHandler
                0x0800613c                DMA2_Stream6_IRQHandler
                0x0800613c                SAI1_IRQHandler
                0x0800613c                DMA1_Stream3_IRQHandler
 *fill*         0x0800613e        0x2 
 .text.HAL_Init
                0x08006140       0x44 ./Drivers/STM32F4xx_HAL_Driver/Src/stm32f4xx_hal.o
                0x08006140                HAL_Init
 .text.HAL_InitTick
                0x08006184       0x60 ./Drivers/STM32F4xx_HAL_Driver/Src/stm32f4xx_hal.o
                0x08006184                HAL_InitTick
 .text.HAL_IncTick
                0x080061e4       0x28 ./Drivers/STM32F4xx_HAL_Driver/Src/stm32f4xx_hal.o
                0x080061e4                HAL_IncTick
 .text.HAL_GetTick
                0x0800620c       0x18 ./Drivers/STM32F4xx_HAL_Driver/Src/stm32f4xx_hal.o
                0x0800620c                HAL_GetTick
 .text.HAL_Delay
                0x08006224       0x48 ./Drivers/STM32F4xx_HAL_Driver/Src/stm32f4xx_hal.o
                0x08006224                HAL_Delay
 .text.__NVIC_SetPriorityGrouping
                0x0800626c       0x48 ./Drivers/STM32F4xx_HAL_Driver/Src/stm32f4xx_hal_cortex.o
 .text.__NVIC_GetPriorityGrouping
                0x080062b4       0x1c ./Drivers/STM32F4xx_HAL_Driver/Src/stm32f4xx_hal_cortex.o
 .text.__NVIC_EnableIRQ
                0x080062d0       0x3c ./Drivers/STM32F4xx_HAL_Driver/Src/stm32f4xx_hal_cortex.o
 .text.__NVIC_DisableIRQ
                0x0800630c       0x48 ./Drivers/STM32F4xx_HAL_Driver/Src/stm32f4xx_hal_cortex.o
 .text.__NVIC_ClearPendingIRQ
                0x08006354       0x3c ./Drivers/STM32F4xx_HAL_Driver/Src/stm32f4xx_hal_cortex.o
 .text.__NVIC_SetPriority
                0x08006390       0x54 ./Drivers/STM32F4xx_HAL_Driver/Src/stm32f4xx_hal_cortex.o
 .text.NVIC_EncodePriority
                0x080063e4       0x66 ./Drivers/STM32F4xx_HAL_Driver/Src/stm32f4xx_hal_cortex.o
 *fill*         0x0800644a        0x2 
 .text.SysTick_Config
                0x0800644c       0x44 ./Drivers/STM32F4xx_HAL_Driver/Src/stm32f4xx_hal_cortex.o
 .text.HAL_NVIC_SetPriorityGrouping
                0x08006490       0x16 ./Drivers/STM32F4xx_HAL_Driver/Src/stm32f4xx_hal_cortex.o
                0x08006490                HAL_NVIC_SetPriorityGrouping
 .text.HAL_NVIC_SetPriority
                0x080064a6       0x38 ./Drivers/STM32F4xx_HAL_Driver/Src/stm32f4xx_hal_cortex.o
                0x080064a6                HAL_NVIC_SetPriority
 .text.HAL_NVIC_EnableIRQ
                0x080064de       0x1c ./Drivers/STM32F4xx_HAL_Driver/Src/stm32f4xx_hal_cortex.o
                0x080064de                HAL_NVIC_EnableIRQ
 .text.HAL_NVIC_DisableIRQ
                0x080064fa       0x1c ./Drivers/STM32F4xx_HAL_Driver/Src/stm32f4xx_hal_cortex.o
                0x080064fa                HAL_NVIC_DisableIRQ
 .text.HAL_SYSTICK_Config
                0x08006516       0x18 ./Drivers/STM32F4xx_HAL_Driver/Src/stm32f4xx_hal_cortex.o
                0x08006516                HAL_SYSTICK_Config
 .text.HAL_NVIC_ClearPendingIRQ
                0x0800652e       0x1c ./Drivers/STM32F4xx_HAL_Driver/Src/stm32f4xx_hal_cortex.o
                0x0800652e                HAL_NVIC_ClearPendingIRQ
 *fill*         0x0800654a        0x2 
 .text.HAL_EXTI_ClearPending
                0x0800654c       0x30 ./Drivers/STM32F4xx_HAL_Driver/Src/stm32f4xx_hal_exti.o
                0x0800654c                HAL_EXTI_ClearPending
 .text.HAL_GPIO_Init
                0x0800657c      0x358 ./Drivers/STM32F4xx_HAL_Driver/Src/stm32f4xx_hal_gpio.o
                0x0800657c                HAL_GPIO_Init
 .text.HAL_GPIO_DeInit
                0x080068d4      0x218 ./Drivers/STM32F4xx_HAL_Driver/Src/stm32f4xx_hal_gpio.o
                0x080068d4                HAL_GPIO_DeInit
 .text.HAL_GPIO_WritePin
                0x08006aec       0x32 ./Drivers/STM32F4xx_HAL_Driver/Src/stm32f4xx_hal_gpio.o
                0x08006aec                HAL_GPIO_WritePin
 *fill*         0x08006b1e        0x2 
 .text.HAL_I2C_Init
                0x08006b20      0x288 ./Drivers/STM32F4xx_HAL_Driver/Src/stm32f4xx_hal_i2c.o
                0x08006b20                HAL_I2C_Init
 .text.HAL_I2C_Mem_Write
                0x08006da8      0x1f4 ./Drivers/STM32F4xx_HAL_Driver/Src/stm32f4xx_hal_i2c.o
                0x08006da8                HAL_I2C_Mem_Write
 .text.HAL_I2C_Mem_Read
                0x08006f9c      0x464 ./Drivers/STM32F4xx_HAL_Driver/Src/stm32f4xx_hal_i2c.o
                0x08006f9c                HAL_I2C_Mem_Read
 .text.I2C_RequestMemoryWrite
                0x08007400      0x12c ./Drivers/STM32F4xx_HAL_Driver/Src/stm32f4xx_hal_i2c.o
 .text.I2C_RequestMemoryRead
                0x0800752c      0x1d0 ./Drivers/STM32F4xx_HAL_Driver/Src/stm32f4xx_hal_i2c.o
 .text.I2C_WaitOnFlagUntilTimeout
                0x080076fc       0xf4 ./Drivers/STM32F4xx_HAL_Driver/Src/stm32f4xx_hal_i2c.o
 .text.I2C_WaitOnMasterAddressFlagUntilTimeout
                0x080077f0      0x140 ./Drivers/STM32F4xx_HAL_Driver/Src/stm32f4xx_hal_i2c.o
 .text.I2C_WaitOnTXEFlagUntilTimeout
                0x08007930       0x90 ./Drivers/STM32F4xx_HAL_Driver/Src/stm32f4xx_hal_i2c.o
 .text.I2C_WaitOnBTFFlagUntilTimeout
                0x080079c0       0x90 ./Drivers/STM32F4xx_HAL_Driver/Src/stm32f4xx_hal_i2c.o
 .text.I2C_WaitOnRXNEFlagUntilTimeout
                0x08007a50       0xba ./Drivers/STM32F4xx_HAL_Driver/Src/stm32f4xx_hal_i2c.o
 .text.I2C_IsAcknowledgeFailed
                0x08007b0a       0x5e ./Drivers/STM32F4xx_HAL_Driver/Src/stm32f4xx_hal_i2c.o
 .text.HAL_LTDC_Init
                0x08007b68      0x1a0 ./Drivers/STM32F4xx_HAL_Driver/Src/stm32f4xx_hal_ltdc.o
                0x08007b68                HAL_LTDC_Init
 .text.HAL_LTDC_ConfigLayer
                0x08007d08       0x7c ./Drivers/STM32F4xx_HAL_Driver/Src/stm32f4xx_hal_ltdc.o
                0x08007d08                HAL_LTDC_ConfigLayer
 .text.LTDC_SetConfig
                0x08007d84      0x32e ./Drivers/STM32F4xx_HAL_Driver/Src/stm32f4xx_hal_ltdc.o
 *fill*         0x080080b2        0x2 
 .text.HAL_RCC_OscConfig
                0x080080b4      0x4f0 ./Drivers/STM32F4xx_HAL_Driver/Src/stm32f4xx_hal_rcc.o
                0x080080b4                HAL_RCC_OscConfig
 .text.HAL_RCC_ClockConfig
                0x080085a4      0x1cc ./Drivers/STM32F4xx_HAL_Driver/Src/stm32f4xx_hal_rcc.o
                0x080085a4                HAL_RCC_ClockConfig
 .text.HAL_RCC_GetSysClockFreq
                0x08008770      0x20c ./Drivers/STM32F4xx_HAL_Driver/Src/stm32f4xx_hal_rcc.o
                0x08008770                HAL_RCC_GetSysClockFreq
 .text.HAL_RCC_GetHCLKFreq
                0x0800897c       0x18 ./Drivers/STM32F4xx_HAL_Driver/Src/stm32f4xx_hal_rcc.o
                0x0800897c                HAL_RCC_GetHCLKFreq
 .text.HAL_RCC_GetPCLK1Freq
                0x08008994       0x28 ./Drivers/STM32F4xx_HAL_Driver/Src/stm32f4xx_hal_rcc.o
                0x08008994                HAL_RCC_GetPCLK1Freq
 .text.HAL_RCCEx_PeriphCLKConfig
                0x080089bc      0x380 ./Drivers/STM32F4xx_HAL_Driver/Src/stm32f4xx_hal_rcc_ex.o
                0x080089bc                HAL_RCCEx_PeriphCLKConfig
 .text.HAL_RNG_Init
                0x08008d3c       0x54 ./Drivers/STM32F4xx_HAL_Driver/Src/stm32f4xx_hal_rng.o
                0x08008d3c                HAL_RNG_Init
 .text.HAL_RNG_GenerateRandomNumber
                0x08008d90       0xac ./Drivers/STM32F4xx_HAL_Driver/Src/stm32f4xx_hal_rng.o
                0x08008d90                HAL_RNG_GenerateRandomNumber
 .text.HAL_RNG_GetRandomNumber
                0x08008e3c       0x2a ./Drivers/STM32F4xx_HAL_Driver/Src/stm32f4xx_hal_rng.o
                0x08008e3c                HAL_RNG_GetRandomNumber
 .text.HAL_SPI_Init
                0x08008e66      0x112 ./Drivers/STM32F4xx_HAL_Driver/Src/stm32f4xx_hal_spi.o
                0x08008e66                HAL_SPI_Init
 .text.HAL_SPI_DeInit
                0x08008f78       0x50 ./Drivers/STM32F4xx_HAL_Driver/Src/stm32f4xx_hal_spi.o
                0x08008f78                HAL_SPI_DeInit
 .text.HAL_SPI_Transmit
                0x08008fc8      0x288 ./Drivers/STM32F4xx_HAL_Driver/Src/stm32f4xx_hal_spi.o
                0x08008fc8                HAL_SPI_Transmit
 .text.HAL_SPI_GetState
                0x08009250       0x1c ./Drivers/STM32F4xx_HAL_Driver/Src/stm32f4xx_hal_spi.o
                0x08009250                HAL_SPI_GetState
 .text.SPI_WaitFlagStateUntilTimeout
                0x0800926c      0x110 ./Drivers/STM32F4xx_HAL_Driver/Src/stm32f4xx_hal_spi.o
 .text.SPI_EndRxTxTransaction
                0x0800937c       0xa8 ./Drivers/STM32F4xx_HAL_Driver/Src/stm32f4xx_hal_spi.o
 .text.HAL_TIM_Base_Init
                0x08009424       0x9e ./Drivers/STM32F4xx_HAL_Driver/Src/stm32f4xx_hal_tim.o
                0x08009424                HAL_TIM_Base_Init
 *fill*         0x080094c2        0x2 
 .text.HAL_TIM_Base_Start_IT
                0x080094c4       0xe0 ./Drivers/STM32F4xx_HAL_Driver/Src/stm32f4xx_hal_tim.o
                0x080094c4                HAL_TIM_Base_Start_IT
 .text.TIM_Base_SetConfig
                0x080095a4      0x158 ./Drivers/STM32F4xx_HAL_Driver/Src/stm32f4xx_hal_tim.o
                0x080095a4                TIM_Base_SetConfig
 .text.std      0x080096fc       0x6c C:/ST/STM32CubeIDE_1.16.0/STM32CubeIDE/plugins/com.st.stm32cube.ide.mcu.externaltools.gnu-tools-for-stm32.12.3.rel1.win32_1.0.200.202406191623/tools/bin/../lib/gcc/arm-none-eabi/12.3.1/../../../../arm-none-eabi/lib/thumb/v7e-m+fp/hard\libc_nano.a(libc_a-findfp.o)
 .text.stdio_exit_handler
                0x08009768       0x18 C:/ST/STM32CubeIDE_1.16.0/STM32CubeIDE/plugins/com.st.stm32cube.ide.mcu.externaltools.gnu-tools-for-stm32.12.3.rel1.win32_1.0.200.202406191623/tools/bin/../lib/gcc/arm-none-eabi/12.3.1/../../../../arm-none-eabi/lib/thumb/v7e-m+fp/hard\libc_nano.a(libc_a-findfp.o)
 .text.cleanup_stdio
                0x08009780       0x40 C:/ST/STM32CubeIDE_1.16.0/STM32CubeIDE/plugins/com.st.stm32cube.ide.mcu.externaltools.gnu-tools-for-stm32.12.3.rel1.win32_1.0.200.202406191623/tools/bin/../lib/gcc/arm-none-eabi/12.3.1/../../../../arm-none-eabi/lib/thumb/v7e-m+fp/hard\libc_nano.a(libc_a-findfp.o)
 .text.global_stdio_init.part.0
                0x080097c0       0x3c C:/ST/STM32CubeIDE_1.16.0/STM32CubeIDE/plugins/com.st.stm32cube.ide.mcu.externaltools.gnu-tools-for-stm32.12.3.rel1.win32_1.0.200.202406191623/tools/bin/../lib/gcc/arm-none-eabi/12.3.1/../../../../arm-none-eabi/lib/thumb/v7e-m+fp/hard\libc_nano.a(libc_a-findfp.o)
 .text.__sfp_lock_acquire
                0x080097fc        0xc C:/ST/STM32CubeIDE_1.16.0/STM32CubeIDE/plugins/com.st.stm32cube.ide.mcu.externaltools.gnu-tools-for-stm32.12.3.rel1.win32_1.0.200.202406191623/tools/bin/../lib/gcc/arm-none-eabi/12.3.1/../../../../arm-none-eabi/lib/thumb/v7e-m+fp/hard\libc_nano.a(libc_a-findfp.o)
                0x080097fc                __sfp_lock_acquire
 .text.__sfp_lock_release
                0x08009808        0xc C:/ST/STM32CubeIDE_1.16.0/STM32CubeIDE/plugins/com.st.stm32cube.ide.mcu.externaltools.gnu-tools-for-stm32.12.3.rel1.win32_1.0.200.202406191623/tools/bin/../lib/gcc/arm-none-eabi/12.3.1/../../../../arm-none-eabi/lib/thumb/v7e-m+fp/hard\libc_nano.a(libc_a-findfp.o)
                0x08009808                __sfp_lock_release
 .text.__sinit  0x08009814       0x30 C:/ST/STM32CubeIDE_1.16.0/STM32CubeIDE/plugins/com.st.stm32cube.ide.mcu.externaltools.gnu-tools-for-stm32.12.3.rel1.win32_1.0.200.202406191623/tools/bin/../lib/gcc/arm-none-eabi/12.3.1/../../../../arm-none-eabi/lib/thumb/v7e-m+fp/hard\libc_nano.a(libc_a-findfp.o)
                0x08009814                __sinit
 .text._fwalk_sglue
                0x08009844       0x3c C:/ST/STM32CubeIDE_1.16.0/STM32CubeIDE/plugins/com.st.stm32cube.ide.mcu.externaltools.gnu-tools-for-stm32.12.3.rel1.win32_1.0.200.202406191623/tools/bin/../lib/gcc/arm-none-eabi/12.3.1/../../../../arm-none-eabi/lib/thumb/v7e-m+fp/hard\libc_nano.a(libc_a-fwalk.o)
                0x08009844                _fwalk_sglue
 .text.printf   0x08009880       0x24 C:/ST/STM32CubeIDE_1.16.0/STM32CubeIDE/plugins/com.st.stm32cube.ide.mcu.externaltools.gnu-tools-for-stm32.12.3.rel1.win32_1.0.200.202406191623/tools/bin/../lib/gcc/arm-none-eabi/12.3.1/../../../../arm-none-eabi/lib/thumb/v7e-m+fp/hard\libc_nano.a(libc_a-printf.o)
                0x08009880                iprintf
                0x08009880                printf
 .text._puts_r  0x080098a4       0xaa C:/ST/STM32CubeIDE_1.16.0/STM32CubeIDE/plugins/com.st.stm32cube.ide.mcu.externaltools.gnu-tools-for-stm32.12.3.rel1.win32_1.0.200.202406191623/tools/bin/../lib/gcc/arm-none-eabi/12.3.1/../../../../arm-none-eabi/lib/thumb/v7e-m+fp/hard\libc_nano.a(libc_a-puts.o)
                0x080098a4                _puts_r
 *fill*         0x0800994e        0x2 
 .text.puts     0x08009950       0x10 C:/ST/STM32CubeIDE_1.16.0/STM32CubeIDE/plugins/com.st.stm32cube.ide.mcu.externaltools.gnu-tools-for-stm32.12.3.rel1.win32_1.0.200.202406191623/tools/bin/../lib/gcc/arm-none-eabi/12.3.1/../../../../arm-none-eabi/lib/thumb/v7e-m+fp/hard\libc_nano.a(libc_a-puts.o)
                0x08009950                puts
 .text.__sread  0x08009960       0x22 C:/ST/STM32CubeIDE_1.16.0/STM32CubeIDE/plugins/com.st.stm32cube.ide.mcu.externaltools.gnu-tools-for-stm32.12.3.rel1.win32_1.0.200.202406191623/tools/bin/../lib/gcc/arm-none-eabi/12.3.1/../../../../arm-none-eabi/lib/thumb/v7e-m+fp/hard\libc_nano.a(libc_a-stdio.o)
                0x08009960                __sread
 .text.__swrite
                0x08009982       0x38 C:/ST/STM32CubeIDE_1.16.0/STM32CubeIDE/plugins/com.st.stm32cube.ide.mcu.externaltools.gnu-tools-for-stm32.12.3.rel1.win32_1.0.200.202406191623/tools/bin/../lib/gcc/arm-none-eabi/12.3.1/../../../../arm-none-eabi/lib/thumb/v7e-m+fp/hard\libc_nano.a(libc_a-stdio.o)
                0x08009982                __swrite
 .text.__sseek  0x080099ba       0x24 C:/ST/STM32CubeIDE_1.16.0/STM32CubeIDE/plugins/com.st.stm32cube.ide.mcu.externaltools.gnu-tools-for-stm32.12.3.rel1.win32_1.0.200.202406191623/tools/bin/../lib/gcc/arm-none-eabi/12.3.1/../../../../arm-none-eabi/lib/thumb/v7e-m+fp/hard\libc_nano.a(libc_a-stdio.o)
                0x080099ba                __sseek
 .text.__sclose
                0x080099de        0x8 C:/ST/STM32CubeIDE_1.16.0/STM32CubeIDE/plugins/com.st.stm32cube.ide.mcu.externaltools.gnu-tools-for-stm32.12.3.rel1.win32_1.0.200.202406191623/tools/bin/../lib/gcc/arm-none-eabi/12.3.1/../../../../arm-none-eabi/lib/thumb/v7e-m+fp/hard\libc_nano.a(libc_a-stdio.o)
                0x080099de                __sclose
 .text.__swbuf_r
                0x080099e6       0x7c C:/ST/STM32CubeIDE_1.16.0/STM32CubeIDE/plugins/com.st.stm32cube.ide.mcu.externaltools.gnu-tools-for-stm32.12.3.rel1.win32_1.0.200.202406191623/tools/bin/../lib/gcc/arm-none-eabi/12.3.1/../../../../arm-none-eabi/lib/thumb/v7e-m+fp/hard\libc_nano.a(libc_a-wbuf.o)
                0x080099e6                __swbuf_r
 *fill*         0x08009a62        0x2 
 .text.__swsetup_r
                0x08009a64       0xac C:/ST/STM32CubeIDE_1.16.0/STM32CubeIDE/plugins/com.st.stm32cube.ide.mcu.externaltools.gnu-tools-for-stm32.12.3.rel1.win32_1.0.200.202406191623/tools/bin/../lib/gcc/arm-none-eabi/12.3.1/../../../../arm-none-eabi/lib/thumb/v7e-m+fp/hard\libc_nano.a(libc_a-wsetup.o)
                0x08009a64                __swsetup_r
 .text.memset   0x08009b10       0x10 C:/ST/STM32CubeIDE_1.16.0/STM32CubeIDE/plugins/com.st.stm32cube.ide.mcu.externaltools.gnu-tools-for-stm32.12.3.rel1.win32_1.0.200.202406191623/tools/bin/../lib/gcc/arm-none-eabi/12.3.1/../../../../arm-none-eabi/lib/thumb/v7e-m+fp/hard\libc_nano.a(libc_a-memset.o)
                0x08009b10                memset
 .text._close_r
                0x08009b20       0x20 C:/ST/STM32CubeIDE_1.16.0/STM32CubeIDE/plugins/com.st.stm32cube.ide.mcu.externaltools.gnu-tools-for-stm32.12.3.rel1.win32_1.0.200.202406191623/tools/bin/../lib/gcc/arm-none-eabi/12.3.1/../../../../arm-none-eabi/lib/thumb/v7e-m+fp/hard\libc_nano.a(libc_a-closer.o)
                0x08009b20                _close_r
 .text._lseek_r
                0x08009b40       0x24 C:/ST/STM32CubeIDE_1.16.0/STM32CubeIDE/plugins/com.st.stm32cube.ide.mcu.externaltools.gnu-tools-for-stm32.12.3.rel1.win32_1.0.200.202406191623/tools/bin/../lib/gcc/arm-none-eabi/12.3.1/../../../../arm-none-eabi/lib/thumb/v7e-m+fp/hard\libc_nano.a(libc_a-lseekr.o)
                0x08009b40                _lseek_r
 .text._read_r  0x08009b64       0x24 C:/ST/STM32CubeIDE_1.16.0/STM32CubeIDE/plugins/com.st.stm32cube.ide.mcu.externaltools.gnu-tools-for-stm32.12.3.rel1.win32_1.0.200.202406191623/tools/bin/../lib/gcc/arm-none-eabi/12.3.1/../../../../arm-none-eabi/lib/thumb/v7e-m+fp/hard\libc_nano.a(libc_a-readr.o)
                0x08009b64                _read_r
 .text._write_r
                0x08009b88       0x24 C:/ST/STM32CubeIDE_1.16.0/STM32CubeIDE/plugins/com.st.stm32cube.ide.mcu.externaltools.gnu-tools-for-stm32.12.3.rel1.win32_1.0.200.202406191623/tools/bin/../lib/gcc/arm-none-eabi/12.3.1/../../../../arm-none-eabi/lib/thumb/v7e-m+fp/hard\libc_nano.a(libc_a-writer.o)
                0x08009b88                _write_r
 .text.__errno  0x08009bac        0xc C:/ST/STM32CubeIDE_1.16.0/STM32CubeIDE/plugins/com.st.stm32cube.ide.mcu.externaltools.gnu-tools-for-stm32.12.3.rel1.win32_1.0.200.202406191623/tools/bin/../lib/gcc/arm-none-eabi/12.3.1/../../../../arm-none-eabi/lib/thumb/v7e-m+fp/hard\libc_nano.a(libc_a-errno.o)
                0x08009bac                __errno
 .text.__libc_init_array
                0x08009bb8       0x48 C:/ST/STM32CubeIDE_1.16.0/STM32CubeIDE/plugins/com.st.stm32cube.ide.mcu.externaltools.gnu-tools-for-stm32.12.3.rel1.win32_1.0.200.202406191623/tools/bin/../lib/gcc/arm-none-eabi/12.3.1/../../../../arm-none-eabi/lib/thumb/v7e-m+fp/hard\libc_nano.a(libc_a-init.o)
                0x08009bb8                __libc_init_array
 .text.__retarget_lock_init_recursive
                0x08009c00        0x2 C:/ST/STM32CubeIDE_1.16.0/STM32CubeIDE/plugins/com.st.stm32cube.ide.mcu.externaltools.gnu-tools-for-stm32.12.3.rel1.win32_1.0.200.202406191623/tools/bin/../lib/gcc/arm-none-eabi/12.3.1/../../../../arm-none-eabi/lib/thumb/v7e-m+fp/hard\libc_nano.a(libc_a-lock.o)
                0x08009c00                __retarget_lock_init_recursive
 .text.__retarget_lock_acquire_recursive
                0x08009c02        0x2 C:/ST/STM32CubeIDE_1.16.0/STM32CubeIDE/plugins/com.st.stm32cube.ide.mcu.externaltools.gnu-tools-for-stm32.12.3.rel1.win32_1.0.200.202406191623/tools/bin/../lib/gcc/arm-none-eabi/12.3.1/../../../../arm-none-eabi/lib/thumb/v7e-m+fp/hard\libc_nano.a(libc_a-lock.o)
                0x08009c02                __retarget_lock_acquire_recursive
 .text.__retarget_lock_release_recursive
                0x08009c04        0x2 C:/ST/STM32CubeIDE_1.16.0/STM32CubeIDE/plugins/com.st.stm32cube.ide.mcu.externaltools.gnu-tools-for-stm32.12.3.rel1.win32_1.0.200.202406191623/tools/bin/../lib/gcc/arm-none-eabi/12.3.1/../../../../arm-none-eabi/lib/thumb/v7e-m+fp/hard\libc_nano.a(libc_a-lock.o)
                0x08009c04                __retarget_lock_release_recursive
 *fill*         0x08009c06        0x2 
 .text._free_r  0x08009c08       0x94 C:/ST/STM32CubeIDE_1.16.0/STM32CubeIDE/plugins/com.st.stm32cube.ide.mcu.externaltools.gnu-tools-for-stm32.12.3.rel1.win32_1.0.200.202406191623/tools/bin/../lib/gcc/arm-none-eabi/12.3.1/../../../../arm-none-eabi/lib/thumb/v7e-m+fp/hard\libc_nano.a(libc_a-freer.o)
                0x08009c08                _free_r
 .text.sbrk_aligned
                0x08009c9c       0x44 C:/ST/STM32CubeIDE_1.16.0/STM32CubeIDE/plugins/com.st.stm32cube.ide.mcu.externaltools.gnu-tools-for-stm32.12.3.rel1.win32_1.0.200.202406191623/tools/bin/../lib/gcc/arm-none-eabi/12.3.1/../../../../arm-none-eabi/lib/thumb/v7e-m+fp/hard\libc_nano.a(libc_a-mallocr.o)
 .text._malloc_r
                0x08009ce0      0x100 C:/ST/STM32CubeIDE_1.16.0/STM32CubeIDE/plugins/com.st.stm32cube.ide.mcu.externaltools.gnu-tools-for-stm32.12.3.rel1.win32_1.0.200.202406191623/tools/bin/../lib/gcc/arm-none-eabi/12.3.1/../../../../arm-none-eabi/lib/thumb/v7e-m+fp/hard\libc_nano.a(libc_a-mallocr.o)
                0x08009ce0                _malloc_r
 .text.__malloc_lock
                0x08009de0        0xc C:/ST/STM32CubeIDE_1.16.0/STM32CubeIDE/plugins/com.st.stm32cube.ide.mcu.externaltools.gnu-tools-for-stm32.12.3.rel1.win32_1.0.200.202406191623/tools/bin/../lib/gcc/arm-none-eabi/12.3.1/../../../../arm-none-eabi/lib/thumb/v7e-m+fp/hard\libc_nano.a(libc_a-mlock.o)
                0x08009de0                __malloc_lock
 .text.__malloc_unlock
                0x08009dec        0xc C:/ST/STM32CubeIDE_1.16.0/STM32CubeIDE/plugins/com.st.stm32cube.ide.mcu.externaltools.gnu-tools-for-stm32.12.3.rel1.win32_1.0.200.202406191623/tools/bin/../lib/gcc/arm-none-eabi/12.3.1/../../../../arm-none-eabi/lib/thumb/v7e-m+fp/hard\libc_nano.a(libc_a-mlock.o)
                0x08009dec                __malloc_unlock
 .text.__sfputc_r
                0x08009df8       0x2e C:/ST/STM32CubeIDE_1.16.0/STM32CubeIDE/plugins/com.st.stm32cube.ide.mcu.externaltools.gnu-tools-for-stm32.12.3.rel1.win32_1.0.200.202406191623/tools/bin/../lib/gcc/arm-none-eabi/12.3.1/../../../../arm-none-eabi/lib/thumb/v7e-m+fp/hard\libc_nano.a(libc_a-nano-vfprintf.o)
 .text.__sfputs_r
                0x08009e26       0x24 C:/ST/STM32CubeIDE_1.16.0/STM32CubeIDE/plugins/com.st.stm32cube.ide.mcu.externaltools.gnu-tools-for-stm32.12.3.rel1.win32_1.0.200.202406191623/tools/bin/../lib/gcc/arm-none-eabi/12.3.1/../../../../arm-none-eabi/lib/thumb/v7e-m+fp/hard\libc_nano.a(libc_a-nano-vfprintf.o)
                0x08009e26                __sfputs_r
 *fill*         0x08009e4a        0x2 
 .text._vfprintf_r
                0x08009e4c      0x230 C:/ST/STM32CubeIDE_1.16.0/STM32CubeIDE/plugins/com.st.stm32cube.ide.mcu.externaltools.gnu-tools-for-stm32.12.3.rel1.win32_1.0.200.202406191623/tools/bin/../lib/gcc/arm-none-eabi/12.3.1/../../../../arm-none-eabi/lib/thumb/v7e-m+fp/hard\libc_nano.a(libc_a-nano-vfprintf.o)
                0x08009e4c                _vfprintf_r
                0x08009e4c                _vfiprintf_r
 .text._printf_common
                0x0800a07c       0xda C:/ST/STM32CubeIDE_1.16.0/STM32CubeIDE/plugins/com.st.stm32cube.ide.mcu.externaltools.gnu-tools-for-stm32.12.3.rel1.win32_1.0.200.202406191623/tools/bin/../lib/gcc/arm-none-eabi/12.3.1/../../../../arm-none-eabi/lib/thumb/v7e-m+fp/hard\libc_nano.a(libc_a-nano-vfprintf_i.o)
                0x0800a07c                _printf_common
 *fill*         0x0800a156        0x2 
 .text._printf_i
                0x0800a158      0x240 C:/ST/STM32CubeIDE_1.16.0/STM32CubeIDE/plugins/com.st.stm32cube.ide.mcu.externaltools.gnu-tools-for-stm32.12.3.rel1.win32_1.0.200.202406191623/tools/bin/../lib/gcc/arm-none-eabi/12.3.1/../../../../arm-none-eabi/lib/thumb/v7e-m+fp/hard\libc_nano.a(libc_a-nano-vfprintf_i.o)
                0x0800a158                _printf_i
 .text.__sflush_r
                0x0800a398      0x108 C:/ST/STM32CubeIDE_1.16.0/STM32CubeIDE/plugins/com.st.stm32cube.ide.mcu.externaltools.gnu-tools-for-stm32.12.3.rel1.win32_1.0.200.202406191623/tools/bin/../lib/gcc/arm-none-eabi/12.3.1/../../../../arm-none-eabi/lib/thumb/v7e-m+fp/hard\libc_nano.a(libc_a-fflush.o)
                0x0800a398                __sflush_r
 .text._fflush_r
                0x0800a4a0       0x50 C:/ST/STM32CubeIDE_1.16.0/STM32CubeIDE/plugins/com.st.stm32cube.ide.mcu.externaltools.gnu-tools-for-stm32.12.3.rel1.win32_1.0.200.202406191623/tools/bin/../lib/gcc/arm-none-eabi/12.3.1/../../../../arm-none-eabi/lib/thumb/v7e-m+fp/hard\libc_nano.a(libc_a-fflush.o)
                0x0800a4a0                _fflush_r
 .text.__swhatbuf_r
                0x0800a4f0       0x4c C:/ST/STM32CubeIDE_1.16.0/STM32CubeIDE/plugins/com.st.stm32cube.ide.mcu.externaltools.gnu-tools-for-stm32.12.3.rel1.win32_1.0.200.202406191623/tools/bin/../lib/gcc/arm-none-eabi/12.3.1/../../../../arm-none-eabi/lib/thumb/v7e-m+fp/hard\libc_nano.a(libc_a-makebuf.o)
                0x0800a4f0                __swhatbuf_r
 .text.__smakebuf_r
                0x0800a53c       0x78 C:/ST/STM32CubeIDE_1.16.0/STM32CubeIDE/plugins/com.st.stm32cube.ide.mcu.externaltools.gnu-tools-for-stm32.12.3.rel1.win32_1.0.200.202406191623/tools/bin/../lib/gcc/arm-none-eabi/12.3.1/../../../../arm-none-eabi/lib/thumb/v7e-m+fp/hard\libc_nano.a(libc_a-makebuf.o)
                0x0800a53c                __smakebuf_r
 .text._fstat_r
                0x0800a5b4       0x24 C:/ST/STM32CubeIDE_1.16.0/STM32CubeIDE/plugins/com.st.stm32cube.ide.mcu.externaltools.gnu-tools-for-stm32.12.3.rel1.win32_1.0.200.202406191623/tools/bin/../lib/gcc/arm-none-eabi/12.3.1/../../../../arm-none-eabi/lib/thumb/v7e-m+fp/hard\libc_nano.a(libc_a-fstatr.o)
                0x0800a5b4                _fstat_r
 .text._isatty_r
                0x0800a5d8       0x20 C:/ST/STM32CubeIDE_1.16.0/STM32CubeIDE/plugins/com.st.stm32cube.ide.mcu.externaltools.gnu-tools-for-stm32.12.3.rel1.win32_1.0.200.202406191623/tools/bin/../lib/gcc/arm-none-eabi/12.3.1/../../../../arm-none-eabi/lib/thumb/v7e-m+fp/hard\libc_nano.a(libc_a-isattyr.o)
                0x0800a5d8                _isatty_r
 .text._sbrk_r  0x0800a5f8       0x20 C:/ST/STM32CubeIDE_1.16.0/STM32CubeIDE/plugins/com.st.stm32cube.ide.mcu.externaltools.gnu-tools-for-stm32.12.3.rel1.win32_1.0.200.202406191623/tools/bin/../lib/gcc/arm-none-eabi/12.3.1/../../../../arm-none-eabi/lib/thumb/v7e-m+fp/hard\libc_nano.a(libc_a-sbrkr.o)
                0x0800a5f8                _sbrk_r
 *(.glue_7)
 .glue_7        0x0800a618        0x0 linker stubs
 *(.glue_7t)
 .glue_7t       0x0800a618        0x0 linker stubs
 *(.eh_frame)
 .eh_frame      0x0800a618        0x0 C:/ST/STM32CubeIDE_1.16.0/STM32CubeIDE/plugins/com.st.stm32cube.ide.mcu.externaltools.gnu-tools-for-stm32.12.3.rel1.win32_1.0.200.202406191623/tools/bin/../lib/gcc/arm-none-eabi/12.3.1/thumb/v7e-m+fp/hard/crtbegin.o
 *(.init)
 .init          0x0800a618        0x4 C:/ST/STM32CubeIDE_1.16.0/STM32CubeIDE/plugins/com.st.stm32cube.ide.mcu.externaltools.gnu-tools-for-stm32.12.3.rel1.win32_1.0.200.202406191623/tools/bin/../lib/gcc/arm-none-eabi/12.3.1/thumb/v7e-m+fp/hard/crti.o
                0x0800a618                _init
 .init          0x0800a61c        0x8 C:/ST/STM32CubeIDE_1.16.0/STM32CubeIDE/plugins/com.st.stm32cube.ide.mcu.externaltools.gnu-tools-for-stm32.12.3.rel1.win32_1.0.200.202406191623/tools/bin/../lib/gcc/arm-none-eabi/12.3.1/thumb/v7e-m+fp/hard/crtn.o
 *(.fini)
 .fini          0x0800a624        0x4 C:/ST/STM32CubeIDE_1.16.0/STM32CubeIDE/plugins/com.st.stm32cube.ide.mcu.externaltools.gnu-tools-for-stm32.12.3.rel1.win32_1.0.200.202406191623/tools/bin/../lib/gcc/arm-none-eabi/12.3.1/thumb/v7e-m+fp/hard/crti.o
                0x0800a624                _fini
 .fini          0x0800a628        0x8 C:/ST/STM32CubeIDE_1.16.0/STM32CubeIDE/plugins/com.st.stm32cube.ide.mcu.externaltools.gnu-tools-for-stm32.12.3.rel1.win32_1.0.200.202406191623/tools/bin/../lib/gcc/arm-none-eabi/12.3.1/thumb/v7e-m+fp/hard/crtn.o
                0x0800a630                        . = ALIGN (0x4)
                0x0800a630                        _etext = .

.vfp11_veneer   0x0800a630        0x0
 .vfp11_veneer  0x0800a630        0x0 linker stubs

.v4_bx          0x0800a630        0x0
 .v4_bx         0x0800a630        0x0 linker stubs

.iplt           0x0800a630        0x0
 .iplt          0x0800a630        0x0 C:/ST/STM32CubeIDE_1.16.0/STM32CubeIDE/plugins/com.st.stm32cube.ide.mcu.externaltools.gnu-tools-for-stm32.12.3.rel1.win32_1.0.200.202406191623/tools/bin/../lib/gcc/arm-none-eabi/12.3.1/thumb/v7e-m+fp/hard/crtbegin.o

.rodata         0x0800a630     0x1248
                0x0800a630                        . = ALIGN (0x4)
 *(.rodata)
 .rodata        0x0800a630       0x2a ./Core/Src/ApplicationCode.o
 *(.rodata*)
 *fill*         0x0800a65a        0x2 
 .rodata.ASCII16x24_Table
                0x0800a65c     0x11d0 ./Core/Src/fonts.o
                0x0800a65c                ASCII16x24_Table
 .rodata.AHBPrescTable
                0x0800b82c       0x10 ./Core/Src/system_stm32f4xx.o
                0x0800b82c                AHBPrescTable
 .rodata.APBPrescTable
                0x0800b83c        0x8 ./Core/Src/system_stm32f4xx.o
                0x0800b83c                APBPrescTable
 .rodata._vfprintf_r.str1.1
                0x0800b844       0x11 C:/ST/STM32CubeIDE_1.16.0/STM32CubeIDE/plugins/com.st.stm32cube.ide.mcu.externaltools.gnu-tools-for-stm32.12.3.rel1.win32_1.0.200.202406191623/tools/bin/../lib/gcc/arm-none-eabi/12.3.1/../../../../arm-none-eabi/lib/thumb/v7e-m+fp/hard\libc_nano.a(libc_a-nano-vfprintf.o)
 .rodata._printf_i.str1.1
                0x0800b855       0x22 C:/ST/STM32CubeIDE_1.16.0/STM32CubeIDE/plugins/com.st.stm32cube.ide.mcu.externaltools.gnu-tools-for-stm32.12.3.rel1.win32_1.0.200.202406191623/tools/bin/../lib/gcc/arm-none-eabi/12.3.1/../../../../arm-none-eabi/lib/thumb/v7e-m+fp/hard\libc_nano.a(libc_a-nano-vfprintf_i.o)
                0x0800b878                        . = ALIGN (0x4)
 *fill*         0x0800b877        0x1 

.ARM.extab      0x0800b878        0x0
                0x0800b878                        . = ALIGN (0x4)
 *(.ARM.extab* .gnu.linkonce.armextab.*)
                0x0800b878                        . = ALIGN (0x4)

.ARM            0x0800b878        0x8
                0x0800b878                        . = ALIGN (0x4)
                0x0800b878                        __exidx_start = .
 *(.ARM.exidx*)
 .ARM.exidx     0x0800b878        0x8 C:/ST/STM32CubeIDE_1.16.0/STM32CubeIDE/plugins/com.st.stm32cube.ide.mcu.externaltools.gnu-tools-for-stm32.12.3.rel1.win32_1.0.200.202406191623/tools/bin/../lib/gcc/arm-none-eabi/12.3.1/../../../../arm-none-eabi/lib/thumb/v7e-m+fp/hard\libc_nano.a(libc_a-memchr.o)
 .ARM.exidx     0x0800b880        0x0 C:/ST/STM32CubeIDE_1.16.0/STM32CubeIDE/plugins/com.st.stm32cube.ide.mcu.externaltools.gnu-tools-for-stm32.12.3.rel1.win32_1.0.200.202406191623/tools/bin/../lib/gcc/arm-none-eabi/12.3.1/thumb/v7e-m+fp/hard\libgcc.a(_udivmoddi4.o)
                                  0x8 (size before relaxing)
                0x0800b880                        __exidx_end = .
                0x0800b880                        . = ALIGN (0x4)

.preinit_array  0x0800b880        0x0
                0x0800b880                        . = ALIGN (0x4)
                0x0800b880                        PROVIDE (__preinit_array_start = .)
 *(.preinit_array*)
                0x0800b880                        PROVIDE (__preinit_array_end = .)
                0x0800b880                        . = ALIGN (0x4)

.init_array     0x0800b880        0x4
                0x0800b880                        . = ALIGN (0x4)
                0x0800b880                        PROVIDE (__init_array_start = .)
 *(SORT_BY_NAME(.init_array.*))
 *(.init_array*)
 .init_array    0x0800b880        0x4 C:/ST/STM32CubeIDE_1.16.0/STM32CubeIDE/plugins/com.st.stm32cube.ide.mcu.externaltools.gnu-tools-for-stm32.12.3.rel1.win32_1.0.200.202406191623/tools/bin/../lib/gcc/arm-none-eabi/12.3.1/thumb/v7e-m+fp/hard/crtbegin.o
                0x0800b884                        PROVIDE (__init_array_end = .)
                0x0800b884                        . = ALIGN (0x4)

.fini_array     0x0800b884        0x4
                0x0800b884                        . = ALIGN (0x4)
                [!provide]                        PROVIDE (__fini_array_start = .)
 *(SORT_BY_NAME(.fini_array.*))
 *(.fini_array*)
 .fini_array    0x0800b884        0x4 C:/ST/STM32CubeIDE_1.16.0/STM32CubeIDE/plugins/com.st.stm32cube.ide.mcu.externaltools.gnu-tools-for-stm32.12.3.rel1.win32_1.0.200.202406191623/tools/bin/../lib/gcc/arm-none-eabi/12.3.1/thumb/v7e-m+fp/hard/crtbegin.o
                [!provide]                        PROVIDE (__fini_array_end = .)
                0x0800b888                        . = ALIGN (0x4)
                0x0800b888                        _sidata = LOADADDR (.data)

.rel.dyn        0x0800b888        0x0
 .rel.iplt      0x0800b888        0x0 C:/ST/STM32CubeIDE_1.16.0/STM32CubeIDE/plugins/com.st.stm32cube.ide.mcu.externaltools.gnu-tools-for-stm32.12.3.rel1.win32_1.0.200.202406191623/tools/bin/../lib/gcc/arm-none-eabi/12.3.1/thumb/v7e-m+fp/hard/crtbegin.o

.data           0x20000000       0x7c load address 0x0800b888
                0x20000000                        . = ALIGN (0x4)
                0x20000000                        _sdata = .
 *(.data)
 *(.data*)
 .data.CurrentTextColor
                0x20000000        0x2 ./Core/Src/LCD_Driver.o
 .data.GameScreenColor
                0x20000002        0x2 ./Core/Src/LCD_Driver.o
 .data.blockSize
                0x20000004        0x4 ./Core/Src/LCD_Driver.o
                0x20000004                blockSize
 .data.Font16x24
                0x20000008        0x8 ./Core/Src/fonts.o
                0x20000008                Font16x24
 .data.SpiTimeout
                0x20000010        0x4 ./Core/Src/ili9341.o
                0x20000010                SpiTimeout
 .data.SystemCoreClock
                0x20000014        0x4 ./Core/Src/system_stm32f4xx.o
                0x20000014                SystemCoreClock
 .data.uwTickPrio
                0x20000018        0x4 ./Drivers/STM32F4xx_HAL_Driver/Src/stm32f4xx_hal.o
                0x20000018                uwTickPrio
 .data.uwTickFreq
                0x2000001c        0x1 ./Drivers/STM32F4xx_HAL_Driver/Src/stm32f4xx_hal.o
                0x2000001c                uwTickFreq
 *fill*         0x2000001d        0x3 
 .data.__sglue  0x20000020        0xc C:/ST/STM32CubeIDE_1.16.0/STM32CubeIDE/plugins/com.st.stm32cube.ide.mcu.externaltools.gnu-tools-for-stm32.12.3.rel1.win32_1.0.200.202406191623/tools/bin/../lib/gcc/arm-none-eabi/12.3.1/../../../../arm-none-eabi/lib/thumb/v7e-m+fp/hard\libc_nano.a(libc_a-findfp.o)
                0x20000020                __sglue
 .data._impure_ptr
                0x2000002c        0x4 C:/ST/STM32CubeIDE_1.16.0/STM32CubeIDE/plugins/com.st.stm32cube.ide.mcu.externaltools.gnu-tools-for-stm32.12.3.rel1.win32_1.0.200.202406191623/tools/bin/../lib/gcc/arm-none-eabi/12.3.1/../../../../arm-none-eabi/lib/thumb/v7e-m+fp/hard\libc_nano.a(libc_a-impure.o)
                0x2000002c                _impure_ptr
 .data._impure_data
                0x20000030       0x4c C:/ST/STM32CubeIDE_1.16.0/STM32CubeIDE/plugins/com.st.stm32cube.ide.mcu.externaltools.gnu-tools-for-stm32.12.3.rel1.win32_1.0.200.202406191623/tools/bin/../lib/gcc/arm-none-eabi/12.3.1/../../../../arm-none-eabi/lib/thumb/v7e-m+fp/hard\libc_nano.a(libc_a-impure.o)
                0x20000030                _impure_data
 *(.RamFunc)
 *(.RamFunc*)
                0x2000007c                        . = ALIGN (0x4)
                0x2000007c                        _edata = .
                0x0800b904                        _siccmram = LOADADDR (.ccmram)

.igot.plt       0x2000007c        0x0 load address 0x0800b904
 .igot.plt      0x2000007c        0x0 C:/ST/STM32CubeIDE_1.16.0/STM32CubeIDE/plugins/com.st.stm32cube.ide.mcu.externaltools.gnu-tools-for-stm32.12.3.rel1.win32_1.0.200.202406191623/tools/bin/../lib/gcc/arm-none-eabi/12.3.1/thumb/v7e-m+fp/hard/crtbegin.o

.ccmram         0x10000000        0x0 load address 0x0800b904
                0x10000000                        . = ALIGN (0x4)
                0x10000000                        _sccmram = .
 *(.ccmram)
 *(.ccmram*)
                0x10000000                        . = ALIGN (0x4)
                0x10000000                        _eccmram = .
                0x10000000                        . = ALIGN (0x4)

.bss            0x2000007c    0x26098
                0x2000007c                        _sbss = .
                0x2000007c                        __bss_start__ = _sbss
 *(.bss)
 .bss           0x2000007c       0x1c C:/ST/STM32CubeIDE_1.16.0/STM32CubeIDE/plugins/com.st.stm32cube.ide.mcu.externaltools.gnu-tools-for-stm32.12.3.rel1.win32_1.0.200.202406191623/tools/bin/../lib/gcc/arm-none-eabi/12.3.1/thumb/v7e-m+fp/hard/crtbegin.o
 *(.bss*)
 .bss.StaticTouchData
                0x20000098        0x8 ./Core/Src/ApplicationCode.o
 .bss.LCDTouchIRQ
                0x200000a0        0x8 ./Core/Src/ApplicationCode.o
 .bss.firstTouch
                0x200000a8        0x1 ./Core/Src/ApplicationCode.o
                0x200000a8                firstTouch
 .bss.statusFlag
                0x200000a9        0x1 ./Core/Src/ApplicationCode.o
 *fill*         0x200000aa        0x2 
 .bss.count.0   0x200000ac        0x4 ./Core/Src/ApplicationCode.o
 .bss.hltdc     0x200000b0       0xa8 ./Core/Src/LCD_Driver.o
 .bss.PeriphClkInitStruct
                0x20000158       0x30 ./Core/Src/LCD_Driver.o
 .bss.LCD_Currentfonts
                0x20000188        0x4 ./Core/Src/LCD_Driver.o
 .bss.Obj_Color
                0x2000018c      0x180 ./Core/Src/LCD_Driver.o
                0x2000018c                Obj_Color
 .bss.LCD_Screen
                0x2000030c      0x300 ./Core/Src/LCD_Driver.o
                0x2000030c                LCD_Screen
 .bss.topRow    0x2000060c       0x30 ./Core/Src/LCD_Driver.o
                0x2000060c                topRow
 .bss.result    0x2000063c       0x14 ./Core/Src/LCD_Driver.o
                0x2000063c                result
 .bss.gameTime  0x20000650        0x2 ./Core/Src/LCD_Driver.o
                0x20000650                gameTime
 *fill*         0x20000652        0x2 
 .bss.finalGameTime
                0x20000654        0xc ./Core/Src/LCD_Driver.o
                0x20000654                finalGameTime
 .bss.CurrentBlock
                0x20000660        0x8 ./Core/Src/LCD_Driver.o
 .bss.frameBuffer
                0x20000668    0x25800 ./Core/Src/LCD_Driver.o
                0x20000668                frameBuffer
 .bss.RNG_Config
                0x20025e68       0x10 ./Core/Src/RNG.o
                0x20025e68                RNG_Config
 .bss.scheduledEvents
                0x20025e78        0x4 ./Core/Src/Scheduler.o
 .bss.TIM3_Config
                0x20025e7c       0x48 ./Core/Src/Timer_Driver.o
                0x20025e7c                TIM3_Config
 .bss.TIM5_Config
                0x20025ec4       0x48 ./Core/Src/Timer_Driver.o
                0x20025ec4                TIM5_Config
 .bss.SpiHandle
                0x20025f0c       0x58 ./Core/Src/ili9341.o
 .bss.Is_LCD_IO_Initialized
                0x20025f64        0x1 ./Core/Src/ili9341.o
 *fill*         0x20025f65        0x3 
 .bss.hI2C3     0x20025f68       0x54 ./Core/Src/stmpe811.o
 .bss.HAL_status
                0x20025fbc        0x1 ./Core/Src/stmpe811.o
 *fill*         0x20025fbd        0x3 
 .bss.__sbrk_heap_end
                0x20025fc0        0x4 ./Core/Src/sysmem.o
 .bss.uwTick    0x20025fc4        0x4 ./Drivers/STM32F4xx_HAL_Driver/Src/stm32f4xx_hal.o
                0x20025fc4                uwTick
 .bss.__sf      0x20025fc8      0x138 C:/ST/STM32CubeIDE_1.16.0/STM32CubeIDE/plugins/com.st.stm32cube.ide.mcu.externaltools.gnu-tools-for-stm32.12.3.rel1.win32_1.0.200.202406191623/tools/bin/../lib/gcc/arm-none-eabi/12.3.1/../../../../arm-none-eabi/lib/thumb/v7e-m+fp/hard\libc_nano.a(libc_a-findfp.o)
                0x20025fc8                __sf
 .bss.__stdio_exit_handler
                0x20026100        0x4 C:/ST/STM32CubeIDE_1.16.0/STM32CubeIDE/plugins/com.st.stm32cube.ide.mcu.externaltools.gnu-tools-for-stm32.12.3.rel1.win32_1.0.200.202406191623/tools/bin/../lib/gcc/arm-none-eabi/12.3.1/../../../../arm-none-eabi/lib/thumb/v7e-m+fp/hard\libc_nano.a(libc_a-findfp.o)
                0x20026100                __stdio_exit_handler
 .bss.errno     0x20026104        0x4 C:/ST/STM32CubeIDE_1.16.0/STM32CubeIDE/plugins/com.st.stm32cube.ide.mcu.externaltools.gnu-tools-for-stm32.12.3.rel1.win32_1.0.200.202406191623/tools/bin/../lib/gcc/arm-none-eabi/12.3.1/../../../../arm-none-eabi/lib/thumb/v7e-m+fp/hard\libc_nano.a(libc_a-reent.o)
                0x20026104                errno
 .bss.__lock___malloc_recursive_mutex
                0x20026108        0x1 C:/ST/STM32CubeIDE_1.16.0/STM32CubeIDE/plugins/com.st.stm32cube.ide.mcu.externaltools.gnu-tools-for-stm32.12.3.rel1.win32_1.0.200.202406191623/tools/bin/../lib/gcc/arm-none-eabi/12.3.1/../../../../arm-none-eabi/lib/thumb/v7e-m+fp/hard\libc_nano.a(libc_a-lock.o)
                0x20026108                __lock___malloc_recursive_mutex
 .bss.__lock___sfp_recursive_mutex
                0x20026109        0x1 C:/ST/STM32CubeIDE_1.16.0/STM32CubeIDE/plugins/com.st.stm32cube.ide.mcu.externaltools.gnu-tools-for-stm32.12.3.rel1.win32_1.0.200.202406191623/tools/bin/../lib/gcc/arm-none-eabi/12.3.1/../../../../arm-none-eabi/lib/thumb/v7e-m+fp/hard\libc_nano.a(libc_a-lock.o)
                0x20026109                __lock___sfp_recursive_mutex
 *fill*         0x2002610a        0x2 
 .bss.__malloc_sbrk_start
                0x2002610c        0x4 C:/ST/STM32CubeIDE_1.16.0/STM32CubeIDE/plugins/com.st.stm32cube.ide.mcu.externaltools.gnu-tools-for-stm32.12.3.rel1.win32_1.0.200.202406191623/tools/bin/../lib/gcc/arm-none-eabi/12.3.1/../../../../arm-none-eabi/lib/thumb/v7e-m+fp/hard\libc_nano.a(libc_a-mallocr.o)
                0x2002610c                __malloc_sbrk_start
 .bss.__malloc_free_list
                0x20026110        0x4 C:/ST/STM32CubeIDE_1.16.0/STM32CubeIDE/plugins/com.st.stm32cube.ide.mcu.externaltools.gnu-tools-for-stm32.12.3.rel1.win32_1.0.200.202406191623/tools/bin/../lib/gcc/arm-none-eabi/12.3.1/../../../../arm-none-eabi/lib/thumb/v7e-m+fp/hard\libc_nano.a(libc_a-mallocr.o)
                0x20026110                __malloc_free_list
 *(COMMON)
                0x20026114                        . = ALIGN (0x4)
                0x20026114                        _ebss = .
                0x20026114                        __bss_end__ = _ebss

._user_heap_stack
                0x20026114      0x604
                0x20026118                        . = ALIGN (0x8)
 *fill*         0x20026114        0x4 
                [!provide]                        PROVIDE (end = .)
                0x20026118                        PROVIDE (_end = .)
                0x20026318                        . = (. + _Min_Heap_Size)
 *fill*         0x20026118      0x200 
                0x20026718                        . = (. + _Min_Stack_Size)
 *fill*         0x20026318      0x400 
                0x20026718                        . = ALIGN (0x8)

/DISCARD/
 libc.a(*)
 libm.a(*)
 libgcc.a(*)

.ARM.attributes
                0x00000000       0x30
 *(.ARM.attributes)
 .ARM.attributes
                0x00000000       0x22 C:/ST/STM32CubeIDE_1.16.0/STM32CubeIDE/plugins/com.st.stm32cube.ide.mcu.externaltools.gnu-tools-for-stm32.12.3.rel1.win32_1.0.200.202406191623/tools/bin/../lib/gcc/arm-none-eabi/12.3.1/thumb/v7e-m+fp/hard/crti.o
 .ARM.attributes
                0x00000022       0x34 C:/ST/STM32CubeIDE_1.16.0/STM32CubeIDE/plugins/com.st.stm32cube.ide.mcu.externaltools.gnu-tools-for-stm32.12.3.rel1.win32_1.0.200.202406191623/tools/bin/../lib/gcc/arm-none-eabi/12.3.1/thumb/v7e-m+fp/hard/crtbegin.o
 .ARM.attributes
                0x00000056       0x34 ./Core/Src/ApplicationCode.o
 .ARM.attributes
                0x0000008a       0x34 ./Core/Src/Button_Driver.o
 .ARM.attributes
                0x000000be       0x34 ./Core/Src/LCD_Driver.o
 .ARM.attributes
                0x000000f2       0x34 ./Core/Src/RNG.o
 .ARM.attributes
                0x00000126       0x34 ./Core/Src/Scheduler.o
 .ARM.attributes
                0x0000015a       0x34 ./Core/Src/Timer_Driver.o
 .ARM.attributes
                0x0000018e       0x34 ./Core/Src/fonts.o
 .ARM.attributes
                0x000001c2       0x34 ./Core/Src/ili9341.o
 .ARM.attributes
                0x000001f6       0x34 ./Core/Src/main.o
 .ARM.attributes
                0x0000022a       0x34 ./Core/Src/stm32f4xx_hal_msp.o
 .ARM.attributes
                0x0000025e       0x34 ./Core/Src/stm32f4xx_it.o
 .ARM.attributes
                0x00000292       0x34 ./Core/Src/stmpe811.o
 .ARM.attributes
                0x000002c6       0x34 ./Core/Src/syscalls.o
 .ARM.attributes
                0x000002fa       0x34 ./Core/Src/sysmem.o
 .ARM.attributes
                0x0000032e       0x34 ./Core/Src/system_stm32f4xx.o
 .ARM.attributes
                0x00000362       0x21 ./Core/Startup/startup_stm32f429zitx.o
 .ARM.attributes
                0x00000383       0x34 ./Drivers/STM32F4xx_HAL_Driver/Src/stm32f4xx_hal.o
 .ARM.attributes
                0x000003b7       0x34 ./Drivers/STM32F4xx_HAL_Driver/Src/stm32f4xx_hal_cortex.o
 .ARM.attributes
                0x000003eb       0x34 ./Drivers/STM32F4xx_HAL_Driver/Src/stm32f4xx_hal_exti.o
 .ARM.attributes
                0x0000041f       0x34 ./Drivers/STM32F4xx_HAL_Driver/Src/stm32f4xx_hal_gpio.o
 .ARM.attributes
                0x00000453       0x34 ./Drivers/STM32F4xx_HAL_Driver/Src/stm32f4xx_hal_i2c.o
 .ARM.attributes
                0x00000487       0x34 ./Drivers/STM32F4xx_HAL_Driver/Src/stm32f4xx_hal_ltdc.o
 .ARM.attributes
                0x000004bb       0x34 ./Drivers/STM32F4xx_HAL_Driver/Src/stm32f4xx_hal_rcc.o
 .ARM.attributes
                0x000004ef       0x34 ./Drivers/STM32F4xx_HAL_Driver/Src/stm32f4xx_hal_rcc_ex.o
 .ARM.attributes
                0x00000523       0x34 ./Drivers/STM32F4xx_HAL_Driver/Src/stm32f4xx_hal_rng.o
 .ARM.attributes
                0x00000557       0x34 ./Drivers/STM32F4xx_HAL_Driver/Src/stm32f4xx_hal_spi.o
 .ARM.attributes
                0x0000058b       0x34 ./Drivers/STM32F4xx_HAL_Driver/Src/stm32f4xx_hal_tim.o
 .ARM.attributes
                0x000005bf       0x34 C:/ST/STM32CubeIDE_1.16.0/STM32CubeIDE/plugins/com.st.stm32cube.ide.mcu.externaltools.gnu-tools-for-stm32.12.3.rel1.win32_1.0.200.202406191623/tools/bin/../lib/gcc/arm-none-eabi/12.3.1/../../../../arm-none-eabi/lib/thumb/v7e-m+fp/hard\libc_nano.a(libc_a-findfp.o)
 .ARM.attributes
                0x000005f3       0x34 C:/ST/STM32CubeIDE_1.16.0/STM32CubeIDE/plugins/com.st.stm32cube.ide.mcu.externaltools.gnu-tools-for-stm32.12.3.rel1.win32_1.0.200.202406191623/tools/bin/../lib/gcc/arm-none-eabi/12.3.1/../../../../arm-none-eabi/lib/thumb/v7e-m+fp/hard\libc_nano.a(libc_a-fwalk.o)
 .ARM.attributes
                0x00000627       0x34 C:/ST/STM32CubeIDE_1.16.0/STM32CubeIDE/plugins/com.st.stm32cube.ide.mcu.externaltools.gnu-tools-for-stm32.12.3.rel1.win32_1.0.200.202406191623/tools/bin/../lib/gcc/arm-none-eabi/12.3.1/../../../../arm-none-eabi/lib/thumb/v7e-m+fp/hard\libc_nano.a(libc_a-printf.o)
 .ARM.attributes
                0x0000065b       0x34 C:/ST/STM32CubeIDE_1.16.0/STM32CubeIDE/plugins/com.st.stm32cube.ide.mcu.externaltools.gnu-tools-for-stm32.12.3.rel1.win32_1.0.200.202406191623/tools/bin/../lib/gcc/arm-none-eabi/12.3.1/../../../../arm-none-eabi/lib/thumb/v7e-m+fp/hard\libc_nano.a(libc_a-puts.o)
 .ARM.attributes
                0x0000068f       0x34 C:/ST/STM32CubeIDE_1.16.0/STM32CubeIDE/plugins/com.st.stm32cube.ide.mcu.externaltools.gnu-tools-for-stm32.12.3.rel1.win32_1.0.200.202406191623/tools/bin/../lib/gcc/arm-none-eabi/12.3.1/../../../../arm-none-eabi/lib/thumb/v7e-m+fp/hard\libc_nano.a(libc_a-stdio.o)
 .ARM.attributes
                0x000006c3       0x34 C:/ST/STM32CubeIDE_1.16.0/STM32CubeIDE/plugins/com.st.stm32cube.ide.mcu.externaltools.gnu-tools-for-stm32.12.3.rel1.win32_1.0.200.202406191623/tools/bin/../lib/gcc/arm-none-eabi/12.3.1/../../../../arm-none-eabi/lib/thumb/v7e-m+fp/hard\libc_nano.a(libc_a-wbuf.o)
 .ARM.attributes
                0x000006f7       0x34 C:/ST/STM32CubeIDE_1.16.0/STM32CubeIDE/plugins/com.st.stm32cube.ide.mcu.externaltools.gnu-tools-for-stm32.12.3.rel1.win32_1.0.200.202406191623/tools/bin/../lib/gcc/arm-none-eabi/12.3.1/../../../../arm-none-eabi/lib/thumb/v7e-m+fp/hard\libc_nano.a(libc_a-wsetup.o)
 .ARM.attributes
                0x0000072b       0x34 C:/ST/STM32CubeIDE_1.16.0/STM32CubeIDE/plugins/com.st.stm32cube.ide.mcu.externaltools.gnu-tools-for-stm32.12.3.rel1.win32_1.0.200.202406191623/tools/bin/../lib/gcc/arm-none-eabi/12.3.1/../../../../arm-none-eabi/lib/thumb/v7e-m+fp/hard\libc_nano.a(libc_a-memset.o)
 .ARM.attributes
                0x0000075f       0x34 C:/ST/STM32CubeIDE_1.16.0/STM32CubeIDE/plugins/com.st.stm32cube.ide.mcu.externaltools.gnu-tools-for-stm32.12.3.rel1.win32_1.0.200.202406191623/tools/bin/../lib/gcc/arm-none-eabi/12.3.1/../../../../arm-none-eabi/lib/thumb/v7e-m+fp/hard\libc_nano.a(libc_a-closer.o)
 .ARM.attributes
                0x00000793       0x34 C:/ST/STM32CubeIDE_1.16.0/STM32CubeIDE/plugins/com.st.stm32cube.ide.mcu.externaltools.gnu-tools-for-stm32.12.3.rel1.win32_1.0.200.202406191623/tools/bin/../lib/gcc/arm-none-eabi/12.3.1/../../../../arm-none-eabi/lib/thumb/v7e-m+fp/hard\libc_nano.a(libc_a-reent.o)
 .ARM.attributes
                0x000007c7       0x34 C:/ST/STM32CubeIDE_1.16.0/STM32CubeIDE/plugins/com.st.stm32cube.ide.mcu.externaltools.gnu-tools-for-stm32.12.3.rel1.win32_1.0.200.202406191623/tools/bin/../lib/gcc/arm-none-eabi/12.3.1/../../../../arm-none-eabi/lib/thumb/v7e-m+fp/hard\libc_nano.a(libc_a-impure.o)
 .ARM.attributes
                0x000007fb       0x34 C:/ST/STM32CubeIDE_1.16.0/STM32CubeIDE/plugins/com.st.stm32cube.ide.mcu.externaltools.gnu-tools-for-stm32.12.3.rel1.win32_1.0.200.202406191623/tools/bin/../lib/gcc/arm-none-eabi/12.3.1/../../../../arm-none-eabi/lib/thumb/v7e-m+fp/hard\libc_nano.a(libc_a-lseekr.o)
 .ARM.attributes
                0x0000082f       0x34 C:/ST/STM32CubeIDE_1.16.0/STM32CubeIDE/plugins/com.st.stm32cube.ide.mcu.externaltools.gnu-tools-for-stm32.12.3.rel1.win32_1.0.200.202406191623/tools/bin/../lib/gcc/arm-none-eabi/12.3.1/../../../../arm-none-eabi/lib/thumb/v7e-m+fp/hard\libc_nano.a(libc_a-readr.o)
 .ARM.attributes
                0x00000863       0x34 C:/ST/STM32CubeIDE_1.16.0/STM32CubeIDE/plugins/com.st.stm32cube.ide.mcu.externaltools.gnu-tools-for-stm32.12.3.rel1.win32_1.0.200.202406191623/tools/bin/../lib/gcc/arm-none-eabi/12.3.1/../../../../arm-none-eabi/lib/thumb/v7e-m+fp/hard\libc_nano.a(libc_a-writer.o)
 .ARM.attributes
                0x00000897       0x34 C:/ST/STM32CubeIDE_1.16.0/STM32CubeIDE/plugins/com.st.stm32cube.ide.mcu.externaltools.gnu-tools-for-stm32.12.3.rel1.win32_1.0.200.202406191623/tools/bin/../lib/gcc/arm-none-eabi/12.3.1/../../../../arm-none-eabi/lib/thumb/v7e-m+fp/hard\libc_nano.a(libc_a-errno.o)
 .ARM.attributes
                0x000008cb       0x34 C:/ST/STM32CubeIDE_1.16.0/STM32CubeIDE/plugins/com.st.stm32cube.ide.mcu.externaltools.gnu-tools-for-stm32.12.3.rel1.win32_1.0.200.202406191623/tools/bin/../lib/gcc/arm-none-eabi/12.3.1/../../../../arm-none-eabi/lib/thumb/v7e-m+fp/hard\libc_nano.a(libc_a-init.o)
 .ARM.attributes
                0x000008ff       0x34 C:/ST/STM32CubeIDE_1.16.0/STM32CubeIDE/plugins/com.st.stm32cube.ide.mcu.externaltools.gnu-tools-for-stm32.12.3.rel1.win32_1.0.200.202406191623/tools/bin/../lib/gcc/arm-none-eabi/12.3.1/../../../../arm-none-eabi/lib/thumb/v7e-m+fp/hard\libc_nano.a(libc_a-lock.o)
 .ARM.attributes
                0x00000933       0x34 C:/ST/STM32CubeIDE_1.16.0/STM32CubeIDE/plugins/com.st.stm32cube.ide.mcu.externaltools.gnu-tools-for-stm32.12.3.rel1.win32_1.0.200.202406191623/tools/bin/../lib/gcc/arm-none-eabi/12.3.1/../../../../arm-none-eabi/lib/thumb/v7e-m+fp/hard\libc_nano.a(libc_a-freer.o)
 .ARM.attributes
                0x00000967       0x34 C:/ST/STM32CubeIDE_1.16.0/STM32CubeIDE/plugins/com.st.stm32cube.ide.mcu.externaltools.gnu-tools-for-stm32.12.3.rel1.win32_1.0.200.202406191623/tools/bin/../lib/gcc/arm-none-eabi/12.3.1/../../../../arm-none-eabi/lib/thumb/v7e-m+fp/hard\libc_nano.a(libc_a-mallocr.o)
 .ARM.attributes
                0x0000099b       0x34 C:/ST/STM32CubeIDE_1.16.0/STM32CubeIDE/plugins/com.st.stm32cube.ide.mcu.externaltools.gnu-tools-for-stm32.12.3.rel1.win32_1.0.200.202406191623/tools/bin/../lib/gcc/arm-none-eabi/12.3.1/../../../../arm-none-eabi/lib/thumb/v7e-m+fp/hard\libc_nano.a(libc_a-mlock.o)
 .ARM.attributes
                0x000009cf       0x34 C:/ST/STM32CubeIDE_1.16.0/STM32CubeIDE/plugins/com.st.stm32cube.ide.mcu.externaltools.gnu-tools-for-stm32.12.3.rel1.win32_1.0.200.202406191623/tools/bin/../lib/gcc/arm-none-eabi/12.3.1/../../../../arm-none-eabi/lib/thumb/v7e-m+fp/hard\libc_nano.a(libc_a-nano-vfprintf.o)
 .ARM.attributes
                0x00000a03       0x34 C:/ST/STM32CubeIDE_1.16.0/STM32CubeIDE/plugins/com.st.stm32cube.ide.mcu.externaltools.gnu-tools-for-stm32.12.3.rel1.win32_1.0.200.202406191623/tools/bin/../lib/gcc/arm-none-eabi/12.3.1/../../../../arm-none-eabi/lib/thumb/v7e-m+fp/hard\libc_nano.a(libc_a-nano-vfprintf_i.o)
 .ARM.attributes
                0x00000a37       0x34 C:/ST/STM32CubeIDE_1.16.0/STM32CubeIDE/plugins/com.st.stm32cube.ide.mcu.externaltools.gnu-tools-for-stm32.12.3.rel1.win32_1.0.200.202406191623/tools/bin/../lib/gcc/arm-none-eabi/12.3.1/../../../../arm-none-eabi/lib/thumb/v7e-m+fp/hard\libc_nano.a(libc_a-fflush.o)
 .ARM.attributes
                0x00000a6b       0x34 C:/ST/STM32CubeIDE_1.16.0/STM32CubeIDE/plugins/com.st.stm32cube.ide.mcu.externaltools.gnu-tools-for-stm32.12.3.rel1.win32_1.0.200.202406191623/tools/bin/../lib/gcc/arm-none-eabi/12.3.1/../../../../arm-none-eabi/lib/thumb/v7e-m+fp/hard\libc_nano.a(libc_a-makebuf.o)
 .ARM.attributes
                0x00000a9f       0x34 C:/ST/STM32CubeIDE_1.16.0/STM32CubeIDE/plugins/com.st.stm32cube.ide.mcu.externaltools.gnu-tools-for-stm32.12.3.rel1.win32_1.0.200.202406191623/tools/bin/../lib/gcc/arm-none-eabi/12.3.1/../../../../arm-none-eabi/lib/thumb/v7e-m+fp/hard\libc_nano.a(libc_a-fstatr.o)
 .ARM.attributes
                0x00000ad3       0x34 C:/ST/STM32CubeIDE_1.16.0/STM32CubeIDE/plugins/com.st.stm32cube.ide.mcu.externaltools.gnu-tools-for-stm32.12.3.rel1.win32_1.0.200.202406191623/tools/bin/../lib/gcc/arm-none-eabi/12.3.1/../../../../arm-none-eabi/lib/thumb/v7e-m+fp/hard\libc_nano.a(libc_a-isattyr.o)
 .ARM.attributes
                0x00000b07       0x34 C:/ST/STM32CubeIDE_1.16.0/STM32CubeIDE/plugins/com.st.stm32cube.ide.mcu.externaltools.gnu-tools-for-stm32.12.3.rel1.win32_1.0.200.202406191623/tools/bin/../lib/gcc/arm-none-eabi/12.3.1/../../../../arm-none-eabi/lib/thumb/v7e-m+fp/hard\libc_nano.a(libc_a-sbrkr.o)
 .ARM.attributes
                0x00000b3b       0x1c C:/ST/STM32CubeIDE_1.16.0/STM32CubeIDE/plugins/com.st.stm32cube.ide.mcu.externaltools.gnu-tools-for-stm32.12.3.rel1.win32_1.0.200.202406191623/tools/bin/../lib/gcc/arm-none-eabi/12.3.1/../../../../arm-none-eabi/lib/thumb/v7e-m+fp/hard\libc_nano.a(libc_a-memchr.o)
 .ARM.attributes
                0x00000b57       0x22 C:/ST/STM32CubeIDE_1.16.0/STM32CubeIDE/plugins/com.st.stm32cube.ide.mcu.externaltools.gnu-tools-for-stm32.12.3.rel1.win32_1.0.200.202406191623/tools/bin/../lib/gcc/arm-none-eabi/12.3.1/thumb/v7e-m+fp/hard\libgcc.a(_aeabi_uldivmod.o)
 .ARM.attributes
                0x00000b79       0x34 C:/ST/STM32CubeIDE_1.16.0/STM32CubeIDE/plugins/com.st.stm32cube.ide.mcu.externaltools.gnu-tools-for-stm32.12.3.rel1.win32_1.0.200.202406191623/tools/bin/../lib/gcc/arm-none-eabi/12.3.1/thumb/v7e-m+fp/hard\libgcc.a(_udivmoddi4.o)
 .ARM.attributes
                0x00000bad       0x22 C:/ST/STM32CubeIDE_1.16.0/STM32CubeIDE/plugins/com.st.stm32cube.ide.mcu.externaltools.gnu-tools-for-stm32.12.3.rel1.win32_1.0.200.202406191623/tools/bin/../lib/gcc/arm-none-eabi/12.3.1/thumb/v7e-m+fp/hard\libgcc.a(_dvmd_tls.o)
 .ARM.attributes
                0x00000bcf       0x22 C:/ST/STM32CubeIDE_1.16.0/STM32CubeIDE/plugins/com.st.stm32cube.ide.mcu.externaltools.gnu-tools-for-stm32.12.3.rel1.win32_1.0.200.202406191623/tools/bin/../lib/gcc/arm-none-eabi/12.3.1/thumb/v7e-m+fp/hard/crtn.o
OUTPUT(CJacobs_Tetris.elf elf32-littlearm)
LOAD linker stubs
LOAD C:/ST/STM32CubeIDE_1.16.0/STM32CubeIDE/plugins/com.st.stm32cube.ide.mcu.externaltools.gnu-tools-for-stm32.12.3.rel1.win32_1.0.200.202406191623/tools/bin/../lib/gcc/arm-none-eabi/12.3.1/../../../../arm-none-eabi/lib/thumb/v7e-m+fp/hard\libc.a
LOAD C:/ST/STM32CubeIDE_1.16.0/STM32CubeIDE/plugins/com.st.stm32cube.ide.mcu.externaltools.gnu-tools-for-stm32.12.3.rel1.win32_1.0.200.202406191623/tools/bin/../lib/gcc/arm-none-eabi/12.3.1/../../../../arm-none-eabi/lib/thumb/v7e-m+fp/hard\libm.a
LOAD C:/ST/STM32CubeIDE_1.16.0/STM32CubeIDE/plugins/com.st.stm32cube.ide.mcu.externaltools.gnu-tools-for-stm32.12.3.rel1.win32_1.0.200.202406191623/tools/bin/../lib/gcc/arm-none-eabi/12.3.1/thumb/v7e-m+fp/hard\libgcc.a

.debug_info     0x00000000    0x14257
 .debug_info    0x00000000     0x10df ./Core/Src/ApplicationCode.o
 .debug_info    0x000010df      0x6ef ./Core/Src/Button_Driver.o
 .debug_info    0x000017ce     0x238c ./Core/Src/LCD_Driver.o
 .debug_info    0x00003b5a      0x40f ./Core/Src/RNG.o
 .debug_info    0x00003f69       0xf7 ./Core/Src/Scheduler.o
 .debug_info    0x00004060      0xb8b ./Core/Src/Timer_Driver.o
 .debug_info    0x00004beb      0x145 ./Core/Src/fonts.o
 .debug_info    0x00004d30      0xc85 ./Core/Src/ili9341.o
 .debug_info    0x000059b5      0x61e ./Core/Src/main.o
 .debug_info    0x00005fd3     0x17bd ./Core/Src/stm32f4xx_hal_msp.o
 .debug_info    0x00007790      0x119 ./Core/Src/stm32f4xx_it.o
 .debug_info    0x000078a9     0x124f ./Core/Src/stmpe811.o
 .debug_info    0x00008af8      0x6a3 ./Core/Src/syscalls.o
 .debug_info    0x0000919b      0x168 ./Core/Src/sysmem.o
 .debug_info    0x00009303      0x52e ./Core/Src/system_stm32f4xx.o
 .debug_info    0x00009831       0x30 ./Core/Startup/startup_stm32f429zitx.o
 .debug_info    0x00009861      0x9ba ./Drivers/STM32F4xx_HAL_Driver/Src/stm32f4xx_hal.o
 .debug_info    0x0000a21b      0xdc2 ./Drivers/STM32F4xx_HAL_Driver/Src/stm32f4xx_hal_cortex.o
 .debug_info    0x0000afdd      0x4f4 ./Drivers/STM32F4xx_HAL_Driver/Src/stm32f4xx_hal_exti.o
 .debug_info    0x0000b4d1      0x6db ./Drivers/STM32F4xx_HAL_Driver/Src/stm32f4xx_hal_gpio.o
 .debug_info    0x0000bbac     0x2421 ./Drivers/STM32F4xx_HAL_Driver/Src/stm32f4xx_hal_i2c.o
 .debug_info    0x0000dfcd     0x1022 ./Drivers/STM32F4xx_HAL_Driver/Src/stm32f4xx_hal_ltdc.o
 .debug_info    0x0000efef      0x8c7 ./Drivers/STM32F4xx_HAL_Driver/Src/stm32f4xx_hal_rcc.o
 .debug_info    0x0000f8b6      0x64c ./Drivers/STM32F4xx_HAL_Driver/Src/stm32f4xx_hal_rcc_ex.o
 .debug_info    0x0000ff02      0x493 ./Drivers/STM32F4xx_HAL_Driver/Src/stm32f4xx_hal_rng.o
 .debug_info    0x00010395     0x1525 ./Drivers/STM32F4xx_HAL_Driver/Src/stm32f4xx_hal_spi.o
 .debug_info    0x000118ba     0x299d ./Drivers/STM32F4xx_HAL_Driver/Src/stm32f4xx_hal_tim.o

.debug_abbrev   0x00000000     0x341d
 .debug_abbrev  0x00000000      0x280 ./Core/Src/ApplicationCode.o
 .debug_abbrev  0x00000280      0x1ca ./Core/Src/Button_Driver.o
 .debug_abbrev  0x0000044a      0x3fc ./Core/Src/LCD_Driver.o
 .debug_abbrev  0x00000846      0x167 ./Core/Src/RNG.o
 .debug_abbrev  0x000009ad       0x94 ./Core/Src/Scheduler.o
 .debug_abbrev  0x00000a41      0x1e4 ./Core/Src/Timer_Driver.o
 .debug_abbrev  0x00000c25       0xc6 ./Core/Src/fonts.o
 .debug_abbrev  0x00000ceb      0x2c9 ./Core/Src/ili9341.o
 .debug_abbrev  0x00000fb4      0x21f ./Core/Src/main.o
 .debug_abbrev  0x000011d3      0x25c ./Core/Src/stm32f4xx_hal_msp.o
 .debug_abbrev  0x0000142f       0x73 ./Core/Src/stm32f4xx_it.o
 .debug_abbrev  0x000014a2      0x303 ./Core/Src/stmpe811.o
 .debug_abbrev  0x000017a5      0x1b6 ./Core/Src/syscalls.o
 .debug_abbrev  0x0000195b       0xbc ./Core/Src/sysmem.o
 .debug_abbrev  0x00001a17      0x11a ./Core/Src/system_stm32f4xx.o
 .debug_abbrev  0x00001b31       0x24 ./Core/Startup/startup_stm32f429zitx.o
 .debug_abbrev  0x00001b55      0x214 ./Drivers/STM32F4xx_HAL_Driver/Src/stm32f4xx_hal.o
 .debug_abbrev  0x00001d69      0x31d ./Drivers/STM32F4xx_HAL_Driver/Src/stm32f4xx_hal_cortex.o
 .debug_abbrev  0x00002086      0x1c6 ./Drivers/STM32F4xx_HAL_Driver/Src/stm32f4xx_hal_exti.o
 .debug_abbrev  0x0000224c      0x1d4 ./Drivers/STM32F4xx_HAL_Driver/Src/stm32f4xx_hal_gpio.o
 .debug_abbrev  0x00002420      0x2ad ./Drivers/STM32F4xx_HAL_Driver/Src/stm32f4xx_hal_i2c.o
 .debug_abbrev  0x000026cd      0x233 ./Drivers/STM32F4xx_HAL_Driver/Src/stm32f4xx_hal_ltdc.o
 .debug_abbrev  0x00002900      0x2b7 ./Drivers/STM32F4xx_HAL_Driver/Src/stm32f4xx_hal_rcc.o
 .debug_abbrev  0x00002bb7      0x1b0 ./Drivers/STM32F4xx_HAL_Driver/Src/stm32f4xx_hal_rcc_ex.o
 .debug_abbrev  0x00002d67      0x1c4 ./Drivers/STM32F4xx_HAL_Driver/Src/stm32f4xx_hal_rng.o
 .debug_abbrev  0x00002f2b      0x27a ./Drivers/STM32F4xx_HAL_Driver/Src/stm32f4xx_hal_spi.o
 .debug_abbrev  0x000031a5      0x278 ./Drivers/STM32F4xx_HAL_Driver/Src/stm32f4xx_hal_tim.o

.debug_aranges  0x00000000     0x14a0
 .debug_aranges
                0x00000000       0x68 ./Core/Src/ApplicationCode.o
 .debug_aranges
                0x00000068       0x38 ./Core/Src/Button_Driver.o
 .debug_aranges
                0x000000a0      0x210 ./Core/Src/LCD_Driver.o
 .debug_aranges
                0x000002b0       0x30 ./Core/Src/RNG.o
 .debug_aranges
                0x000002e0       0x30 ./Core/Src/Scheduler.o
 .debug_aranges
                0x00000310       0x38 ./Core/Src/Timer_Driver.o
 .debug_aranges
                0x00000348       0x18 ./Core/Src/fonts.o
 .debug_aranges
                0x00000360       0x98 ./Core/Src/ili9341.o
 .debug_aranges
                0x000003f8       0x38 ./Core/Src/main.o
 .debug_aranges
                0x00000430       0x70 ./Core/Src/stm32f4xx_hal_msp.o
 .debug_aranges
                0x000004a0       0x60 ./Core/Src/stm32f4xx_it.o
 .debug_aranges
                0x00000500       0x98 ./Core/Src/stmpe811.o
 .debug_aranges
                0x00000598       0xa8 ./Core/Src/syscalls.o
 .debug_aranges
                0x00000640       0x20 ./Core/Src/sysmem.o
 .debug_aranges
                0x00000660       0x28 ./Core/Src/system_stm32f4xx.o
 .debug_aranges
                0x00000688       0x28 ./Core/Startup/startup_stm32f429zitx.o
 .debug_aranges
                0x000006b0      0x100 ./Drivers/STM32F4xx_HAL_Driver/Src/stm32f4xx_hal.o
 .debug_aranges
                0x000007b0      0x130 ./Drivers/STM32F4xx_HAL_Driver/Src/stm32f4xx_hal_cortex.o
 .debug_aranges
                0x000008e0       0x60 ./Drivers/STM32F4xx_HAL_Driver/Src/stm32f4xx_hal_exti.o
 .debug_aranges
                0x00000940       0x58 ./Drivers/STM32F4xx_HAL_Driver/Src/stm32f4xx_hal_gpio.o
 .debug_aranges
                0x00000998      0x2a8 ./Drivers/STM32F4xx_HAL_Driver/Src/stm32f4xx_hal_i2c.o
 .debug_aranges
                0x00000c40      0x158 ./Drivers/STM32F4xx_HAL_Driver/Src/stm32f4xx_hal_ltdc.o
 .debug_aranges
                0x00000d98       0x88 ./Drivers/STM32F4xx_HAL_Driver/Src/stm32f4xx_hal_rcc.o
 .debug_aranges
                0x00000e20       0x58 ./Drivers/STM32F4xx_HAL_Driver/Src/stm32f4xx_hal_rcc_ex.o
 .debug_aranges
                0x00000e78       0x88 ./Drivers/STM32F4xx_HAL_Driver/Src/stm32f4xx_hal_rng.o
 .debug_aranges
                0x00000f00      0x1d0 ./Drivers/STM32F4xx_HAL_Driver/Src/stm32f4xx_hal_spi.o
 .debug_aranges
                0x000010d0      0x3d0 ./Drivers/STM32F4xx_HAL_Driver/Src/stm32f4xx_hal_tim.o

.debug_rnglists
                0x00000000      0xff1
 .debug_rnglists
                0x00000000       0x62 ./Core/Src/ApplicationCode.o
 .debug_rnglists
                0x00000062       0x25 ./Core/Src/Button_Driver.o
 .debug_rnglists
                0x00000087      0x1aa ./Core/Src/LCD_Driver.o
 .debug_rnglists
                0x00000231       0x1f ./Core/Src/RNG.o
 .debug_rnglists
                0x00000250       0x1f ./Core/Src/Scheduler.o
 .debug_rnglists
                0x0000026f       0x27 ./Core/Src/Timer_Driver.o
 .debug_rnglists
                0x00000296       0x6f ./Core/Src/ili9341.o
 .debug_rnglists
                0x00000305       0x28 ./Core/Src/main.o
 .debug_rnglists
                0x0000032d       0x53 ./Core/Src/stm32f4xx_hal_msp.o
 .debug_rnglists
                0x00000380       0x43 ./Core/Src/stm32f4xx_it.o
 .debug_rnglists
                0x000003c3       0x74 ./Core/Src/stmpe811.o
 .debug_rnglists