../Core/Src/ApplicationCode.c:24:6:ApplicationInit	8	static
../Core/Src/ApplicationCode.c:53:6:LCD_Visual_Demo	8	static
../Core/Src/ApplicationCode.c:58:6:TIM_App_Start	8	static
../Core/Src/ApplicationCode.c:63:6:EXTI0_IRQHandler	8	static
../Core/Src/ApplicationCode.c:73:6:TIM3_IRQHandler	24	static
../Core/Src/ApplicationCode.c:100:6:TIM5_IRQHandler	8	static
../Core/Src/ApplicationCode.c:109:6:LCD_Touch_Polling_Demo	8	static
../Core/Src/ApplicationCode.c:139:6:LCD_Touch_Polling	16	static
../Core/Src/ApplicationCode.c:169:6:LCDTouchScreenInterruptGPIOInit	32	static
../Core/Src/ApplicationCode.c:195:6:EXTI15_10_IRQHandler	24	static
