../Core/Src/ApplicationCode.c:24:6:ApplicationInit	8	static
../Core/Src/ApplicationCode.c:52:6:LCD_Visual_Demo	8	static
../Core/Src/ApplicationCode.c:57:6:TIM3_App_Start	8	static
../Core/Src/ApplicationCode.c:61:6:EXTI0_IRQHandler	8	static
../Core/Src/ApplicationCode.c:71:6:TIM3_IRQHandler	24	static
../Core/Src/ApplicationCode.c:100:6:LCD_Touch_Polling_Demo	8	static
../Core/Src/ApplicationCode.c:130:6:LCD_Touch_Polling	16	static
../Core/Src/ApplicationCode.c:160:6:LCDTouchScreenInterruptGPIOInit	32	static
../Core/Src/ApplicationCode.c:186:6:EXTI15_10_IRQHandler	24	static
