../Core/Src/LCD_Driver.c:45:6:LCD_GPIO_Init	56	static
../Core/Src/LCD_Driver.c:128:6:LTCD_Layer_Init	72	static
../Core/Src/LCD_Driver.c:155:6:clearScreen	8	static
../Core/Src/LCD_Driver.c:160:6:LTCD__Init	8	static
../Core/Src/LCD_Driver.c:219:6:LCD_Draw_Pixel	16	static
../Core/Src/LCD_Driver.c:229:6:LCD_Draw_Circle_Fill	32	static
../Core/Src/LCD_Driver.c:243:6:LCD_Draw_Square_Fill	32	static
../Core/Src/LCD_Driver.c:254:6:LCD_Draw_Square_Fill_Border	24	static
../Core/Src/LCD_Driver.c:280:6:LCD_Erase_Square	24	static
../Core/Src/LCD_Driver.c:297:6:LCD_Draw_Vertical_Line	32	static
../Core/Src/LCD_Driver.c:305:6:LCD_Draw_Horizontal_Line	32	static
../Core/Src/LCD_Driver.c:313:6:LCD_Clear	24	static
../Core/Src/LCD_Driver.c:324:6:LCD_SetTextColor	16	static
../Core/Src/LCD_Driver.c:330:6:LCD_SetFont	16	static
../Core/Src/LCD_Driver.c:336:6:LCD_Draw_Char	24	static
../Core/Src/LCD_Driver.c:356:6:LCD_DisplayChar	16	static
../Core/Src/LCD_Driver.c:362:6:visualDemo	16	static
../Core/Src/LCD_Driver.c:415:6:GameInit	24	static
../Core/Src/LCD_Driver.c:481:6:gameStart	8	static
../Core/Src/LCD_Driver.c:493:6:screenReset	16	static
../Core/Src/LCD_Driver.c:502:6:gameOver	8	static
../Core/Src/LCD_Driver.c:565:6:totalGameTime	32	static
../Core/Src/LCD_Driver.c:597:6:drawBlockOne	24	static
../Core/Src/LCD_Driver.c:614:6:eraseBlockOne	32	static
../Core/Src/LCD_Driver.c:631:6:drawBlockTwo	32	static
../Core/Src/LCD_Driver.c:674:6:eraseBlockTwo	40	static
../Core/Src/LCD_Driver.c:717:6:drawBlockThree	32	static
../Core/Src/LCD_Driver.c:760:6:eraseBlockThree	40	static
../Core/Src/LCD_Driver.c:803:6:drawBlockFour	24	static
../Core/Src/LCD_Driver.c:814:6:eraseBlockFour	24	static
../Core/Src/LCD_Driver.c:825:6:drawBlockFive	24	static
../Core/Src/LCD_Driver.c:858:6:eraseBlockFive	32	static
../Core/Src/LCD_Driver.c:881:6:drawBlockSix	32	static
../Core/Src/LCD_Driver.c:925:6:eraseBlockSix	40	static
../Core/Src/LCD_Driver.c:969:6:drawBlockSeven	24	static
../Core/Src/LCD_Driver.c:1002:6:eraseBlockSeven	32	static
../Core/Src/LCD_Driver.c:1025:6:drawScreen	24	static
../Core/Src/LCD_Driver.c:1039:6:drawBottomBorder	16	static
../Core/Src/LCD_Driver.c:1048:6:rotateBlock	24	static
../Core/Src/LCD_Driver.c:1098:5:ableToRotate	16	static
../Core/Src/LCD_Driver.c:1115:6:drawCurrentBlock	16	static
../Core/Src/LCD_Driver.c:1144:6:eraseCurrentBlock	16	static
../Core/Src/LCD_Driver.c:1173:6:updateCurrentBlock	16	static
../Core/Src/LCD_Driver.c:1180:10:getCurrentYpos	4	static
../Core/Src/LCD_Driver.c:1184:10:updateYpos	4	static
../Core/Src/LCD_Driver.c:1189:6:updateXpos	16	static
../Core/Src/LCD_Driver.c:1198:5:isLeftFull	56	static
../Core/Src/LCD_Driver.c:1378:5:canMoveLeft	16	static
../Core/Src/LCD_Driver.c:1422:5:isRightFull	48	static
../Core/Src/LCD_Driver.c:1592:5:canMoveRight	16	static
../Core/Src/LCD_Driver.c:1650:5:isFull	24	static
../Core/Src/LCD_Driver.c:1789:6:addSecond	4	static
../Core/Src/LCD_Driver.c:1793:5:updateTop	24	static
../Core/Src/LCD_Driver.c:1815:6:checkForTetris	56	static
../Core/Src/LCD_Driver.c:1875:6:shiftRowDown	40	static
../Core/Src/LCD_Driver.c:1902:6:moveBlockDown	8	static
../Core/Src/LCD_Driver.c:1908:6:moveBlockLeft	8	static
../Core/Src/LCD_Driver.c:1914:6:moveBlockRight	8	static
../Core/Src/LCD_Driver.c:1925:6:LCD_Error_Handler	4	static,ignoring_inline_asm
../Core/Src/LCD_Driver.c:1940:6:InitializeLCDTouch	8	static
../Core/Src/LCD_Driver.c:1948:18:returnTouchStateAndLocation	16	static
../Core/Src/LCD_Driver.c:1953:6:DetermineTouchPosition	16	static
../Core/Src/LCD_Driver.c:1958:9:ReadRegisterFromTouchModule	16	static
../Core/Src/LCD_Driver.c:1963:6:WriteDataToTouchModule	16	static
