../Core/Src/LCD_Driver.c:42:6:LCD_GPIO_Init	56	static
../Core/Src/LCD_Driver.c:125:6:LTCD_Layer_Init	72	static
../Core/Src/LCD_Driver.c:152:6:clearScreen	8	static
../Core/Src/LCD_Driver.c:157:6:LTCD__Init	8	static
../Core/Src/LCD_Driver.c:216:6:LCD_Draw_Pixel	16	static
../Core/Src/LCD_Driver.c:226:6:LCD_Draw_Circle_Fill	32	static
../Core/Src/LCD_Driver.c:240:6:LCD_Draw_Square_Fill	32	static
../Core/Src/LCD_Driver.c:251:6:LCD_Draw_Square_Fill_Border	24	static
../Core/Src/LCD_Driver.c:268:6:LCD_Erase_Square	24	static
../Core/Src/LCD_Driver.c:285:6:LCD_Draw_Vertical_Line	32	static
../Core/Src/LCD_Driver.c:293:6:LCD_Draw_Horizontal_Line	32	static
../Core/Src/LCD_Driver.c:301:6:LCD_Clear	24	static
../Core/Src/LCD_Driver.c:312:6:LCD_SetTextColor	16	static
../Core/Src/LCD_Driver.c:318:6:LCD_SetFont	16	static
../Core/Src/LCD_Driver.c:324:6:LCD_Draw_Char	24	static
../Core/Src/LCD_Driver.c:344:6:LCD_DisplayChar	16	static
../Core/Src/LCD_Driver.c:350:6:visualDemo	16	static
../Core/Src/LCD_Driver.c:403:6:GameInit	16	static
../Core/Src/LCD_Driver.c:456:6:gameOver	8	static
../Core/Src/LCD_Driver.c:472:6:drawBlockOne	24	static
../Core/Src/LCD_Driver.c:489:6:eraseBlockOne	24	static
../Core/Src/LCD_Driver.c:506:6:drawBlockTwo	32	static
../Core/Src/LCD_Driver.c:549:6:eraseBlockTwo	32	static
../Core/Src/LCD_Driver.c:592:6:drawBlockThree	32	static
../Core/Src/LCD_Driver.c:635:6:eraseBlockThree	32	static
../Core/Src/LCD_Driver.c:678:6:drawBlockFour	24	static
../Core/Src/LCD_Driver.c:689:6:eraseBlockFour	24	static
../Core/Src/LCD_Driver.c:700:6:drawBlockFive	24	static
../Core/Src/LCD_Driver.c:723:6:eraseBlockFive	24	static
../Core/Src/LCD_Driver.c:746:6:drawBlockSix	32	static
../Core/Src/LCD_Driver.c:790:6:eraseBlockSix	32	static
../Core/Src/LCD_Driver.c:834:6:drawBlockSeven	24	static
../Core/Src/LCD_Driver.c:857:6:eraseBlockSeven	24	static
../Core/Src/LCD_Driver.c:880:6:drawScreen	24	static
../Core/Src/LCD_Driver.c:894:6:drawBottomBorder	16	static
../Core/Src/LCD_Driver.c:903:6:rotateBlock	24	static
../Core/Src/LCD_Driver.c:953:6:drawCurrentBlock	16	static
../Core/Src/LCD_Driver.c:982:6:eraseCurrentBlock	16	static
../Core/Src/LCD_Driver.c:1011:6:updateCurrentBlock	16	static
../Core/Src/LCD_Driver.c:1018:10:getCurrentYpos	4	static
../Core/Src/LCD_Driver.c:1022:10:updateYpos	4	static
../Core/Src/LCD_Driver.c:1026:5:isBottom	16	static
../Core/Src/LCD_Driver.c:1034:5:isFull	24	static
../Core/Src/LCD_Driver.c:1177:6:LCD_Error_Handler	4	static,ignoring_inline_asm
