../Core/Src/LCD_Driver.c:41:6:LCD_GPIO_Init	56	static
../Core/Src/LCD_Driver.c:124:6:LTCD_Layer_Init	72	static
../Core/Src/LCD_Driver.c:151:6:clearScreen	8	static
../Core/Src/LCD_Driver.c:156:6:LTCD__Init	8	static
../Core/Src/LCD_Driver.c:215:6:LCD_Draw_Pixel	16	static
../Core/Src/LCD_Driver.c:225:6:LCD_Draw_Circle_Fill	32	static
../Core/Src/LCD_Driver.c:239:6:LCD_Draw_Square_Fill	32	static
../Core/Src/LCD_Driver.c:250:6:LCD_Draw_Square_Fill_Border	24	static
../Core/Src/LCD_Driver.c:267:6:LCD_Erase_Square	24	static
../Core/Src/LCD_Driver.c:284:6:LCD_Draw_Vertical_Line	32	static
../Core/Src/LCD_Driver.c:292:6:LCD_Draw_Horizontal_Line	32	static
../Core/Src/LCD_Driver.c:300:6:LCD_Clear	24	static
../Core/Src/LCD_Driver.c:311:6:LCD_SetTextColor	16	static
../Core/Src/LCD_Driver.c:317:6:LCD_SetFont	16	static
../Core/Src/LCD_Driver.c:323:6:LCD_Draw_Char	24	static
../Core/Src/LCD_Driver.c:343:6:LCD_DisplayChar	16	static
../Core/Src/LCD_Driver.c:349:6:visualDemo	16	static
../Core/Src/LCD_Driver.c:402:6:GameInit	8	static
../Core/Src/LCD_Driver.c:459:6:gameStart	8	static
../Core/Src/LCD_Driver.c:471:6:screenReset	16	static
../Core/Src/LCD_Driver.c:481:6:gameOver	8	static
../Core/Src/LCD_Driver.c:516:6:drawBlockOne	24	static
../Core/Src/LCD_Driver.c:533:6:eraseBlockOne	24	static
../Core/Src/LCD_Driver.c:550:6:drawBlockTwo	32	static
../Core/Src/LCD_Driver.c:593:6:eraseBlockTwo	32	static
../Core/Src/LCD_Driver.c:636:6:drawBlockThree	32	static
../Core/Src/LCD_Driver.c:679:6:eraseBlockThree	32	static
../Core/Src/LCD_Driver.c:722:6:drawBlockFour	24	static
../Core/Src/LCD_Driver.c:733:6:eraseBlockFour	24	static
../Core/Src/LCD_Driver.c:744:6:drawBlockFive	24	static
../Core/Src/LCD_Driver.c:767:6:eraseBlockFive	24	static
../Core/Src/LCD_Driver.c:790:6:drawBlockSix	32	static
../Core/Src/LCD_Driver.c:834:6:eraseBlockSix	32	static
../Core/Src/LCD_Driver.c:878:6:drawBlockSeven	24	static
../Core/Src/LCD_Driver.c:911:6:eraseBlockSeven	24	static
../Core/Src/LCD_Driver.c:934:6:drawScreen	24	static
../Core/Src/LCD_Driver.c:948:6:drawBottomBorder	16	static
../Core/Src/LCD_Driver.c:957:6:rotateBlock	24	static
../Core/Src/LCD_Driver.c:1007:6:drawCurrentBlock	16	static
../Core/Src/LCD_Driver.c:1036:6:eraseCurrentBlock	16	static
../Core/Src/LCD_Driver.c:1065:6:updateCurrentBlock	16	static
../Core/Src/LCD_Driver.c:1072:10:getCurrentYpos	4	static
../Core/Src/LCD_Driver.c:1076:10:updateYpos	4	static
../Core/Src/LCD_Driver.c:1081:6:updateXpos	24	static
../Core/Src/LCD_Driver.c:1103:5:canMoveLeft	16	static
../Core/Src/LCD_Driver.c:1125:5:isFull	24	static
../Core/Src/LCD_Driver.c:1264:6:updateTop	24	static
../Core/Src/LCD_Driver.c:1281:6:checkForTetris	40	static
../Core/Src/LCD_Driver.c:1317:6:shiftRowDown	40	static
../Core/Src/LCD_Driver.c:1340:6:moveBlockDown	8	static
../Core/Src/LCD_Driver.c:1346:6:moveBlockLeft	8	static
../Core/Src/LCD_Driver.c:1352:6:moveBlockRight	8	static
../Core/Src/LCD_Driver.c:1363:6:LCD_Error_Handler	4	static,ignoring_inline_asm
../Core/Src/LCD_Driver.c:1378:6:InitializeLCDTouch	8	static
../Core/Src/LCD_Driver.c:1386:18:returnTouchStateAndLocation	16	static
../Core/Src/LCD_Driver.c:1391:6:DetermineTouchPosition	16	static
../Core/Src/LCD_Driver.c:1396:9:ReadRegisterFromTouchModule	16	static
../Core/Src/LCD_Driver.c:1401:6:WriteDataToTouchModule	16	static
