../Core/Src/LCD_Driver.c:45:6:LCD_GPIO_Init	56	static
../Core/Src/LCD_Driver.c:128:6:LTCD_Layer_Init	72	static
../Core/Src/LCD_Driver.c:155:6:clearScreen	8	static
../Core/Src/LCD_Driver.c:160:6:LTCD__Init	8	static
../Core/Src/LCD_Driver.c:219:6:LCD_Draw_Pixel	16	static
../Core/Src/LCD_Driver.c:229:6:LCD_Draw_Circle_Fill	32	static
../Core/Src/LCD_Driver.c:243:6:LCD_Draw_Square_Fill	32	static
../Core/Src/LCD_Driver.c:254:6:LCD_Draw_Square_Fill_Border	24	static
../Core/Src/LCD_Driver.c:280:6:LCD_Erase_Square	24	static
../Core/Src/LCD_Driver.c:297:6:LCD_Draw_Vertical_Line	32	static
../Core/Src/LCD_Driver.c:305:6:LCD_Draw_Horizontal_Line	32	static
../Core/Src/LCD_Driver.c:313:6:LCD_Clear	24	static
../Core/Src/LCD_Driver.c:324:6:LCD_SetTextColor	16	static
../Core/Src/LCD_Driver.c:330:6:LCD_SetFont	16	static
../Core/Src/LCD_Driver.c:336:6:LCD_Draw_Char	24	static
../Core/Src/LCD_Driver.c:356:6:LCD_DisplayChar	16	static
../Core/Src/LCD_Driver.c:362:6:visualDemo	16	static
../Core/Src/LCD_Driver.c:415:6:GameInit	24	static
../Core/Src/LCD_Driver.c:481:6:gameStart	8	static
../Core/Src/LCD_Driver.c:493:6:screenReset	16	static
../Core/Src/LCD_Driver.c:502:6:gameOver	8	static
../Core/Src/LCD_Driver.c:624:6:totalGameTime	32	static
../Core/Src/LCD_Driver.c:656:6:drawBlockOne	24	static
../Core/Src/LCD_Driver.c:673:6:eraseBlockOne	32	static
../Core/Src/LCD_Driver.c:690:6:drawBlockTwo	32	static
../Core/Src/LCD_Driver.c:733:6:eraseBlockTwo	40	static
../Core/Src/LCD_Driver.c:776:6:drawBlockThree	32	static
../Core/Src/LCD_Driver.c:819:6:eraseBlockThree	40	static
../Core/Src/LCD_Driver.c:862:6:drawBlockFour	24	static
../Core/Src/LCD_Driver.c:873:6:eraseBlockFour	24	static
../Core/Src/LCD_Driver.c:884:6:drawBlockFive	24	static
../Core/Src/LCD_Driver.c:917:6:eraseBlockFive	32	static
../Core/Src/LCD_Driver.c:940:6:drawBlockSix	32	static
../Core/Src/LCD_Driver.c:984:6:eraseBlockSix	40	static
../Core/Src/LCD_Driver.c:1028:6:drawBlockSeven	24	static
../Core/Src/LCD_Driver.c:1061:6:eraseBlockSeven	32	static
../Core/Src/LCD_Driver.c:1084:6:drawScreen	24	static
../Core/Src/LCD_Driver.c:1098:6:drawBottomBorder	16	static
../Core/Src/LCD_Driver.c:1107:6:rotateBlock	24	static
../Core/Src/LCD_Driver.c:1157:5:ableToRotate	16	static
../Core/Src/LCD_Driver.c:1174:6:drawCurrentBlock	16	static
../Core/Src/LCD_Driver.c:1203:6:eraseCurrentBlock	16	static
../Core/Src/LCD_Driver.c:1232:6:updateCurrentBlock	16	static
../Core/Src/LCD_Driver.c:1239:10:getCurrentYpos	4	static
../Core/Src/LCD_Driver.c:1243:10:updateYpos	4	static
../Core/Src/LCD_Driver.c:1248:6:updateXpos	16	static
../Core/Src/LCD_Driver.c:1257:5:isLeftFull	56	static
../Core/Src/LCD_Driver.c:1437:5:canMoveLeft	16	static
../Core/Src/LCD_Driver.c:1481:5:isRightFull	48	static
../Core/Src/LCD_Driver.c:1651:5:canMoveRight	16	static
../Core/Src/LCD_Driver.c:1709:5:isFull	24	static
../Core/Src/LCD_Driver.c:1848:6:addSecond	4	static
../Core/Src/LCD_Driver.c:1852:5:updateTop	24	static
../Core/Src/LCD_Driver.c:1874:6:checkForTetris	64	static
../Core/Src/LCD_Driver.c:1941:6:shiftRowDown	48	static
../Core/Src/LCD_Driver.c:1968:6:moveBlockDown	8	static
../Core/Src/LCD_Driver.c:1974:6:moveBlockLeft	8	static
../Core/Src/LCD_Driver.c:1980:6:moveBlockRight	8	static
../Core/Src/LCD_Driver.c:1991:6:LCD_Error_Handler	4	static,ignoring_inline_asm
../Core/Src/LCD_Driver.c:2006:6:InitializeLCDTouch	8	static
../Core/Src/LCD_Driver.c:2014:18:returnTouchStateAndLocation	16	static
../Core/Src/LCD_Driver.c:2019:6:DetermineTouchPosition	16	static
../Core/Src/LCD_Driver.c:2024:9:ReadRegisterFromTouchModule	16	static
../Core/Src/LCD_Driver.c:2029:6:WriteDataToTouchModule	16	static
