../Core/Src/LCD_Driver.c:43:6:LCD_GPIO_Init	56	static
../Core/Src/LCD_Driver.c:126:6:LTCD_Layer_Init	72	static
../Core/Src/LCD_Driver.c:153:6:clearScreen	8	static
../Core/Src/LCD_Driver.c:158:6:LTCD__Init	8	static
../Core/Src/LCD_Driver.c:217:6:LCD_Draw_Pixel	16	static
../Core/Src/LCD_Driver.c:227:6:LCD_Draw_Circle_Fill	32	static
../Core/Src/LCD_Driver.c:241:6:LCD_Draw_Square_Fill	32	static
../Core/Src/LCD_Driver.c:252:6:LCD_Draw_Square_Fill_Border	24	static
../Core/Src/LCD_Driver.c:278:6:LCD_Erase_Square	24	static
../Core/Src/LCD_Driver.c:295:6:LCD_Draw_Vertical_Line	32	static
../Core/Src/LCD_Driver.c:303:6:LCD_Draw_Horizontal_Line	32	static
../Core/Src/LCD_Driver.c:311:6:LCD_Clear	24	static
../Core/Src/LCD_Driver.c:322:6:LCD_SetTextColor	16	static
../Core/Src/LCD_Driver.c:328:6:LCD_SetFont	16	static
../Core/Src/LCD_Driver.c:334:6:LCD_Draw_Char	24	static
../Core/Src/LCD_Driver.c:354:6:LCD_DisplayChar	16	static
../Core/Src/LCD_Driver.c:360:6:visualDemo	16	static
../Core/Src/LCD_Driver.c:413:6:GameInit	24	static
../Core/Src/LCD_Driver.c:479:6:gameStart	8	static
../Core/Src/LCD_Driver.c:491:6:screenReset	16	static
../Core/Src/LCD_Driver.c:500:6:gameOver	8	static
../Core/Src/LCD_Driver.c:535:6:drawBlockOne	24	static
../Core/Src/LCD_Driver.c:552:6:eraseBlockOne	32	static
../Core/Src/LCD_Driver.c:569:6:drawBlockTwo	32	static
../Core/Src/LCD_Driver.c:612:6:eraseBlockTwo	40	static
../Core/Src/LCD_Driver.c:655:6:drawBlockThree	32	static
../Core/Src/LCD_Driver.c:698:6:eraseBlockThree	40	static
../Core/Src/LCD_Driver.c:741:6:drawBlockFour	24	static
../Core/Src/LCD_Driver.c:752:6:eraseBlockFour	24	static
../Core/Src/LCD_Driver.c:763:6:drawBlockFive	24	static
../Core/Src/LCD_Driver.c:796:6:eraseBlockFive	32	static
../Core/Src/LCD_Driver.c:819:6:drawBlockSix	32	static
../Core/Src/LCD_Driver.c:863:6:eraseBlockSix	40	static
../Core/Src/LCD_Driver.c:907:6:drawBlockSeven	24	static
../Core/Src/LCD_Driver.c:940:6:eraseBlockSeven	32	static
../Core/Src/LCD_Driver.c:963:6:drawScreen	24	static
../Core/Src/LCD_Driver.c:977:6:drawBottomBorder	16	static
../Core/Src/LCD_Driver.c:986:6:rotateBlock	24	static
../Core/Src/LCD_Driver.c:1036:5:ableToRotate	16	static
../Core/Src/LCD_Driver.c:1053:6:drawCurrentBlock	16	static
../Core/Src/LCD_Driver.c:1082:6:eraseCurrentBlock	16	static
../Core/Src/LCD_Driver.c:1111:6:updateCurrentBlock	16	static
../Core/Src/LCD_Driver.c:1118:10:getCurrentYpos	4	static
../Core/Src/LCD_Driver.c:1122:10:updateYpos	4	static
../Core/Src/LCD_Driver.c:1127:6:updateXpos	16	static
../Core/Src/LCD_Driver.c:1136:5:isLeftFull	56	static
../Core/Src/LCD_Driver.c:1316:5:canMoveLeft	16	static
../Core/Src/LCD_Driver.c:1360:5:isRightFull	48	static
../Core/Src/LCD_Driver.c:1530:5:canMoveRight	16	static
../Core/Src/LCD_Driver.c:1588:5:isFull	24	static
../Core/Src/LCD_Driver.c:1727:5:updateTop	24	static
../Core/Src/LCD_Driver.c:1749:6:checkForTetris	48	static
../Core/Src/LCD_Driver.c:1796:6:shiftRowDown	40	static
../Core/Src/LCD_Driver.c:1823:6:moveBlockDown	8	static
../Core/Src/LCD_Driver.c:1829:6:moveBlockLeft	8	static
../Core/Src/LCD_Driver.c:1835:6:moveBlockRight	8	static
../Core/Src/LCD_Driver.c:1846:6:LCD_Error_Handler	4	static,ignoring_inline_asm
../Core/Src/LCD_Driver.c:1861:6:InitializeLCDTouch	8	static
../Core/Src/LCD_Driver.c:1869:18:returnTouchStateAndLocation	16	static
../Core/Src/LCD_Driver.c:1874:6:DetermineTouchPosition	16	static
../Core/Src/LCD_Driver.c:1879:9:ReadRegisterFromTouchModule	16	static
../Core/Src/LCD_Driver.c:1884:6:WriteDataToTouchModule	16	static
