../Core/Src/LCD_Driver.c:41:6:LCD_GPIO_Init	56	static
../Core/Src/LCD_Driver.c:124:6:LTCD_Layer_Init	72	static
../Core/Src/LCD_Driver.c:151:6:clearScreen	8	static
../Core/Src/LCD_Driver.c:156:6:LTCD__Init	8	static
../Core/Src/LCD_Driver.c:215:6:LCD_Draw_Pixel	16	static
../Core/Src/LCD_Driver.c:225:6:LCD_Draw_Circle_Fill	32	static
../Core/Src/LCD_Driver.c:239:6:LCD_Draw_Square_Fill	32	static
../Core/Src/LCD_Driver.c:250:6:LCD_Draw_Square_Fill_Border	24	static
../Core/Src/LCD_Driver.c:267:6:LCD_Erase_Square	24	static
../Core/Src/LCD_Driver.c:284:6:LCD_Draw_Vertical_Line	32	static
../Core/Src/LCD_Driver.c:292:6:LCD_Draw_Horizontal_Line	32	static
../Core/Src/LCD_Driver.c:300:6:LCD_Clear	24	static
../Core/Src/LCD_Driver.c:311:6:LCD_SetTextColor	16	static
../Core/Src/LCD_Driver.c:317:6:LCD_SetFont	16	static
../Core/Src/LCD_Driver.c:323:6:LCD_Draw_Char	24	static
../Core/Src/LCD_Driver.c:343:6:LCD_DisplayChar	16	static
../Core/Src/LCD_Driver.c:349:6:visualDemo	16	static
../Core/Src/LCD_Driver.c:402:6:GameInit	16	static
../Core/Src/LCD_Driver.c:491:6:drawBlockOne	24	static
../Core/Src/LCD_Driver.c:504:6:eraseBlockOne	24	static
../Core/Src/LCD_Driver.c:517:6:drawBlockTwo	32	static
../Core/Src/LCD_Driver.c:544:6:eraseBlockTwo	32	static
../Core/Src/LCD_Driver.c:571:6:drawBlockThree	32	static
../Core/Src/LCD_Driver.c:598:6:eraseBlockThree	32	static
../Core/Src/LCD_Driver.c:625:6:drawBlockFour	24	static
../Core/Src/LCD_Driver.c:632:6:eraseBlockFour	24	static
../Core/Src/LCD_Driver.c:639:6:drawBlockFive	24	static
../Core/Src/LCD_Driver.c:654:6:eraseBlockFive	24	static
../Core/Src/LCD_Driver.c:669:6:drawBlockSix	32	static
../Core/Src/LCD_Driver.c:697:6:eraseBlockSix	32	static
../Core/Src/LCD_Driver.c:725:6:drawBlockSeven	24	static
../Core/Src/LCD_Driver.c:740:6:eraseBlockSeven	24	static
../Core/Src/LCD_Driver.c:755:6:drawScreen	24	static
../Core/Src/LCD_Driver.c:769:6:rotateBlock	24	static
../Core/Src/LCD_Driver.c:819:6:updateCurrentBlock	16	static
../Core/Src/LCD_Driver.c:831:6:LCD_Error_Handler	4	static,ignoring_inline_asm
