../Core/Src/LCD_Driver.c:48:6:LCD_GPIO_Init	56	static
../Core/Src/LCD_Driver.c:131:6:LTCD_Layer_Init	72	static
../Core/Src/LCD_Driver.c:158:6:clearScreen	8	static
../Core/Src/LCD_Driver.c:163:6:LTCD__Init	8	static
../Core/Src/LCD_Driver.c:222:6:LCD_Draw_Pixel	16	static
../Core/Src/LCD_Driver.c:232:6:LCD_Draw_Circle_Fill	32	static
../Core/Src/LCD_Driver.c:247:6:LCD_Draw_Square_Fill	32	static
../Core/Src/LCD_Driver.c:259:6:LCD_Draw_Square_Fill_Border	24	static
../Core/Src/LCD_Driver.c:286:6:LCD_Erase_Square	24	static
../Core/Src/LCD_Driver.c:303:6:LCD_Draw_Vertical_Line	32	static
../Core/Src/LCD_Driver.c:311:6:LCD_Draw_Horizontal_Line	32	static
../Core/Src/LCD_Driver.c:319:6:LCD_Clear	24	static
../Core/Src/LCD_Driver.c:330:6:LCD_SetTextColor	16	static
../Core/Src/LCD_Driver.c:336:6:LCD_SetFont	16	static
../Core/Src/LCD_Driver.c:342:6:LCD_Draw_Char	24	static
../Core/Src/LCD_Driver.c:362:6:LCD_DisplayChar	16	static
../Core/Src/LCD_Driver.c:368:6:visualDemo	16	static
../Core/Src/LCD_Driver.c:422:6:GameInit	24	static
../Core/Src/LCD_Driver.c:500:6:gameStart	16	static
../Core/Src/LCD_Driver.c:516:6:screenReset	16	static
../Core/Src/LCD_Driver.c:526:6:gameOver	8	static
../Core/Src/LCD_Driver.c:600:6:totalGameTime	32	static
../Core/Src/LCD_Driver.c:633:6:drawBlockOne	24	static
../Core/Src/LCD_Driver.c:651:6:eraseBlockOne	32	static
../Core/Src/LCD_Driver.c:669:6:drawBlockTwo	32	static
../Core/Src/LCD_Driver.c:713:6:eraseBlockTwo	40	static
../Core/Src/LCD_Driver.c:757:6:drawBlockThree	32	static
../Core/Src/LCD_Driver.c:801:6:eraseBlockThree	40	static
../Core/Src/LCD_Driver.c:845:6:drawBlockFour	24	static
../Core/Src/LCD_Driver.c:857:6:eraseBlockFour	24	static
../Core/Src/LCD_Driver.c:869:6:drawBlockFive	24	static
../Core/Src/LCD_Driver.c:903:6:eraseBlockFive	32	static
../Core/Src/LCD_Driver.c:927:6:drawBlockSix	32	static
../Core/Src/LCD_Driver.c:972:6:eraseBlockSix	40	static
../Core/Src/LCD_Driver.c:1017:6:drawBlockSeven	24	static
../Core/Src/LCD_Driver.c:1051:6:eraseBlockSeven	32	static
../Core/Src/LCD_Driver.c:1075:6:drawBottomBorder	16	static
../Core/Src/LCD_Driver.c:1085:6:rotateBlock	24	static
../Core/Src/LCD_Driver.c:1136:5:ableToRotate	16	static
../Core/Src/LCD_Driver.c:1154:6:drawCurrentBlock	16	static
../Core/Src/LCD_Driver.c:1184:6:eraseCurrentBlock	16	static
../Core/Src/LCD_Driver.c:1214:6:updateCurrentBlock	16	static
../Core/Src/LCD_Driver.c:1222:10:getCurrentYpos	4	static
../Core/Src/LCD_Driver.c:1227:10:updateYpos	4	static
../Core/Src/LCD_Driver.c:1233:6:updateXpos	16	static
../Core/Src/LCD_Driver.c:1243:5:isLeftFull	56	static
../Core/Src/LCD_Driver.c:1424:5:canMoveLeft	16	static
../Core/Src/LCD_Driver.c:1469:5:isRightFull	48	static
../Core/Src/LCD_Driver.c:1640:5:canMoveRight	16	static
../Core/Src/LCD_Driver.c:1699:5:isFull	24	static
../Core/Src/LCD_Driver.c:1839:6:addSecond	4	static
../Core/Src/LCD_Driver.c:1844:5:updateTop	24	static
../Core/Src/LCD_Driver.c:1867:6:checkForTetris	64	static
../Core/Src/LCD_Driver.c:1939:6:shiftRowDown	40	static
../Core/Src/LCD_Driver.c:1967:6:moveBlockDown	8	static
../Core/Src/LCD_Driver.c:1974:6:moveBlockLeft	8	static
../Core/Src/LCD_Driver.c:1981:6:moveBlockRight	8	static
../Core/Src/LCD_Driver.c:1992:6:LCD_Error_Handler	4	static,ignoring_inline_asm
../Core/Src/LCD_Driver.c:2007:6:InitializeLCDTouch	8	static
../Core/Src/LCD_Driver.c:2015:18:returnTouchStateAndLocation	16	static
../Core/Src/LCD_Driver.c:2020:6:DetermineTouchPosition	16	static
../Core/Src/LCD_Driver.c:2025:9:ReadRegisterFromTouchModule	16	static
../Core/Src/LCD_Driver.c:2030:6:WriteDataToTouchModule	16	static
